 niii

 Timestamp is 60519e4f (Wed Mar 17 14:14:39 2021)

 Preferred load address is 10000000

 Start         Length     Name                   Class
 0001:00000000 0004e745H .textbss                DATA
 0002:00000000 000a79a0H .text$mn                CODE
 0002:000a79a0 00001217H .text$x                 CODE
 0003:00000000 00000104H .CRT$XCA                DATA
 0003:00000104 00000104H .CRT$XCZ                DATA
 0003:00000208 00000104H .CRT$XIA                DATA
 0003:0000030c 00000110H .CRT$XIC                DATA
 0003:0000041c 00000104H .CRT$XIZ                DATA
 0003:00000520 00000104H .CRT$XPA                DATA
 0003:00000624 0000010cH .CRT$XPX                DATA
 0003:00000730 00000104H .CRT$XPXA               DATA
 0003:00000834 00000104H .CRT$XPZ                DATA
 0003:00000938 00000104H .CRT$XTA                DATA
 0003:00000a3c 00000104H .CRT$XTZ                DATA
 0003:00000b40 00023494H .rdata                  DATA
 0003:00023fd4 00000444H .rdata$r                DATA
 0003:00024418 0000017cH .rdata$zzzdbg           DATA
 0003:00024594 00000104H .rtc$IAA                DATA
 0003:00024698 00000110H .rtc$IMZ                DATA
 0003:000247a8 00000104H .rtc$IZZ                DATA
 0003:000248ac 00000104H .rtc$TAA                DATA
 0003:000249b0 00000110H .rtc$TMZ                DATA
 0003:00024ac0 00000108H .rtc$TZZ                DATA
 0003:00024bc8 00000f58H .xdata$x                DATA
 0003:00025b20 00000322H .edata                  DATA
 0004:00000000 00000c9cH .data                   DATA
 0004:00000c9c 00000264H .data$r                 DATA
 0004:00000f00 0000230cH .bss                    DATA
 0005:00000000 00000474H .idata$5                DATA
 0005:00000474 00000078H .idata$2                DATA
 0005:000004ec 00000014H .idata$3                DATA
 0005:00000500 00000474H .idata$4                DATA
 0005:00000974 0000107eH .idata$6                DATA
 0006:00000000 0000014aH .msvcjmc                DATA
 0007:00000000 00000104H .00cfg                  DATA
 0008:00000000 00000170H .rsrc$01                DATA
 0008:00000170 00000293H .rsrc$02                DATA

  Address         Publics by Value              Rva+Base       Lib:Object

 0000:00000000       ___hybrid_code_map         00000000     <absolute>
 0000:00000000       ___guard_fids_table        00000000     <absolute>
 0000:00000000       ___guard_fids_count        00000000     <absolute>
 0000:00000000       ___hybrid_auxiliary_iat    00000000     <absolute>
 0000:00000000       ___guard_longjmp_table     00000000     <absolute>
 0000:00000000       ___guard_iat_table         00000000     <absolute>
 0000:00000000       ___volatile_metadata       00000000     <absolute>
 0000:00000000       ___guard_iat_count         00000000     <absolute>
 0000:00000000       __except_list              00000000     <absolute>
 0000:00000000       ___safe_se_handler_table   00000000     <absolute>
 0000:00000000       ___dynamic_value_reloc_table 00000000     <absolute>
 0000:00000000       ___enclave_config          00000000     <absolute>
 0000:00000000       ___hybrid_code_map_count   00000000     <absolute>
 0000:00000000       ___safe_se_handler_count   00000000     <absolute>
 0000:00000000       ___guard_longjmp_count     00000000     <absolute>
 0000:00000100       ___guard_flags             00000100     <absolute>
 0000:00000000       ___ImageBase               10000000     <linker-defined>
 0001:00000000       __enc$textbss$begin        10001000     <linker-defined>
 0001:0004e745       __enc$textbss$end          1004f745     <linker-defined>
 0002:00006720       __JustMyCode_Default       10056720 f i charmmod.obj
 0002:00006730       _drmodtrack_add_custom_data 10056730 f   charmmod.obj
 0002:000067b0       _drmodtrack_dump           100567b0 f   charmmod.obj
 0002:000068e0       _drmodtrack_dump_buf       100568e0 f   charmmod.obj
 0002:00006cc0       _drmodtrack_exit           10056cc0 f   charmmod.obj
 0002:00006d60       _drmodtrack_init           10056d60 f   charmmod.obj
 0002:00006eb0       _drmodtrack_lookup         10056eb0 f   charmmod.obj
 0002:000072c0       _drmodtrack_offline_exit   100572c0 f   charmmod.obj
 0002:000073f0       _drmodtrack_offline_lookup 100573f0 f   charmmod.obj
 0002:00007590       _drmodtrack_offline_read   10057590 f   charmmod.obj
 0002:00007dc0       _drmodtrack_offline_write  10057dc0 f   charmmod.obj
 0002:0000a240       ?cleaup_dynamorio@@YAXXZ   1005a240 f   niii.obj
 0002:0000a2d0       ?d_r_parse_int@@YAPBDPBDPA_KII_N@Z 1005a2d0 f   niii.obj
 0002:0000a550       ?d_r_strtoul@@YAKPBDPAPADH@Z 1005a550 f   niii.obj
 0002:0000b940       ?finish_dynamorio@@YAXXZ   1005b940 f   niii.obj
 0002:0000bfe0       ?func_track_dump@@YA?AW4niii_status_t@@PAXPAU_MyThreadData@@@Z 1005bfe0 f   niii.obj
 0002:0000e360       _dr_client_main            1005e360 f   niii.obj
 0002:0000e6d0       _charmtable_alloc          1005e6d0 f   charmtable.obj
 0002:0000f5a0       _charmtable_create         1005f5a0 f   charmtable.obj
 0002:0000f7c0       _charmtable_destroy        1005f7c0 f   charmtable.obj
 0002:0000f930       _charmtable_dump_entries   1005f930 f   charmtable.obj
 0002:0000fcd0       _charmtable_get_entry      1005fcd0 f   charmtable.obj
 0002:0000fe00       _charmtable_get_index      1005fe00 f   charmtable.obj
 0002:0000ff40       _charmtable_iterate        1005ff40 f   charmtable.obj
 0002:00010150       _charmtable_lock           10060150 f   charmtable.obj
 0002:00010250       _charmtable_num_entries    10060250 f   charmtable.obj
 0002:00010340       _charmtable_unlock         10060340 f   charmtable.obj
 0002:00010432       _drx_init                  10060432 f   drx:drx.dll
 0002:00010438       _drx_exit                  10060438 f   drx:drx.dll
 0002:0001043e       _drx_open_unique_appid_file 1006043e f   drx:drx.dll
 0002:00010444       _drreg_exit                10060444 f   drreg:drreg.dll
 0002:0001044a       _drmgr_init                1006044a f   drmgr:drmgr.dll
 0002:00010450       _drmgr_exit                10060450 f   drmgr:drmgr.dll
 0002:00010456       _drmgr_register_tls_field  10060456 f   drmgr:drmgr.dll
 0002:0001045c       _drmgr_unregister_tls_field 1006045c f   drmgr:drmgr.dll
 0002:00010462       _drmgr_get_tls_field       10060462 f   drmgr:drmgr.dll
 0002:00010468       _drmgr_set_tls_field       10060468 f   drmgr:drmgr.dll
 0002:0001046e       _drmgr_register_thread_init_event 1006046e f   drmgr:drmgr.dll
 0002:00010474       _drmgr_register_thread_exit_event 10060474 f   drmgr:drmgr.dll
 0002:0001047a       _drmgr_register_module_load_event 1006047a f   drmgr:drmgr.dll
 0002:00010480       _drmgr_register_module_unload_event 10060480 f   drmgr:drmgr.dll
 0002:00010486       _drmgr_register_bb_instrumentation_event 10060486 f   drmgr:drmgr.dll
 0002:0001048c       _drmgr_register_exception_event 1006048c f   drmgr:drmgr.dll
 0002:000104a0       _drvector_init             100604a0 f   drcontainers:drvector.obj
 0002:00010510       _drvector_get_entry        10060510 f   drcontainers:drvector.obj
 0002:00010580       _drvector_set_entry        10060580 f   drcontainers:drvector.obj
 0002:00010620       _drvector_append           10060620 f   drcontainers:drvector.obj
 0002:000106d0       _drvector_delete           100606d0 f   drcontainers:drvector.obj
 0002:000107b0       _drvector_lock             100607b0 f   drcontainers:drvector.obj
 0002:000107d0       _drvector_unlock           100607d0 f   drcontainers:drvector.obj
 0002:00010948       _drwrap_init               10060948 f   drwrap:drwrap.dll
 0002:0001094e       _drwrap_wrap_ex            1006094e f   drwrap:drwrap.dll
 0002:00010954       _drwrap_get_drcontext      10060954 f   drwrap:drwrap.dll
 0002:0001095a       _drwrap_get_func           1006095a f   drwrap:drwrap.dll
 0002:00010960       _drwrap_get_arg            10060960 f   drwrap:drwrap.dll
 0002:00010966       _drwrap_get_retval         10060966 f   drwrap:drwrap.dll
 0002:0001096c       _memset                    1006096c f   dynamorio:dynamorio.dll
 0002:00010972       _strchr                    10060972 f   dynamorio:dynamorio.dll
 0002:00010978       _strcmp                    10060978 f   dynamorio:dynamorio.dll
 0002:0001097e       __stricmp                  1006097e f   dynamorio:dynamorio.dll
 0002:00010984       _strlen                    10060984 f   dynamorio:dynamorio.dll
 0002:0001098a       _dr_abort                  1006098a f   dynamorio:dynamorio.dll
 0002:00010990       _dr_thread_alloc           10060990 f   dynamorio:dynamorio.dll
 0002:00010996       _dr_thread_free            10060996 f   dynamorio:dynamorio.dll
 0002:0001099c       _dr_global_alloc           1006099c f   dynamorio:dynamorio.dll
 0002:000109a2       _dr_global_free            100609a2 f   dynamorio:dynamorio.dll
 0002:000109a8       _dr_atomic_add32_return_sum 100609a8 f   dynamorio:dynamorio.dll
 0002:000109ae       _dr_copy_module_data       100609ae f   dynamorio:dynamorio.dll
 0002:000109b4       _dr_free_module_data       100609b4 f   dynamorio:dynamorio.dll
 0002:000109ba       _dr_module_preferred_name  100609ba f   dynamorio:dynamorio.dll
 0002:000109c0       _dr_write_file             100609c0 f   dynamorio:dynamorio.dll
 0002:000109c6       _dr_file_size              100609c6 f   dynamorio:dynamorio.dll
 0002:000109cc       _dr_map_file               100609cc f   dynamorio:dynamorio.dll
 0002:000109d2       _dr_unmap_file             100609d2 f   dynamorio:dynamorio.dll
 0002:000109d8       _dr_messagebox             100609d8 f   dynamorio:dynamorio.dll
 0002:000109de       _dr_printf                 100609de f   dynamorio:dynamorio.dll
 0002:000109e4       _dr_snprintf               100609e4 f   dynamorio:dynamorio.dll
 0002:000109ea       _dr_sscanf                 100609ea f   dynamorio:dynamorio.dll
 0002:000109f0       _memcpy                    100609f0 f   dynamorio:dynamorio.dll
 0002:000109f6       _strncpy                   100609f6 f   dynamorio:dynamorio.dll
 0002:000109fc       _dr_register_exit_event    100609fc f   dynamorio:dynamorio.dll
 0002:00010a02       _dr_register_trace_event   10060a02 f   dynamorio:dynamorio.dll
 0002:00010a08       _dr_register_nudge_event   10060a08 f   dynamorio:dynamorio.dll
 0002:00010a0e       _dr_using_all_private_caches 10060a0e f   dynamorio:dynamorio.dll
 0002:00010a14       _dr_get_integer_option     10060a14 f   dynamorio:dynamorio.dll
 0002:00010a1a       _dr_set_client_name        10060a1a f   dynamorio:dynamorio.dll
 0002:00010a20       _dr_get_process_id         10060a20 f   dynamorio:dynamorio.dll
 0002:00010a26       _dr_get_milliseconds       10060a26 f   dynamorio:dynamorio.dll
 0002:00010a2c       _dr_exit_process           10060a2c f   dynamorio:dynamorio.dll
 0002:00010a32       _dr_safe_read              10060a32 f   dynamorio:dynamorio.dll
 0002:00010a38       _dr_get_proc_address       10060a38 f   dynamorio:dynamorio.dll
 0002:00010a3e       _dr_close_file             10060a3e f   dynamorio:dynamorio.dll
 0002:00010a44       _dr_log                    10060a44 f   dynamorio:dynamorio.dll
 0002:00010a4a       _dr_get_stderr_file        10060a4a f   dynamorio:dynamorio.dll
 0002:00010a50       _dr_fprintf                10060a50 f   dynamorio:dynamorio.dll
 0002:00010a56       _dr_enable_console_printing 10060a56 f   dynamorio:dynamorio.dll
 0002:00010a5c       _dr_get_current_drcontext  10060a5c f   dynamorio:dynamorio.dll
 0002:00010a62       _dr_get_thread_id          10060a62 f   dynamorio:dynamorio.dll
 0002:00010a68       _dr_suspend_all_other_threads_ex 10060a68 f   dynamorio:dynamorio.dll
 0002:00010a6e       _dr_resume_all_other_threads 10060a6e f   dynamorio:dynamorio.dll
 0002:00010a74       _dr_fragment_app_pc        10060a74 f   dynamorio:dynamorio.dll
 0002:00010a7a       _instr_get_next_app        10060a7a f   dynamorio:dynamorio.dll
 0002:00010a80       _instr_length              10060a80 f   dynamorio:dynamorio.dll
 0002:00010a86       _instr_get_app_pc          10060a86 f   dynamorio:dynamorio.dll
 0002:00010a8c       _instr_is_call_direct      10060a8c f   dynamorio:dynamorio.dll
 0002:00010a92       _instr_is_call_indirect    10060a92 f   dynamorio:dynamorio.dll
 0002:00010a98       _instr_is_return           10060a98 f   dynamorio:dynamorio.dll
 0002:00010a9e       _instr_is_cti              10060a9e f   dynamorio:dynamorio.dll
 0002:00010aa4       _dr_insert_call_instrumentation 10060aa4 f   dynamorio:dynamorio.dll
 0002:00010aaa       _dr_insert_mbr_instrumentation 10060aaa f   dynamorio:dynamorio.dll
 0002:00010ab0       _decode_as_bb              10060ab0 f   dynamorio:dynamorio.dll
 0002:00010ab6       _instrlist_clear_and_destroy 10060ab6 f   dynamorio:dynamorio.dll
 0002:00010abc       _instrlist_first_app       10060abc f   dynamorio:dynamorio.dll
 0002:00010ac2       _instrlist_last            10060ac2 f   dynamorio:dynamorio.dll
 0002:00010ac8       __allmul                   10060ac8 f   dynamorio:dynamorio.dll
 0002:00010ace       _dr_nonheap_alloc          10060ace f   dynamorio:dynamorio.dll
 0002:00010ad4       _dr_nonheap_free           10060ad4 f   dynamorio:dynamorio.dll
 0002:00010ada       _dr_raw_mem_alloc          10060ada f   dynamorio:dynamorio.dll
 0002:00010ae0       _dr_raw_mem_free           10060ae0 f   dynamorio:dynamorio.dll
 0002:00010ae6       _dr_page_size              10060ae6 f   dynamorio:dynamorio.dll
 0002:00010aec       _dr_mutex_create           10060aec f   dynamorio:dynamorio.dll
 0002:00010af2       _dr_mutex_destroy          10060af2 f   dynamorio:dynamorio.dll
 0002:00010af8       _dr_mutex_lock             10060af8 f   dynamorio:dynamorio.dll
 0002:00010afe       _dr_mutex_unlock           10060afe f   dynamorio:dynamorio.dll
 0002:00010b10       @_RTC_AllocaHelper@12      10060b10 f   LIBCMTD:stack.obj
 0002:00010b50       @_RTC_CheckStackVars2@12   10060b50 f   LIBCMTD:stack.obj
 0002:00010c70       @_RTC_CheckStackVars@8     10060c70 f   LIBCMTD:stack.obj
 0002:00010cf0       __RTC_CheckEsp             10060cf0 f   LIBCMTD:stack.obj
 0002:00010d30       @__CheckForDebuggerJustMyCode@4 10060d30 f   LIBCMTD:debugger_jmc.obj
 0002:00010d80       @__security_check_cookie@4 10060d80 f   LIBCMTD:secchk.obj
 0002:00010da0       __CRT_RTC_INIT             10060da0 f   LIBCMTD:init.obj
 0002:00010db0       __CRT_RTC_INITW            10060db0 f   LIBCMTD:init.obj
 0002:00010dc0       __RTC_InitBase             10060dc0 f   LIBCMTD:init.obj
 0002:00010e00       __RTC_Shutdown             10060e00 f   LIBCMTD:init.obj
 0002:00010e20       ___raise_securityfailure   10060e20 f   LIBCMTD:gs_report.obj
 0002:00010e60       ___report_gsfailure        10060e60 f   LIBCMTD:gs_report.obj
 0002:00010fb0       ___report_rangecheckfailure 10060fb0 f   LIBCMTD:gs_report.obj
 0002:00010fc0       ___report_securityfailure  10060fc0 f   LIBCMTD:gs_report.obj
 0002:000110d0       ___report_securityfailureEx 100610d0 f   LIBCMTD:gs_report.obj
 0002:00011800       __CRT_INIT@12              10061800 f   LIBCMTD:dll_dllmain.obj
 0002:00011820       __DllMainCRTStartup@12     10061820 f   LIBCMTD:dll_dllmain.obj
 0002:00011900       ?_RTC_AllocaFailure@@YAXPAXPAU_RTC_ALLOCA_NODE@@H@Z 10061900 f   LIBCMTD:error.obj
 0002:00011a20       ?_RTC_Failure@@YAXPAXH@Z   10061a20 f   LIBCMTD:error.obj
 0002:00011a90       ?_RTC_StackFailure@@YAXPAXPBD@Z 10061a90 f   LIBCMTD:error.obj
 0002:00011f40       __RTC_UninitUse            10061f40 f   LIBCMTD:error.obj
 0002:00012020       ___local_stdio_printf_options 10062020 f i LIBCMTD:error.obj
 0002:00012030       __vsprintf_s_l             10062030 f i LIBCMTD:error.obj
 0002:00012070       _sprintf_s                 10062070 f i LIBCMTD:error.obj
 0002:000120a0       ?_RTC_GetErrorFunc@@YAP6AHHPBDH00ZZPBX@Z 100620a0 f   LIBCMTD:userapi.obj
 0002:000120b0       ?_RTC_GetErrorFuncW@@YAP6AHHPB_WH00ZZPBX@Z 100620b0 f   LIBCMTD:userapi.obj
 0002:000120c0       __RTC_GetErrDesc           100620c0 f   LIBCMTD:userapi.obj
 0002:000120e0       __RTC_NumErrors            100620e0 f   LIBCMTD:userapi.obj
 0002:000120f0       __RTC_SetErrorFunc         100620f0 f   LIBCMTD:userapi.obj
 0002:00012120       __RTC_SetErrorFuncW        10062120 f   LIBCMTD:userapi.obj
 0002:00012150       __RTC_SetErrorType         10062150 f   LIBCMTD:userapi.obj
 0002:00012210       ___security_init_cookie    10062210 f   LIBCMTD:gs_support.obj
 0002:000122b0       _DllMain@12                100622b0 f   LIBCMTD:dll_dllmain_stub.obj
 0002:000122c0       ?__scrt_initialize_type_info@@YAXXZ 100622c0 f   LIBCMTD:tncleanup.obj
 0002:000122e0       ?__scrt_uninitialize_type_info@@YAXXZ 100622e0 f   LIBCMTD:tncleanup.obj
 0002:00012300       ___local_stdio_scanf_options 10062300 f i LIBCMTD:default_local_stdio_options.obj
 0002:00012310       ___scrt_initialize_default_local_stdio_options 10062310 f   LIBCMTD:default_local_stdio_options.obj
 0002:00012360       ??$__crt_fast_decode_pointer@PAP6AXXZ@@YAPAP6AXXZQAP6AXXZ@Z 10062360 f i LIBCMTD:utility.obj
 0002:00012390       ??$__crt_fast_encode_pointer@PAP6AXXZ@@YAPAP6AXXZQAP6AXXZ@Z 10062390 f i LIBCMTD:utility.obj
 0002:000123d0       ?__crt_rotate_pointer_value@@YAIIH@Z 100623d0 f i LIBCMTD:utility.obj
 0002:000123e0       ?configure_argv@__scrt_narrow_argv_policy@@SAHXZ 100623e0 f i LIBCMTD:utility.obj
 0002:000124b0       ?initialize_environment@__scrt_narrow_environment_policy@@SAHXZ 100624b0 f i LIBCMTD:utility.obj
 0002:00012550       _NtCurrentTeb              10062550 f i LIBCMTD:utility.obj
 0002:00012560       ___scrt_acquire_startup_lock 10062560 f   LIBCMTD:utility.obj
 0002:000125c0       ___scrt_dllmain_after_initialize_c 100625c0 f   LIBCMTD:utility.obj
 0002:00012600       ___scrt_dllmain_before_initialize_c 10062600 f   LIBCMTD:utility.obj
 0002:00012630       ___scrt_dllmain_crt_thread_attach 10062630 f   LIBCMTD:utility.obj
 0002:00012670       ___scrt_dllmain_crt_thread_detach 10062670 f   LIBCMTD:utility.obj
 0002:00012690       ___scrt_dllmain_exception_filter 10062690 f   LIBCMTD:utility.obj
 0002:000126f0       ___scrt_dllmain_uninitialize_c 100626f0 f   LIBCMTD:utility.obj
 0002:00012730       ___scrt_dllmain_uninitialize_critical 10062730 f   LIBCMTD:utility.obj
 0002:00012750       ___scrt_initialize_crt     10062750 f   LIBCMTD:utility.obj
 0002:000127b0       ___scrt_initialize_onexit_tables 100627b0 f   LIBCMTD:utility.obj
 0002:000128d0       ___scrt_is_nonwritable_in_current_image 100628d0 f   LIBCMTD:utility.obj
 0002:00012a50       ___scrt_release_startup_lock 10062a50 f   LIBCMTD:utility.obj
 0002:00012a80       ___scrt_uninitialize_crt   10062a80 f   LIBCMTD:utility.obj
 0002:00012ad0       __onexit                   10062ad0 f   LIBCMTD:utility.obj
 0002:00012b60       _at_quick_exit             10062b60 f   LIBCMTD:utility.obj
 0002:00012bc0       _atexit                    10062bc0 f   LIBCMTD:utility.obj
 0002:00012c00       ___scrt_get_dyn_tls_init_callback 10062c00 f   LIBCMTD:dyn_tls_init.obj
 0002:00012c10       ___scrt_fastfail           10062c10 f   LIBCMTD:utility_desktop.obj
 0002:00012da0       ___scrt_get_show_window_mode 10062da0 f   LIBCMTD:utility_desktop.obj
 0002:00012df0       ___scrt_initialize_mta     10062df0 f   LIBCMTD:utility_desktop.obj
 0002:00012e00       ___scrt_initialize_winrt   10062e00 f   LIBCMTD:utility_desktop.obj
 0002:00012e10       ___scrt_is_managed_app     10062e10 f   LIBCMTD:utility_desktop.obj
 0002:00012ec0       ___scrt_set_unhandled_exception_filter 10062ec0 f   LIBCMTD:utility_desktop.obj
 0002:00012ee0       ___scrt_stub_for_initialize_mta 10062ee0 f   LIBCMTD:utility_desktop.obj
 0002:00012ee0       ___scrt_exe_initialize_mta 10062ee0 f   LIBCMTD:utility_desktop.obj
 0002:00012ef0       ___scrt_unhandled_exception_filter@4 10062ef0 f   LIBCMTD:utility_desktop.obj
 0002:00012f70       __crt_debugger_hook        10062f70 f   LIBCMTD:utility_desktop.obj
 0002:00012f90       __RTC_Initialize           10062f90 f   LIBCMTD:initsect.obj
 0002:00012fd0       __RTC_Terminate            10062fd0 f   LIBCMTD:initsect.obj
 0002:00013010       @_guard_check_icall_nop@4  10063010 f i LIBCMTD:guard_support.obj
 0002:00013020       _ReadNoFence               10063020 f i LIBCMTD:guard_support.obj
 0002:00013040       _ReadPointerNoFence        10063040 f i LIBCMTD:guard_support.obj
 0002:00013060       __guard_icall_checks_enforced 10063060 f i LIBCMTD:guard_support.obj
 0002:00013630       ?_RTC_GetSrcLine@@YAHPAEPA_WKPAH1K@Z 10063630 f   LIBCMTD:pdblkup.obj
 0002:00013aa0       __except_handler4_noexcept 10063aa0 f   LIBCMTD:chandler4_noexcept.obj
 0002:00013b00       ___isa_available_init      10063b00 f   LIBCMTD:cpu_disp.obj
 0002:00013e90       __get_startup_argv_mode    10063e90 f   LIBCMTD:argv_mode.obj
 0002:00013ea0       ___scrt_is_ucrt_dll_in_use 10063ea0 f   LIBCMTD:ucrt_detection.obj
 0002:00013f50       __except_handler4          10063f50 f   libvcruntimed:chandler4.obj
 0002:000141e0       ??$?RD@__crt_internal_free_policy@@QBEXQBD@Z 100641e0 f i libvcruntimed:std_type_info.obj
 0002:00014210       ??$?RX@__crt_internal_free_policy@@QBEXQBX@Z 10064210 f i libvcruntimed:std_type_info.obj
 0002:00014240       ??$__crt_interlocked_compare_exchange_pointer@$$CBDPAD$$T@@YAPBDPDSBDQAD$$T@Z 10064240 f i libvcruntimed:std_type_info.obj
 0002:00014260       ??$__crt_interlocked_read_pointer@$$CBD@@YAPBDPDSBD@Z 10064260 f i libvcruntimed:std_type_info.obj
 0002:00014280       ??0?$__crt_unique_heap_ptr@DU__crt_internal_free_policy@@@@QAE@QAD@Z 10064280 f i libvcruntimed:std_type_info.obj
 0002:000142a0       ??0?$__crt_unique_heap_ptr@XU__crt_internal_free_policy@@@@QAE@QAX@Z 100642a0 f i libvcruntimed:std_type_info.obj
 0002:000142c0       ??1?$__crt_unique_heap_ptr@DU__crt_internal_free_policy@@@@QAE@XZ 100642c0 f i libvcruntimed:std_type_info.obj
 0002:000142e0       ??1?$__crt_unique_heap_ptr@XU__crt_internal_free_policy@@@@QAE@XZ 100642e0 f i libvcruntimed:std_type_info.obj
 0002:00014340       ??B?$__crt_unique_heap_ptr@DU__crt_internal_free_policy@@@@QBE_NXZ 10064340 f i libvcruntimed:std_type_info.obj
 0002:00014360       ??B?$__crt_unique_heap_ptr@XU__crt_internal_free_policy@@@@QBE_NXZ 10064360 f i libvcruntimed:std_type_info.obj
 0002:000143e0       ?__crt_interlocked_read_32@@YAHPDH@Z 100643e0 f i libvcruntimed:std_type_info.obj
 0002:00014400       ?detach@?$__crt_unique_heap_ptr@XU__crt_internal_free_policy@@@@QAEPAXXZ 10064400 f i libvcruntimed:std_type_info.obj
 0002:00014430       ?get@?$__crt_unique_heap_ptr@DU__crt_internal_free_policy@@@@QBEPADXZ 10064430 f i libvcruntimed:std_type_info.obj
 0002:00014450       ?get@?$__crt_unique_heap_ptr@XU__crt_internal_free_policy@@@@QBEPAXXZ 10064450 f i libvcruntimed:std_type_info.obj
 0002:00014470       ?is_valid@?$__crt_unique_heap_ptr@DU__crt_internal_free_policy@@@@QBE_NXZ 10064470 f i libvcruntimed:std_type_info.obj
 0002:000144b0       ?is_valid@?$__crt_unique_heap_ptr@XU__crt_internal_free_policy@@@@QBE_NXZ 100644b0 f i libvcruntimed:std_type_info.obj
 0002:000144f0       ?release@?$__crt_unique_heap_ptr@DU__crt_internal_free_policy@@@@QAEXXZ 100644f0 f i libvcruntimed:std_type_info.obj
 0002:00014520       ?release@?$__crt_unique_heap_ptr@XU__crt_internal_free_policy@@@@QAEXXZ 10064520 f i libvcruntimed:std_type_info.obj
 0002:00014550       ___std_type_info_compare   10064550 f   libvcruntimed:std_type_info.obj
 0002:00014580       ___std_type_info_destroy_list 10064580 f   libvcruntimed:std_type_info.obj
 0002:000145d0       ___std_type_info_hash      100645d0 f   libvcruntimed:std_type_info.obj
 0002:00014640       ___std_type_info_name      10064640 f   libvcruntimed:std_type_info.obj
 0002:000148a0       ___vcrt_initialize         100648a0 f   libvcruntimed:initialization.obj
 0002:000148f0       ___vcrt_thread_attach      100648f0 f   libvcruntimed:initialization.obj
 0002:00014910       ___vcrt_thread_detach      10064910 f   libvcruntimed:initialization.obj
 0002:00014930       ___vcrt_uninitialize       10064930 f   libvcruntimed:initialization.obj
 0002:00014960       ___vcrt_uninitialize_critical 10064960 f   libvcruntimed:initialization.obj
 0002:00014980       ___vcrt_GetModuleFileNameW 10064980 f   libvcruntimed:winapi_thunks.obj
 0002:000149a0       ___vcrt_GetModuleHandleW   100649a0 f   libvcruntimed:winapi_thunks.obj
 0002:000149c0       ___vcrt_LoadLibraryExW     100649c0 f   libvcruntimed:winapi_thunks.obj
 0002:000149e0       __local_unwind4            100649e0 f   libvcruntimed:exsup4.obj
 0002:00014ab8       __seh_longjmp_unwind4@4    10064ab8 f   libvcruntimed:exsup4.obj
 0002:00014ae0       @_EH4_CallFilterFunc@8     10064ae0 f   libvcruntimed:exsup4.obj
 0002:00014af8       @_EH4_TransferToHandler@8  10064af8 f   libvcruntimed:exsup4.obj
 0002:00014b14       @_EH4_GlobalUnwind2@8      10064b14 f   libvcruntimed:exsup4.obj
 0002:00014b30       @_EH4_LocalUnwind@16       10064b30 f   libvcruntimed:exsup4.obj
 0002:00014bb0       ___except_validate_context_record 10064bb0 f   libvcruntimed:jbcxrval.obj
 0002:00014c10       ___except_validate_jump_buffer 10064c10 f   libvcruntimed:jbcxrval.obj
 0002:00014c30       ___except_validate_jump_buffer_common 10064c30 f i libvcruntimed:jbcxrval.obj
 0002:00014ca0       ??0Block@_HeapManager@@QAE@XZ 10064ca0 f i libvcruntimed:undname.obj
 0002:00014cc0       ??0DName@@QAE@AAPBDD@Z     10064cc0 f   libvcruntimed:undname.obj
 0002:00014f70       ??0DName@@QAE@ABV0@@Z      10064f70 f i libvcruntimed:undname.obj
 0002:00014fa0       ??0DName@@QAE@D@Z          10064fa0 f   libvcruntimed:undname.obj
 0002:00014ff0       ??0DName@@QAE@PAV0@@Z      10064ff0 f   libvcruntimed:undname.obj
 0002:000150d0       ??0DName@@QAE@PBD@Z        100650d0 f   libvcruntimed:undname.obj
 0002:00015140       ??0DName@@QAE@W4DNameStatus@@@Z 10065140 f   libvcruntimed:undname.obj
 0002:00015200       ??0DName@@QAE@XZ           10065200 f i libvcruntimed:undname.obj
 0002:00015230       ??0DName@@QAE@_J@Z         10065230 f   libvcruntimed:undname.obj
 0002:00015350       ??0DName@@QAE@_K@Z         10065350 f   libvcruntimed:undname.obj
 0002:00015420       ??0DNameNode@@IAE@XZ       10065420 f i libvcruntimed:undname.obj
 0002:00015440       ??0Replicator@@QAE@XZ      10065440 f i libvcruntimed:undname.obj
 0002:00015490       ??0UnDecorator@@QAE@PBDP6APADJ@ZK@Z 10065490 f i libvcruntimed:undname.obj
 0002:00015530       ??0charNode@@QAE@D@Z       10065530 f i libvcruntimed:undname.obj
 0002:00015570       ??0pDNameNode@@QAE@PAVDName@@@Z 10065570 f   libvcruntimed:undname.obj
 0002:000155f0       ??0pairNode@@QAE@PBVDNameNode@@0@Z 100655f0 f i libvcruntimed:undname.obj
 0002:00015640       ??0pcharNode@@QAE@PBDH@Z   10065640 f   libvcruntimed:undname.obj
 0002:00015720       ??2@YAPAXIAAV_HeapManager@@H@Z 10065720 f i libvcruntimed:undname.obj
 0002:00015740       ??4DName@@QAEAAV0@ABV0@@Z  10065740 f   libvcruntimed:undname.obj
 0002:00015770       ??4DName@@QAEAAV0@D@Z      10065770 f i libvcruntimed:undname.obj
 0002:000157c0       ??4DName@@QAEAAV0@PAV0@@Z  100657c0 f   libvcruntimed:undname.obj
 0002:00015880       ??4DName@@QAEAAV0@PBD@Z    10065880 f   libvcruntimed:undname.obj
 0002:000158d0       ??4DName@@QAEAAV0@W4DNameStatus@@@Z 100658d0 f   libvcruntimed:undname.obj
 0002:00015970       ??AReplicator@@QBE?AVDName@@H@Z 10065970 f   libvcruntimed:undname.obj
 0002:000159f0       ??H@YA?AVDName@@DABV0@@Z   100659f0 f i libvcruntimed:undname.obj
 0002:00015a30       ??H@YA?AVDName@@PBDABV0@@Z 10065a30 f i libvcruntimed:undname.obj
 0002:00015a70       ??H@YA?AVDName@@W4DNameStatus@@ABV0@@Z 10065a70 f i libvcruntimed:undname.obj
 0002:00015ab0       ??HDName@@QBE?AV0@ABV0@@Z  10065ab0 f   libvcruntimed:undname.obj
 0002:00015b00       ??HDName@@QBE?AV0@D@Z      10065b00 f   libvcruntimed:undname.obj
 0002:00015b50       ??HDName@@QBE?AV0@PAV0@@Z  10065b50 f   libvcruntimed:undname.obj
 0002:00015ba0       ??HDName@@QBE?AV0@PBD@Z    10065ba0 f   libvcruntimed:undname.obj
 0002:00015bf0       ??HDName@@QBE?AV0@W4DNameStatus@@@Z 10065bf0 f   libvcruntimed:undname.obj
 0002:00015c40       ??YDName@@QAEAAV0@ABV0@@Z  10065c40 f   libvcruntimed:undname.obj
 0002:00015cd0       ??YDName@@QAEAAV0@D@Z      10065cd0 f   libvcruntimed:undname.obj
 0002:00015d70       ??YDName@@QAEAAV0@PAV0@@Z  10065d70 f   libvcruntimed:undname.obj
 0002:00015e60       ??YDName@@QAEAAV0@PBD@Z    10065e60 f   libvcruntimed:undname.obj
 0002:00015f20       ??YDName@@QAEAAV0@W4DNameStatus@@@Z 10065f20 f   libvcruntimed:undname.obj
 0002:00015fa0       ??YReplicator@@QAEAAV0@ABVDName@@@Z 10065fa0 f   libvcruntimed:undname.obj
 0002:00016050       ??_5DName@@QAEAAV0@ABV0@@Z 10066050 f   libvcruntimed:undname.obj
 0002:000160c0       ?Constructor@_HeapManager@@QAEXP6APAXI@ZP6AXPAX@Z@Z 100660c0 f i libvcruntimed:undname.obj
 0002:00016110       ?Destructor@_HeapManager@@QAEXXZ 10066110 f i libvcruntimed:undname.obj
 0002:00016190       ?UScore@UnDecorator@@SAPBDW4Tokens@@@Z 10066190 f   libvcruntimed:undname.obj
 0002:000161d0       ?append@DName@@AAEXPBVDNameNode@@@Z 100661d0 f   libvcruntimed:undname.obj
 0002:00016280       ?composeDeclaration@UnDecorator@@CA?AVDName@@ABV2@@Z 10066280 f i libvcruntimed:undname.obj
 0002:00018970       ?dbGetString@DName@@QBEPADXZ 10068970 f   libvcruntimed:undname.obj
 0002:000189a0       ?doAccessSpecifiers@UnDecorator@@SAHXZ 100689a0 f i libvcruntimed:undname.obj
 0002:000189d0       ?doAllocationLanguage@UnDecorator@@SAHXZ 100689d0 f i libvcruntimed:undname.obj
 0002:00018a00       ?doAllocationModel@UnDecorator@@SAHXZ 10068a00 f i libvcruntimed:undname.obj
 0002:00018a30       ?doEcsu@UnDecorator@@SAHXZ 10068a30 f i libvcruntimed:undname.obj
 0002:00018a60       ?doEllipsis@UnDecorator@@SAHXZ 10068a60 f i libvcruntimed:undname.obj
 0002:00018a90       ?doFunctionReturns@UnDecorator@@SAHXZ 10068a90 f i libvcruntimed:undname.obj
 0002:00018ac0       ?doMSKeywords@UnDecorator@@SAHXZ 10068ac0 f i libvcruntimed:undname.obj
 0002:00018af0       ?doMemberTypes@UnDecorator@@SAHXZ 10068af0 f i libvcruntimed:undname.obj
 0002:00018b20       ?doNameOnly@UnDecorator@@SAHXZ 10068b20 f i libvcruntimed:undname.obj
 0002:00018b40       ?doNoIdentCharCheck@UnDecorator@@SAHXZ 10068b40 f i libvcruntimed:undname.obj
 0002:00018b60       ?doPchar@DName@@AAEXPBDH@Z 10068b60 f   libvcruntimed:undname.obj
 0002:00018cf0       ?doPtr64@UnDecorator@@SAHXZ 10068cf0 f i libvcruntimed:undname.obj
 0002:00018d20       ?doRestrictionSpec@UnDecorator@@SAHXZ 10068d20 f i libvcruntimed:undname.obj
 0002:00018d50       ?doThisTypes@UnDecorator@@SAHXZ 10068d50 f i libvcruntimed:undname.obj
 0002:00018d90       ?doThrowTypes@UnDecorator@@SAHXZ 10068d90 f i libvcruntimed:undname.obj
 0002:00018dc0       ?doTypeOnly@UnDecorator@@SAHXZ 10068dc0 f i libvcruntimed:undname.obj
 0002:00018de0       ?doUnderScore@UnDecorator@@SAHXZ 10068de0 f i libvcruntimed:undname.obj
 0002:00018e10       ?getArgumentList@UnDecorator@@CA?AVDName@@XZ 10068e10 f   libvcruntimed:undname.obj
 0002:00018fb0       ?getArgumentTypes@UnDecorator@@CA?AVDName@@XZ 10068fb0 f   libvcruntimed:undname.obj
 0002:00019150       ?getArrayType@UnDecorator@@CA?AVDName@@ABV2@@Z 10069150 f i libvcruntimed:undname.obj
 0002:00019470       ?getBasedType@UnDecorator@@CA?AVDName@@XZ 10069470 f   libvcruntimed:undname.obj
 0002:00019570       ?getBasicDataType@UnDecorator@@CA?AVDName@@ABV2@@Z 10069570 f   libvcruntimed:undname.obj
 0002:00019d10       ?getCHPEName@UnDecorator@@QAEPADPADH@Z 10069d10 f i libvcruntimed:undname.obj
 0002:00019ed0       ?getCallIndex@UnDecorator@@CA?AVDName@@XZ 10069ed0 f i libvcruntimed:undname.obj
 0002:00019ef0       ?getCallingConvention@UnDecorator@@CA?AVDName@@XZ 10069ef0 f   libvcruntimed:undname.obj
 0002:0001a190       ?getDataIndirectType@UnDecorator@@CA?AVDName@@ABV2@PBD0H@Z 1006a190 f   libvcruntimed:undname.obj
 0002:0001acd0       ?getDataIndirectType@UnDecorator@@CA?AVDName@@XZ 1006acd0 f i libvcruntimed:undname.obj
 0002:0001ad20       ?getDataType@UnDecorator@@CA?AVDName@@PAV2@@Z 1006ad20 f   libvcruntimed:undname.obj
 0002:0001ae90       ?getDecoratedName@UnDecorator@@CA?AVDName@@XZ 1006ae90 f   libvcruntimed:undname.obj
 0002:0001b3c0       ?getDimension@UnDecorator@@CA?AVDName@@_N@Z 1006b3c0 f   libvcruntimed:undname.obj
 0002:0001b720       ?getDispatchTarget@UnDecorator@@CA?AVDName@@XZ 1006b720 f   libvcruntimed:undname.obj
 0002:0001b7f0       ?getDisplacement@UnDecorator@@CA?AVDName@@XZ 1006b7f0 f i libvcruntimed:undname.obj
 0002:0001b810       ?getECSUDataType@UnDecorator@@CA?AVDName@@XZ 1006b810 f   libvcruntimed:undname.obj
 0002:0001ba60       ?getECSUName@UnDecorator@@CA?AVDName@@XZ 1006ba60 f i libvcruntimed:undname.obj
 0002:0001ba80       ?getEnumType@UnDecorator@@CA?AVDName@@XZ 1006ba80 f i libvcruntimed:undname.obj
 0002:0001bc20       ?getExtendedDataIndirectType@UnDecorator@@CA?AVDName@@AAPBDAA_NH@Z 1006bc20 f   libvcruntimed:undname.obj
 0002:0001bf10       ?getExternalDataType@UnDecorator@@CA?AVDName@@ABV2@@Z 1006bf10 f i libvcruntimed:undname.obj
 0002:0001bfe0       ?getFunctionIndirectType@UnDecorator@@CA?AVDName@@ABV2@@Z 1006bfe0 f   libvcruntimed:undname.obj
 0002:0001c680       ?getGuardNumber@UnDecorator@@CA?AVDName@@XZ 1006c680 f i libvcruntimed:undname.obj
 0002:0001c6a0       ?getLastChar@DName@@QBEDXZ 1006c6a0 f i libvcruntimed:undname.obj
 0002:0001c6f0       ?getLastChar@DNameStatusNode@@UBEDXZ 1006c6f0 f i libvcruntimed:undname.obj
 0002:0001c730       ?getLastChar@charNode@@UBEDXZ 1006c730 f i libvcruntimed:undname.obj
 0002:0001c750       ?getLastChar@pDNameNode@@UBEDXZ 1006c750 f i libvcruntimed:undname.obj
 0002:0001c790       ?getLastChar@pairNode@@UBEDXZ 1006c790 f i libvcruntimed:undname.obj
 0002:0001c810       ?getLastChar@pcharNode@@UBEDXZ 1006c810 f i libvcruntimed:undname.obj
 0002:0001c850       ?getLexicalFrame@UnDecorator@@CA?AVDName@@XZ 1006c850 f i libvcruntimed:undname.obj
 0002:0001c8a0       ?getMemory@_HeapManager@@QAEPAXIH@Z 1006c8a0 f   libvcruntimed:undname.obj
 0002:0001ca10       ?getNoexcept@UnDecorator@@CA?AVDName@@XZ 1006ca10 f   libvcruntimed:undname.obj
 0002:0001ca90       ?getNumberOfDimensions@UnDecorator@@CAHXZ 1006ca90 f   libvcruntimed:undname.obj
 0002:0001cbd0       ?getOperatorName@UnDecorator@@CA?AVDName@@_NPA_N@Z 1006cbd0 f i libvcruntimed:undname.obj
 0002:0001d980       ?getPointerType@UnDecorator@@CA?AVDName@@ABV2@0@Z 1006d980 f i libvcruntimed:undname.obj
 0002:0001d9c0       ?getPointerTypeArray@UnDecorator@@CA?AVDName@@ABV2@0@Z 1006d9c0 f i libvcruntimed:undname.obj
 0002:0001da00       ?getPrimaryDataType@UnDecorator@@CA?AVDName@@ABV2@@Z 1006da00 f   libvcruntimed:undname.obj
 0002:0001def0       ?getPtrRefDataType@UnDecorator@@CA?AVDName@@ABV2@H@Z 1006def0 f   libvcruntimed:undname.obj
 0002:0001e1b0       ?getPtrRefType@UnDecorator@@CA?AVDName@@ABV2@0PBD@Z 1006e1b0 f   libvcruntimed:undname.obj
 0002:0001e380       ?getReferenceType@UnDecorator@@CA?AVDName@@ABV2@0PBD@Z 1006e380 f i libvcruntimed:undname.obj
 0002:0001e3b0       ?getRestrictionSpec@UnDecorator@@CA?AVDName@@XZ 1006e3b0 f   libvcruntimed:undname.obj
 0002:0001e580       ?getReturnType@UnDecorator@@CA?AVDName@@PAV2@@Z 1006e580 f   libvcruntimed:undname.obj
 0002:0001e5e0       ?getScope@UnDecorator@@CA?AVDName@@XZ 1006e5e0 f   libvcruntimed:undname.obj
 0002:0001ece0       ?getScopedName@UnDecorator@@CA?AVDName@@XZ 1006ece0 f   libvcruntimed:undname.obj
 0002:0001ee70       ?getSignedDimension@UnDecorator@@CA?AVDName@@XZ 1006ee70 f   libvcruntimed:undname.obj
 0002:0001ef10       ?getStorageConvention@UnDecorator@@CA?AVDName@@XZ 1006ef10 f i libvcruntimed:undname.obj
 0002:0001ef30       ?getString@DName@@QBEPADPAD0@Z 1006ef30 f i libvcruntimed:undname.obj
 0002:0001efa0       ?getString@DName@@QBEPADPADH@Z 1006efa0 f i libvcruntimed:undname.obj
 0002:0001f050       ?getString@DNameStatusNode@@UBEPADPAD0@Z 1006f050 f i libvcruntimed:undname.obj
 0002:0001f090       ?getString@charNode@@UBEPADPAD0@Z 1006f090 f i libvcruntimed:undname.obj
 0002:0001f0d0       ?getString@pDNameNode@@UBEPADPAD0@Z 1006f0d0 f i libvcruntimed:undname.obj
 0002:0001f120       ?getString@pairNode@@UBEPADPAD0@Z 1006f120 f i libvcruntimed:undname.obj
 0002:0001f1d0       ?getString@pcharNode@@UBEPADPAD0@Z 1006f1d0 f i libvcruntimed:undname.obj
 0002:0001f210       ?getStringEncoding@UnDecorator@@CA?AVDName@@PBDH@Z 1006f210 f   libvcruntimed:undname.obj
 0002:0001f360       ?getStringHelper@@YAPADPADPBD1H@Z 1006f360 f i libvcruntimed:undname.obj
 0002:0001f3b0       ?getSymbolName@UnDecorator@@CA?AVDName@@XZ 1006f3b0 f i libvcruntimed:undname.obj
 0002:0001f460       ?getTemplateArgumentList@UnDecorator@@CA?AVDName@@XZ 1006f460 f   libvcruntimed:undname.obj
 0002:0001f980       ?getTemplateConstant@UnDecorator@@CA?AVDName@@XZ 1006f980 f   libvcruntimed:undname.obj
 0002:00020130       ?getTemplateName@UnDecorator@@CA?AVDName@@_N@Z 10070130 f   libvcruntimed:undname.obj
 0002:00020380       ?getThisType@UnDecorator@@CA?AVDName@@XZ 10070380 f i libvcruntimed:undname.obj
 0002:000203d0       ?getThrowTypes@UnDecorator@@CA?AVDName@@XZ 100703d0 f   libvcruntimed:undname.obj
 0002:00020420       ?getTypeEncoding@UnDecorator@@CAHXZ 10070420 f i libvcruntimed:undname.obj
 0002:00021150       ?getUndecoratedName@UnDecorator@@QAEPADPADH@Z 10071150 f i libvcruntimed:undname.obj
 0002:000212f0       ?getVCallThunkType@UnDecorator@@CA?AVDName@@XZ 100712f0 f i libvcruntimed:undname.obj
 0002:00021370       ?getVbTableType@UnDecorator@@CA?AVDName@@ABV2@@Z 10071370 f i libvcruntimed:undname.obj
 0002:00021390       ?getVdispMapType@UnDecorator@@CA?AVDName@@ABV2@@Z 10071390 f i libvcruntimed:undname.obj
 0002:00021420       ?getVfTableType@UnDecorator@@CA?AVDName@@ABV2@@Z 10071420 f i libvcruntimed:undname.obj
 0002:00021680       ?getZName@UnDecorator@@CA?AVDName@@_N0@Z 10071680 f   libvcruntimed:undname.obj
 0002:00021a40       ?haveTemplateParameters@UnDecorator@@SAHXZ 10071a40 f i libvcruntimed:undname.obj
 0002:00021a60       ?isArray@DName@@QBEHXZ     10071a60 f i libvcruntimed:undname.obj
 0002:00021a80       ?isComArray@DName@@QBEHXZ  10071a80 f i libvcruntimed:undname.obj
 0002:00021aa0       ?isEmpty@DName@@QBEHXZ     10071aa0 f i libvcruntimed:undname.obj
 0002:00021ae0       ?isFull@Replicator@@QBEHXZ 10071ae0 f i libvcruntimed:undname.obj
 0002:00021b20       ?isNoTE@DName@@QBEHXZ      10071b20 f i libvcruntimed:undname.obj
 0002:00021b40       ?isPinPtr@DName@@QBEHXZ    10071b40 f i libvcruntimed:undname.obj
 0002:00021b60       ?isPtrRef@DName@@QBEHXZ    10071b60 f i libvcruntimed:undname.obj
 0002:00021b80       ?isUDC@DName@@QBEHXZ       10071b80 f i libvcruntimed:undname.obj
 0002:00021bd0       ?isUDTThunk@DName@@QBEHXZ  10071bd0 f i libvcruntimed:undname.obj
 0002:00021c20       ?isVCallThunk@DName@@QBEHXZ 10071c20 f i libvcruntimed:undname.obj
 0002:00021c40       ?isValid@DName@@QBEHXZ     10071c40 f i libvcruntimed:undname.obj
 0002:00021c80       ?length@DName@@QBEHXZ      10071c80 f i libvcruntimed:undname.obj
 0002:00021cd0       ?length@DNameStatusNode@@UBEHXZ 10071cd0 f i libvcruntimed:undname.obj
 0002:00021cf0       ?length@charNode@@UBEHXZ   10071cf0 f i libvcruntimed:undname.obj
 0002:00021d10       ?length@pDNameNode@@UBEHXZ 10071d10 f i libvcruntimed:undname.obj
 0002:00021d50       ?length@pairNode@@UBEHXZ   10071d50 f i libvcruntimed:undname.obj
 0002:00021de0       ?length@pcharNode@@UBEHXZ  10071de0 f i libvcruntimed:undname.obj
 0002:00021e00       ?make@DNameStatusNode@@SAPBV1@W4DNameStatus@@@Z 10071e00 f i libvcruntimed:undname.obj
 0002:00021e40       ?parseDecoratedName@UnDecorator@@CA?AVDName@@XZ 10071e40 f   libvcruntimed:undname.obj
 0002:00022030       ?setIsArray@DName@@QAEXXZ  10072030 f i libvcruntimed:undname.obj
 0002:00022060       ?setIsComArray@DName@@QAEXXZ 10072060 f i libvcruntimed:undname.obj
 0002:00022090       ?setIsNoTE@DName@@QAEXXZ   10072090 f i libvcruntimed:undname.obj
 0002:000220c0       ?setIsPinPtr@DName@@QAEXXZ 100720c0 f i libvcruntimed:undname.obj
 0002:000220f0       ?setIsUDC@DName@@QAEXXZ    100720f0 f i libvcruntimed:undname.obj
 0002:00022130       ?setIsVCallThunk@DName@@QAEXXZ 10072130 f i libvcruntimed:undname.obj
 0002:00022160       ?setPtrRef@DName@@QAEAAV1@XZ 10072160 f i libvcruntimed:undname.obj
 0002:00022190       ?status@DName@@QBE?AW4DNameStatus@@XZ 10072190 f i libvcruntimed:undname.obj
 0002:000222b0       ___unDName                 100722b0 f   libvcruntimed:undname.obj
 0002:000222f0       ___unDNameEx               100722f0 f   libvcruntimed:undname.obj
 0002:000223f0       _unDNameGenerateCHPE       100723f0 f   libvcruntimed:undname.obj
 0002:00022470       ??$?RU__vcrt_ptd@@@__crt_internal_free_policy@@QBEXQBU__vcrt_ptd@@@Z 10072470 f i libvcruntimed:per_thread_data.obj
 0002:000224a0       ??0?$__crt_unique_heap_ptr@U__vcrt_ptd@@U__crt_internal_free_policy@@@@QAE@QAU__vcrt_ptd@@@Z 100724a0 f i libvcruntimed:per_thread_data.obj
 0002:000224e0       ??1?$__crt_unique_heap_ptr@U__vcrt_ptd@@U__crt_internal_free_policy@@@@QAE@XZ 100724e0 f i libvcruntimed:per_thread_data.obj
 0002:00022520       ??B?$__crt_unique_heap_ptr@U__vcrt_ptd@@U__crt_internal_free_policy@@@@QBE_NXZ 10072520 f i libvcruntimed:per_thread_data.obj
 0002:00022540       ?detach@?$__crt_unique_heap_ptr@U__vcrt_ptd@@U__crt_internal_free_policy@@@@QAEPAU__vcrt_ptd@@XZ 10072540 f i libvcruntimed:per_thread_data.obj
 0002:00022570       ?get@?$__crt_unique_heap_ptr@U__vcrt_ptd@@U__crt_internal_free_policy@@@@QBEPAU__vcrt_ptd@@XZ 10072570 f i libvcruntimed:per_thread_data.obj
 0002:00022590       ?is_valid@?$__crt_unique_heap_ptr@U__vcrt_ptd@@U__crt_internal_free_policy@@@@QBE_NXZ 10072590 f i libvcruntimed:per_thread_data.obj
 0002:000225d0       ?release@?$__crt_unique_heap_ptr@U__vcrt_ptd@@U__crt_internal_free_policy@@@@QAEXXZ 100725d0 f i libvcruntimed:per_thread_data.obj
 0002:00022630       ___vcrt_freefls@4          10072630 f   libvcruntimed:per_thread_data.obj
 0002:00022660       ___vcrt_freeptd            10072660 f   libvcruntimed:per_thread_data.obj
 0002:000226d0       ___vcrt_getptd             100726d0 f   libvcruntimed:per_thread_data.obj
 0002:00022700       ___vcrt_getptd_noexit      10072700 f   libvcruntimed:per_thread_data.obj
 0002:000228b0       ___vcrt_getptd_noinit      100728b0 f   libvcruntimed:per_thread_data.obj
 0002:00022920       ___vcrt_initialize_ptd     10072920 f   libvcruntimed:per_thread_data.obj
 0002:00022980       ___vcrt_uninitialize_ptd   10072980 f   libvcruntimed:per_thread_data.obj
 0002:000229c0       ___vcrt_initialize_locks   100729c0 f   libvcruntimed:locks.obj
 0002:00022a30       ___vcrt_lock               10072a30 f   libvcruntimed:locks.obj
 0002:00022a50       ___vcrt_uninitialize_locks 10072a50 f   libvcruntimed:locks.obj
 0002:00022ab0       ___vcrt_unlock             10072ab0 f   libvcruntimed:locks.obj
 0002:00022ad0       ??$?BX@__crt_fast_encoded_nullptr_t@@QBEPAXXZ 10072ad0 f i libvcruntimed:winapi_downlevel.obj
 0002:00022af0       ??$__crt_fast_decode_pointer@PAX@@YAPAXQAX@Z 10072af0 f i libvcruntimed:winapi_downlevel.obj
 0002:00022b20       ??$__crt_fast_encode_pointer@PAX@@YAPAXQAX@Z 10072b20 f i libvcruntimed:winapi_downlevel.obj
 0002:00022b60       ??$__crt_interlocked_exchange_pointer@UHINSTANCE__@@PAU1@@@YAPAUHINSTANCE__@@PDSAU0@QAU0@@Z 10072b60 f i libvcruntimed:winapi_downlevel.obj
 0002:00022b70       ??$__crt_interlocked_exchange_pointer@UHINSTANCE__@@PAX@@YAPAUHINSTANCE__@@PDSAU0@QAX@Z 10072b70 f i libvcruntimed:winapi_downlevel.obj
 0002:00022b80       ??$__crt_interlocked_exchange_pointer@XPAX@@YAPAXPDSAXQAX@Z 10072b80 f i libvcruntimed:winapi_downlevel.obj
 0002:00022b90       ??$__crt_interlocked_read_pointer@UHINSTANCE__@@@@YAPAUHINSTANCE__@@PDSAU0@@Z 10072b90 f i libvcruntimed:winapi_downlevel.obj
 0002:00022bb0       ??$__crt_interlocked_read_pointer@X@@YAPAXPDSAX@Z 10072bb0 f i libvcruntimed:winapi_downlevel.obj
 0002:00022bd0       ?__crt_fast_encode_pointer@@YA?AU__crt_fast_encoded_nullptr_t@@$$T@Z 10072bd0 f i libvcruntimed:winapi_downlevel.obj
 0002:000230d0       ___vcrt_FlsAlloc           100730d0 f   libvcruntimed:winapi_downlevel.obj
 0002:00023120       ___vcrt_FlsFree            10073120 f   libvcruntimed:winapi_downlevel.obj
 0002:00023170       ___vcrt_FlsGetValue        10073170 f   libvcruntimed:winapi_downlevel.obj
 0002:000231c0       ___vcrt_FlsSetValue        100731c0 f   libvcruntimed:winapi_downlevel.obj
 0002:00023220       ___vcrt_InitializeCriticalSectionEx 10073220 f   libvcruntimed:winapi_downlevel.obj
 0002:00023280       ___vcrt_initialize_winapi_thunks 10073280 f   libvcruntimed:winapi_downlevel.obj
 0002:00023300       ___vcrt_uninitialize_winapi_thunks 10073300 f   libvcruntimed:winapi_downlevel.obj
 0002:00023390       ??$?B$$A6AXXZ@__crt_fast_encoded_nullptr_t@@QBEP6AXXZXZ 10073390 f i libvcruntimed:purevirt_data.obj
 0002:000233b0       ??$__crt_fast_encode_pointer@P6AXXZ@@YAP6AXXZQ6AXXZ@Z 100733b0 f i libvcruntimed:purevirt_data.obj
 0002:000233f0       ___vcrt_initialize_pure_virtual_call_handler 100733f0 f   libvcruntimed:purevirt_data.obj
 0002:00023420       __global_unwind2           10073420 f   libvcruntimed:exsup.obj
 0002:00023486       __local_unwind2            10073486 f   libvcruntimed:exsup.obj
 0002:0002350a       __abnormal_termination     1007350a f   libvcruntimed:exsup.obj
 0002:00023530       __NLG_Notify1              10073530 f   libvcruntimed:exsup.obj
 0002:0002353c       __NLG_Notify               1007353c f   libvcruntimed:exsup.obj
 0002:00023553       __NLG_Dispatch2            10073553     libvcruntimed:exsup.obj
 0002:00023553       __NLG_Dispatch             10073553     libvcruntimed:exsup.obj
 0002:0002355b       __NLG_Call                 1007355b f   libvcruntimed:exsup.obj
 0002:0002355d       __NLG_Return2              1007355d     libvcruntimed:exsup.obj
 0002:000235b0       ??$__crt_fast_decode_pointer@P6AXXZ@@YAP6AXXZQ6AXXZ@Z 100735b0 f i libvcruntimed:purevirt.obj
 0002:000235e0       ??$__crt_interlocked_exchange_pointer@$$A6AXXZP6AXXZ@@YAP6AXXZPDS6AXXZQ6AXXZ@Z 100735e0 f i libvcruntimed:purevirt.obj
 0002:000235f0       ??$__crt_interlocked_read_pointer@$$A6AXXZ@@YAP6AXXZPDS6AXXZ@Z 100735f0 f i libvcruntimed:purevirt.obj
 0002:00023610       __get_purecall_handler     10073610 f   libvcruntimed:purevirt.obj
 0002:00023640       __purecall                 10073640 f   libvcruntimed:purevirt.obj
 0002:00023680       __set_purecall_handler     10073680 f   libvcruntimed:purevirt.obj
 0002:000236c0       ??$?0AAViterator@TryBlockMap@__FrameHandler3@@AAV012@$0A@@?$pair@Viterator@TryBlockMap@__FrameHandler3@@V123@@std@@QAE@AAViterator@TryBlockMap@__FrameHandler3@@0@Z 100736c0 f i libvcruntimed:trnsctrl.obj
 0002:00023720       ??$forward@AAViterator@TryBlockMap@__FrameHandler3@@@std@@YAAAViterator@TryBlockMap@__FrameHandler3@@AAV123@@Z 10073720 f i libvcruntimed:trnsctrl.obj
 0002:00023730       ??0iterator@TryBlockMap@__FrameHandler3@@QAE@AAV12@I@Z 10073730 f i libvcruntimed:trnsctrl.obj
 0002:00023760       ?GetRangeOfTrysToCheck@__FrameHandler3@@SA?AU?$pair@Viterator@TryBlockMap@__FrameHandler3@@V123@@std@@AAVTryBlockMap@1@HH@Z 10073760 f   libvcruntimed:trnsctrl.obj
 0002:00023890       ?_CallCatchBlock2@@YAPAXPAUEHRegistrationNode@@PBU_s_FuncInfo@@PAXHK@Z 10073890 f   libvcruntimed:trnsctrl.obj
 0002:00023920       ?_CallSETranslator@@YAHPAUEHExceptionRecord@@PAUEHRegistrationNode@@PAX2PBU_s_FuncInfo@@H1@Z 10073920 f   libvcruntimed:trnsctrl.obj
 0002:00023a50       ?_JumpToContinuation@@YGXPAXPAUEHRegistrationNode@@@Z 10073a50 f   libvcruntimed:trnsctrl.obj
 0002:00023a90       ?_UnwindNestedFrames@@YGXPAUEHRegistrationNode@@PAUEHExceptionRecord@@@Z 10073a90 f   libvcruntimed:trnsctrl.obj
 0002:00023b00       ?getFuncInfo@TryBlockMap@__FrameHandler3@@QAEPBU_s_FuncInfo@@XZ 10073b00 f i libvcruntimed:trnsctrl.obj
 0002:00023b20       __CatchGuardHandler        10073b20 f   libvcruntimed:trnsctrl.obj
 0002:00023b80       __CreateFrameInfo          10073b80 f   libvcruntimed:trnsctrl.obj
 0002:00023bc0       __FindAndUnlinkFrame       10073bc0 f   libvcruntimed:trnsctrl.obj
 0002:00023c50       __TranslatorGuardHandler   10073c50 f   libvcruntimed:trnsctrl.obj
 0002:00023d30       ___CxxFrameHandler         10073d30 f   libvcruntimed:trnsctrl.obj
 0002:00023d80       ___CxxFrameHandler2        10073d80 f   libvcruntimed:trnsctrl.obj
 0002:00023dd0       ___CxxFrameHandler3        10073dd0 f   libvcruntimed:trnsctrl.obj
 0002:00023e20       ___CxxLongjmpUnwind@4      10073e20 f   libvcruntimed:trnsctrl.obj
 0002:00024d10       ??$TypeMatchHelper@V__FrameHandler3@@@@YAHPBU_s_HandlerType@@PBU_s_CatchableType@@PBU_s_ThrowInfo@@@Z 10074d10 f i libvcruntimed:frame.obj
 0002:00024e20       ??$__InternalCxxFrameHandler@V__FrameHandler3@@@@YA?AW4_EXCEPTION_DISPOSITION@@PAUEHExceptionRecord@@PAUEHRegistrationNode@@PAU_CONTEXT@@PAXPBU_s_FuncInfo@@H1E@Z 10074e20 f i libvcruntimed:frame.obj
 0002:00025070       ??0HandlerMap@__FrameHandler3@@QAE@PBU_s_TryBlockMapEntry@@PAX@Z 10075070 f i libvcruntimed:frame.obj
 0002:000250a0       ??0TryBlockMap@__FrameHandler3@@QAE@PBU_s_FuncInfo@@PAX@Z 100750a0 f i libvcruntimed:frame.obj
 0002:000250d0       ??0bad_exception@std@@QAE@ABV01@@Z 100750d0 f i libvcruntimed:frame.obj
 0002:00025100       ??0bad_exception@std@@QAE@XZ 10075100 f i libvcruntimed:frame.obj
 0002:00025130       ??0exception@std@@QAE@ABV01@@Z 10075130 f i libvcruntimed:frame.obj
 0002:00025180       ??0exception@std@@QAE@QBDH@Z 10075180 f i libvcruntimed:frame.obj
 0002:000251c0       ??0iterator@HandlerMap@__FrameHandler3@@QAE@AAV12@I@Z 100751c0 f i libvcruntimed:frame.obj
 0002:000251f0       ??1bad_exception@std@@UAE@XZ 100751f0 f i libvcruntimed:frame.obj
 0002:00025210       ??1exception@std@@UAE@XZ   10075210 f i libvcruntimed:frame.obj
 0002:00025240       ??8iterator@HandlerMap@__FrameHandler3@@QBE_NABV012@@Z 10075240 f i libvcruntimed:frame.obj
 0002:00025280       ??8type_info@@QBE_NABV0@@Z 10075280 f i libvcruntimed:frame.obj
 0002:000252d0       ??9iterator@HandlerMap@__FrameHandler3@@QBE_NABV012@@Z 100752d0 f i libvcruntimed:frame.obj
 0002:00025320       ??Diterator@HandlerMap@__FrameHandler3@@QAEPBU_s_HandlerType@@XZ 10075320 f i libvcruntimed:frame.obj
 0002:00025350       ??Diterator@TryBlockMap@__FrameHandler3@@QAEPBU_s_TryBlockMapEntry@@XZ 10075350 f i libvcruntimed:frame.obj
 0002:00025380       ??Eiterator@HandlerMap@__FrameHandler3@@QAEAAV012@XZ 10075380 f i libvcruntimed:frame.obj
 0002:000253b0       ??Eiterator@TryBlockMap@__FrameHandler3@@QAEAAV012@XZ 100753b0 f i libvcruntimed:frame.obj
 0002:000253e0       ??Miterator@TryBlockMap@__FrameHandler3@@QBE_NABV012@@Z 100753e0 f i libvcruntimed:frame.obj
 0002:00025420       ??_Gbad_exception@std@@UAEPAXI@Z 10075420 f i libvcruntimed:frame.obj
 0002:00025420       ??_Ebad_exception@std@@UAEPAXI@Z 10075420 f i libvcruntimed:frame.obj
 0002:00025460       ??_Eexception@std@@UAEPAXI@Z 10075460 f i libvcruntimed:frame.obj
 0002:00025460       ??_Gexception@std@@UAEPAXI@Z 10075460 f i libvcruntimed:frame.obj
 0002:000254a0       ?BuildCatchObject@__FrameHandler3@@SAXPAUEHExceptionRecord@@PAXPBU_s_HandlerType@@PBU_s_CatchableType@@@Z 100754a0 f   libvcruntimed:frame.obj
 0002:000254d0       ?BuildCatchObjectHelper@__FrameHandler3@@SAHPAUEHExceptionRecord@@PAXPBU_s_HandlerType@@PBU_s_CatchableType@@@Z 100754d0 f   libvcruntimed:frame.obj
 0002:00025950       ?FrameUnwindToEmptyState@__FrameHandler3@@SAXPAUEHRegistrationNode@@PAXPBU_s_FuncInfo@@@Z 10075950 f   libvcruntimed:frame.obj
 0002:00025980       ?FrameUnwindToState@__FrameHandler3@@SAXPAUEHRegistrationNode@@PAXPBU_s_FuncInfo@@H@Z 10075980 f   libvcruntimed:frame.obj
 0002:00025b60       ?GetMaxState@__FrameHandler3@@SAHPAXPBU_s_FuncInfo@@@Z 10075b60 f i libvcruntimed:frame.obj
 0002:00025cc0       ?TypeMatch@__FrameHandler3@@SAHPBU_s_HandlerType@@PBU_s_CatchableType@@PBU_s_ThrowInfo@@@Z 10075cc0 f   libvcruntimed:frame.obj
 0002:00025ce0       ?_CallMemberFunction1@@YGXQAX00@Z 10075ce0 f i libvcruntimed:frame.obj
 0002:00025d00       ?_CallMemberFunction2@@YGXQAX00H@Z 10075d00 f i libvcruntimed:frame.obj
 0002:00025d30       ?_ValidateExecute@@YA_NP6GHXZ@Z 10075d30 f i libvcruntimed:frame.obj
 0002:00025d50       ?_ValidateRead@@YA_NPBXI@Z 10075d50 f i libvcruntimed:frame.obj
 0002:00025d70       ?_ValidateWrite@@YA_NPAXI@Z 10075d70 f i libvcruntimed:frame.obj
 0002:00025d90       ?begin@HandlerMap@__FrameHandler3@@QAE?AViterator@12@XZ 10075d90 f i libvcruntimed:frame.obj
 0002:00025dc0       ?end@HandlerMap@__FrameHandler3@@QAE?AViterator@12@XZ 10075dc0 f i libvcruntimed:frame.obj
 0002:00025df0       ?getESTypes@__FrameHandler3@@SAPBU_s_ESTypeList@@PBU_s_FuncInfo@@@Z 10075df0 f i libvcruntimed:frame.obj
 0002:00025e00       ?getLastEntry@HandlerMap@__FrameHandler3@@QAEPBU_s_HandlerType@@XZ 10075e00 f i libvcruntimed:frame.obj
 0002:00025e30       ?getMagicNum@__FrameHandler3@@SAIPBU_s_FuncInfo@@@Z 10075e30 f i libvcruntimed:frame.obj
 0002:00025e50       ?getNumTryBlocks@TryBlockMap@__FrameHandler3@@QAEIXZ 10075e50 f i libvcruntimed:frame.obj
 0002:00025e70       ?isEHs@__FrameHandler3@@SA_NPBU_s_FuncInfo@@@Z 10075e70 f i libvcruntimed:frame.obj
 0002:00025ea0       ?isNoExcept@__FrameHandler3@@SA_NPBU_s_FuncInfo@@@Z 10075ea0 f i libvcruntimed:frame.obj
 0002:00025ed0       ?what@exception@std@@UBEPBDXZ 10075ed0 f i libvcruntimed:frame.obj
 0002:00025f10       ___BuildCatchObject        10075f10 f   libvcruntimed:frame.obj
 0002:00025f40       ___BuildCatchObjectHelper  10075f40 f   libvcruntimed:frame.obj
 0002:00025f70       ___TypeMatch               10075f70 f   libvcruntimed:frame.obj
 0002:00025f90       ___vcrt_EncodePointer      10075f90 f i libvcruntimed:frame.obj
 0002:00025fb0       __CallSettingFrame@12      10075fb0 f   libvcruntimed:lowhelpr.obj
 0002:00025fd7       __NLG_Return               10075fd7     libvcruntimed:lowhelpr.obj
 0002:00026040       __get_unexpected           10076040 f   libvcruntimed:unexpected.obj
 0002:00026060       _set_unexpected            10076060 f   libvcruntimed:unexpected.obj
 0002:000260a0       _unexpected                100760a0 f   libvcruntimed:unexpected.obj
 0002:000260e0       _memmove                   100760e0 f   libvcruntimed:memmove.obj
 0002:000267c0       ?GetCurrentState@__FrameHandler3@@SAHPAUEHRegistrationNode@@PAXPBU_s_FuncInfo@@@Z 100767c0 f   libvcruntimed:ehstate.obj
 0002:00026800       ?SetState@__FrameHandler3@@SAXPAUEHRegistrationNode@@PBU_s_FuncInfo@@H@Z 10076800 f   libvcruntimed:ehstate.obj
 0002:00026820       ___DestructExceptionObject 10076820 f   libvcruntimed:ehhelpers.obj
 0002:000269a0       ?_CallMemberFunction0@@YGXQAX0@Z 100769a0 f i libvcruntimed:ehhelpers.obj
 0002:000269c0       ?raw_name@type_info@@QBEPBDXZ 100769c0 f i libvcruntimed:ehhelpers.obj
 0002:000269e0       __IsExceptionObjectToBeDestroyed 100769e0 f   libvcruntimed:ehhelpers.obj
 0002:00026a30       __SetWinRTOutOfMemoryExceptionCallback 10076a30 f   libvcruntimed:ehhelpers.obj
 0002:00026a40       ___AdjustPointer           10076a40 f   libvcruntimed:ehhelpers.obj
 0002:00026aa0       ___FrameUnwindFilter       10076aa0 f   libvcruntimed:ehhelpers.obj
 0002:00026b30       ___GetPlatformExceptionInfo 10076b30 f   libvcruntimed:ehhelpers.obj
 0002:00026bd0       ___current_exception       10076bd0 f   libvcruntimed:ehhelpers.obj
 0002:00026be0       ___current_exception_context 10076be0 f   libvcruntimed:ehhelpers.obj
 0002:00026bf0       ___processing_throw        10076bf0 f   libvcruntimed:ehhelpers.obj
 0002:00026c00       ___std_terminate           10076c00 f   libvcruntimed:ehhelpers.obj
 0002:00026c10       __is_exception_typeof      10076c10 f   libvcruntimed:ehhelpers.obj
 0002:00026d20       ??$?RD@__crt_public_free_policy@@QBEXQBD@Z 10076d20 f i libvcruntimed:std_exception.obj
 0002:00026d40       ??0?$__crt_unique_heap_ptr@DU__crt_public_free_policy@@@@QAE@QAD@Z 10076d40 f i libvcruntimed:std_exception.obj
 0002:00026d60       ??1?$__crt_unique_heap_ptr@DU__crt_public_free_policy@@@@QAE@XZ 10076d60 f i libvcruntimed:std_exception.obj
 0002:00026d80       ??B?$__crt_unique_heap_ptr@DU__crt_public_free_policy@@@@QBE_NXZ 10076d80 f i libvcruntimed:std_exception.obj
 0002:00026da0       ?detach@?$__crt_unique_heap_ptr@DU__crt_public_free_policy@@@@QAEPADXZ 10076da0 f i libvcruntimed:std_exception.obj
 0002:00026dd0       ?get@?$__crt_unique_heap_ptr@DU__crt_public_free_policy@@@@QBEPADXZ 10076dd0 f i libvcruntimed:std_exception.obj
 0002:00026df0       ?is_valid@?$__crt_unique_heap_ptr@DU__crt_public_free_policy@@@@QBE_NXZ 10076df0 f i libvcruntimed:std_exception.obj
 0002:00026e30       ?release@?$__crt_unique_heap_ptr@DU__crt_public_free_policy@@@@QAEXXZ 10076e30 f i libvcruntimed:std_exception.obj
 0002:00026e60       ___std_exception_copy      10076e60 f   libvcruntimed:std_exception.obj
 0002:00026f80       ___std_exception_destroy   10076f80 f   libvcruntimed:std_exception.obj
 0002:00026fc0       __CxxThrowException@8      10076fc0 f   libvcruntimed:throw.obj
 0002:000270a0       ??$?RU?$__crt_report_hook_node@D@@@__crt_internal_free_policy@@QBEXQBU?$__crt_report_hook_node@D@@@Z 100770a0 f i libucrtd:dbgrpt.obj
 0002:000270d0       ??$?RU?$__crt_report_hook_node@_W@@@__crt_internal_free_policy@@QBEXQBU?$__crt_report_hook_node@_W@@@Z 100770d0 f i libucrtd:dbgrpt.obj
 0002:00028220       ??$get_module_file_name@AAPAUHINSTANCE__@@AAY0BAF@DK@?$__crt_char_traits@D@@SAKAAPAUHINSTANCE__@@AAY0BAF@D$$QAK@Z 10078220 f i libucrtd:dbgrpt.obj
 0002:00028250       ??$get_module_file_name@AAPAUHINSTANCE__@@AAY0BAF@_WK@?$__crt_char_traits@_W@@SAKAAPAUHINSTANCE__@@AAY0BAF@_W$$QAK@Z 10078250 f i libucrtd:dbgrpt.obj
 0002:00028280       ??$tcscpy_s@AAY0BAF@DIPBD@?$__crt_char_traits@D@@SAHAAY0BAF@D$$QAI$$QAPBD@Z 10078280 f i libucrtd:dbgrpt.obj
 0002:000282b0       ??$tcscpy_s@AAY0BAF@_WIPB_W@?$__crt_char_traits@_W@@SAHAAY0BAF@_W$$QAI$$QAPB_W@Z 100782b0 f i libucrtd:dbgrpt.obj
 0002:000282e0       ??$tcslen@AAY0BAF@D@?$__crt_char_traits@D@@SAIAAY0BAF@D@Z 100782e0 f i libucrtd:dbgrpt.obj
 0002:00028300       ??$tcslen@AAY0BAF@_W@?$__crt_char_traits@_W@@SAIAAY0BAF@_W@Z 10078300 f i libucrtd:dbgrpt.obj
 0002:00028320       ??$tcslen@ABQBD@?$__crt_char_traits@D@@SAIABQBD@Z 10078320 f i libucrtd:dbgrpt.obj
 0002:00028340       ??$tcslen@ABQB_W@?$__crt_char_traits@_W@@SAIABQB_W@Z 10078340 f i libucrtd:dbgrpt.obj
 0002:00028480       ??0?$__crt_unique_heap_ptr@U?$__crt_report_hook_node@D@@U__crt_internal_free_policy@@@@QAE@QAU?$__crt_report_hook_node@D@@@Z 10078480 f i libucrtd:dbgrpt.obj
 0002:000284a0       ??0?$__crt_unique_heap_ptr@U?$__crt_report_hook_node@_W@@U__crt_internal_free_policy@@@@QAE@QAU?$__crt_report_hook_node@_W@@@Z 100784a0 f i libucrtd:dbgrpt.obj
 0002:000284c0       ??1?$__crt_unique_heap_ptr@U?$__crt_report_hook_node@D@@U__crt_internal_free_policy@@@@QAE@XZ 100784c0 f i libucrtd:dbgrpt.obj
 0002:000284e0       ??1?$__crt_unique_heap_ptr@U?$__crt_report_hook_node@_W@@U__crt_internal_free_policy@@@@QAE@XZ 100784e0 f i libucrtd:dbgrpt.obj
 0002:00028500       ??B?$__crt_unique_heap_ptr@U?$__crt_report_hook_node@D@@U__crt_internal_free_policy@@@@QBE_NXZ 10078500 f i libucrtd:dbgrpt.obj
 0002:00028520       ??B?$__crt_unique_heap_ptr@U?$__crt_report_hook_node@_W@@U__crt_internal_free_policy@@@@QBE_NXZ 10078520 f i libucrtd:dbgrpt.obj
 0002:00028bc0       ?detach@?$__crt_unique_heap_ptr@U?$__crt_report_hook_node@D@@U__crt_internal_free_policy@@@@QAEPAU?$__crt_report_hook_node@D@@XZ 10078bc0 f i libucrtd:dbgrpt.obj
 0002:00028bf0       ?detach@?$__crt_unique_heap_ptr@U?$__crt_report_hook_node@_W@@U__crt_internal_free_policy@@@@QAEPAU?$__crt_report_hook_node@_W@@XZ 10078bf0 f i libucrtd:dbgrpt.obj
 0002:00028c20       ?get@?$__crt_unique_heap_ptr@U?$__crt_report_hook_node@D@@U__crt_internal_free_policy@@@@QBEPAU?$__crt_report_hook_node@D@@XZ 10078c20 f i libucrtd:dbgrpt.obj
 0002:00028c40       ?get@?$__crt_unique_heap_ptr@U?$__crt_report_hook_node@_W@@U__crt_internal_free_policy@@@@QBEPAU?$__crt_report_hook_node@_W@@XZ 10078c40 f i libucrtd:dbgrpt.obj
 0002:00028cc0       ?is_valid@?$__crt_unique_heap_ptr@U?$__crt_report_hook_node@D@@U__crt_internal_free_policy@@@@QBE_NXZ 10078cc0 f i libucrtd:dbgrpt.obj
 0002:00028d00       ?is_valid@?$__crt_unique_heap_ptr@U?$__crt_report_hook_node@_W@@U__crt_internal_free_policy@@@@QBE_NXZ 10078d00 f i libucrtd:dbgrpt.obj
 0002:00028d40       ?release@?$__crt_unique_heap_ptr@U?$__crt_report_hook_node@D@@U__crt_internal_free_policy@@@@QAEXXZ 10078d40 f i libucrtd:dbgrpt.obj
 0002:00028d70       ?release@?$__crt_unique_heap_ptr@U?$__crt_report_hook_node@_W@@U__crt_internal_free_policy@@@@QAEXXZ 10078d70 f i libucrtd:dbgrpt.obj
 0002:00028da0       __CrtDbgReport             10078da0 f   libucrtd:dbgrpt.obj
 0002:00028e00       __CrtDbgReportW            10078e00 f   libucrtd:dbgrpt.obj
 0002:00028e60       __CrtSetReportHook2        10078e60 f   libucrtd:dbgrpt.obj
 0002:00028e80       __CrtSetReportHookW2       10078e80 f   libucrtd:dbgrpt.obj
 0002:00028ea0       ___acrt_MessageWindowA     10078ea0 f   libucrtd:dbgrpt.obj
 0002:00028ed0       ___acrt_MessageWindowW     10078ed0 f   libucrtd:dbgrpt.obj
 0002:00028f00       __invoke_watson_if_error   10078f00 f i libucrtd:dbgrpt.obj
 0002:00028f40       __invoke_watson_if_oneof   10078f40 f i libucrtd:dbgrpt.obj
 0002:00028f90       __snwprintf_s              10078f90 f i libucrtd:dbgrpt.obj
 0002:00028fe0       __vsnwprintf_s_l           10078fe0 f i libucrtd:dbgrpt.obj
 0002:00029050       __initterm                 10079050 f   libucrtd:initterm.obj
 0002:000290b0       __initterm_e               100790b0 f   libucrtd:initterm.obj
 0002:000294f0       _strcpy_s                  100794f0 f   libucrtd:strcpy_s.obj
 0002:00029a30       _strcat_s                  10079a30 f   libucrtd:strcat_s.obj
 0002:00029a60       ??$?0ABV?$stream_output_adapter@D@__crt_stdio_output@@AB_KABQBDABQAU__crt_locale_pointers@@ABQAD@?$format_validation_base@DV?$stream_output_adapter@D@__crt_stdio_output@@@__crt_stdio_output@@IAE@ABV?$stream_output_adapter@D@1@AB_KABQBDABQAU__crt_locale_pointers@@ABQAD@Z 10079a60 f i libucrtd:output.obj
 0002:00029aa0       ??$?0ABV?$stream_output_adapter@D@__crt_stdio_output@@AB_KABQBDABQAU__crt_locale_pointers@@ABQAD@?$positional_parameter_base@DV?$stream_output_adapter@D@__crt_stdio_output@@@__crt_stdio_output@@IAE@ABV?$stream_output_adapter@D@1@AB_KABQBDABQAU__crt_locale_pointers@@ABQAD@Z 10079aa0 f i libucrtd:output.obj
 0002:00029b30       ??$?0ABV?$stream_output_adapter@D@__crt_stdio_output@@AB_KABQBDABQAU__crt_locale_pointers@@ABQAD@?$standard_base@DV?$stream_output_adapter@D@__crt_stdio_output@@@__crt_stdio_output@@IAE@ABV?$stream_output_adapter@D@1@AB_KABQBDABQAU__crt_locale_pointers@@ABQAD@Z 10079b30 f i libucrtd:output.obj
 0002:00029b90       ??$?0ABV?$stream_output_adapter@_W@__crt_stdio_output@@AB_KABQB_WABQAU__crt_locale_pointers@@ABQAD@?$format_validation_base@_WV?$stream_output_adapter@_W@__crt_stdio_output@@@__crt_stdio_output@@IAE@ABV?$stream_output_adapter@_W@1@AB_KABQB_WABQAU__crt_locale_pointers@@ABQAD@Z 10079b90 f i libucrtd:output.obj
 0002:00029bd0       ??$?0ABV?$stream_output_adapter@_W@__crt_stdio_output@@AB_KABQB_WABQAU__crt_locale_pointers@@ABQAD@?$positional_parameter_base@_WV?$stream_output_adapter@_W@__crt_stdio_output@@@__crt_stdio_output@@IAE@ABV?$stream_output_adapter@_W@1@AB_KABQB_WABQAU__crt_locale_pointers@@ABQAD@Z 10079bd0 f i libucrtd:output.obj
 0002:00029c60       ??$?0ABV?$stream_output_adapter@_W@__crt_stdio_output@@AB_KABQB_WABQAU__crt_locale_pointers@@ABQAD@?$standard_base@_WV?$stream_output_adapter@_W@__crt_stdio_output@@@__crt_stdio_output@@IAE@ABV?$stream_output_adapter@_W@1@AB_KABQB_WABQAU__crt_locale_pointers@@ABQAD@Z 10079c60 f i libucrtd:output.obj
 0002:00029cc0       ??$?0ABV?$string_output_adapter@D@__crt_stdio_output@@AB_KABQBDABQAU__crt_locale_pointers@@ABQAD@?$format_validation_base@DV?$string_output_adapter@D@__crt_stdio_output@@@__crt_stdio_output@@IAE@ABV?$string_output_adapter@D@1@AB_KABQBDABQAU__crt_locale_pointers@@ABQAD@Z 10079cc0 f i libucrtd:output.obj
 0002:00029d00       ??$?0ABV?$string_output_adapter@D@__crt_stdio_output@@AB_KABQBDABQAU__crt_locale_pointers@@ABQAD@?$positional_parameter_base@DV?$string_output_adapter@D@__crt_stdio_output@@@__crt_stdio_output@@IAE@ABV?$string_output_adapter@D@1@AB_KABQBDABQAU__crt_locale_pointers@@ABQAD@Z 10079d00 f i libucrtd:output.obj
 0002:00029d90       ??$?0ABV?$string_output_adapter@D@__crt_stdio_output@@AB_KABQBDABQAU__crt_locale_pointers@@ABQAD@?$standard_base@DV?$string_output_adapter@D@__crt_stdio_output@@@__crt_stdio_output@@IAE@ABV?$string_output_adapter@D@1@AB_KABQBDABQAU__crt_locale_pointers@@ABQAD@Z 10079d90 f i libucrtd:output.obj
 0002:00029df0       ??$?0ABV?$string_output_adapter@_W@__crt_stdio_output@@AB_KABQB_WABQAU__crt_locale_pointers@@ABQAD@?$format_validation_base@_WV?$string_output_adapter@_W@__crt_stdio_output@@@__crt_stdio_output@@IAE@ABV?$string_output_adapter@_W@1@AB_KABQB_WABQAU__crt_locale_pointers@@ABQAD@Z 10079df0 f i libucrtd:output.obj
 0002:00029e30       ??$?0ABV?$string_output_adapter@_W@__crt_stdio_output@@AB_KABQB_WABQAU__crt_locale_pointers@@ABQAD@?$positional_parameter_base@_WV?$string_output_adapter@_W@__crt_stdio_output@@@__crt_stdio_output@@IAE@ABV?$string_output_adapter@_W@1@AB_KABQB_WABQAU__crt_locale_pointers@@ABQAD@Z 10079e30 f i libucrtd:output.obj
 0002:00029ec0       ??$?0ABV?$string_output_adapter@_W@__crt_stdio_output@@AB_KABQB_WABQAU__crt_locale_pointers@@ABQAD@?$standard_base@_WV?$string_output_adapter@_W@__crt_stdio_output@@@__crt_stdio_output@@IAE@ABV?$string_output_adapter@_W@1@AB_KABQB_WABQAU__crt_locale_pointers@@ABQAD@Z 10079ec0 f i libucrtd:output.obj
 0002:0002a4c0       ??$__crt_interlocked_read@J@@YAJPDJ@Z 1007a4c0 f i libucrtd:output.obj
 0002:0002dd60       ??$count@D@formatting_buffer@__crt_stdio_output@@QBEIXZ 1007dd60 f i libucrtd:output.obj
 0002:0002ddb0       ??$count@_W@formatting_buffer@__crt_stdio_output@@QBEIXZ 1007ddb0 f i libucrtd:output.obj
 0002:0002de00       ??$data@D@formatting_buffer@__crt_stdio_output@@QAEPADXZ 1007de00 f i libucrtd:output.obj
 0002:0002de50       ??$data@_W@formatting_buffer@__crt_stdio_output@@QAEPA_WXZ 1007de50 f i libucrtd:output.obj
 0002:0002dea0       ??$ensure_buffer_is_big_enough@D@formatting_buffer@__crt_stdio_output@@QAE_NI@Z 1007dea0 f i libucrtd:output.obj
 0002:0002dfc0       ??$ensure_buffer_is_big_enough@_W@formatting_buffer@__crt_stdio_output@@QAE_NI@Z 1007dfc0 f i libucrtd:output.obj
 0002:0002e0e0       ??$extract_argument_from_va_list@C_J@?$positional_parameter_base@DV?$stream_output_adapter@D@__crt_stdio_output@@@__crt_stdio_output@@IAE_NAA_J@Z 1007e0e0 f i libucrtd:output.obj
 0002:0002e260       ??$extract_argument_from_va_list@C_J@?$positional_parameter_base@DV?$string_output_adapter@D@__crt_stdio_output@@@__crt_stdio_output@@IAE_NAA_J@Z 1007e260 f i libucrtd:output.obj
 0002:0002e3e0       ??$extract_argument_from_va_list@C_J@?$positional_parameter_base@_WV?$stream_output_adapter@_W@__crt_stdio_output@@@__crt_stdio_output@@IAE_NAA_J@Z 1007e3e0 f i libucrtd:output.obj
 0002:0002e560       ??$extract_argument_from_va_list@C_J@?$positional_parameter_base@_WV?$string_output_adapter@_W@__crt_stdio_output@@@__crt_stdio_output@@IAE_NAA_J@Z 1007e560 f i libucrtd:output.obj
 0002:0002e6e0       ??$extract_argument_from_va_list@C_J@?$standard_base@DV?$stream_output_adapter@D@__crt_stdio_output@@@__crt_stdio_output@@IAE_NAA_J@Z 1007e6e0 f i libucrtd:output.obj
 0002:0002e720       ??$extract_argument_from_va_list@C_J@?$standard_base@DV?$string_output_adapter@D@__crt_stdio_output@@@__crt_stdio_output@@IAE_NAA_J@Z 1007e720 f i libucrtd:output.obj
 0002:0002e760       ??$extract_argument_from_va_list@C_J@?$standard_base@_WV?$stream_output_adapter@_W@__crt_stdio_output@@@__crt_stdio_output@@IAE_NAA_J@Z 1007e760 f i libucrtd:output.obj
 0002:0002e7a0       ??$extract_argument_from_va_list@C_J@?$standard_base@_WV?$string_output_adapter@_W@__crt_stdio_output@@@__crt_stdio_output@@IAE_NAA_J@Z 1007e7a0 f i libucrtd:output.obj
 0002:0002e7e0       ??$extract_argument_from_va_list@E_J@?$positional_parameter_base@DV?$stream_output_adapter@D@__crt_stdio_output@@@__crt_stdio_output@@IAE_NAA_J@Z 1007e7e0 f i libucrtd:output.obj
 0002:0002e960       ??$extract_argument_from_va_list@E_J@?$positional_parameter_base@DV?$string_output_adapter@D@__crt_stdio_output@@@__crt_stdio_output@@IAE_NAA_J@Z 1007e960 f i libucrtd:output.obj
 0002:0002eae0       ??$extract_argument_from_va_list@E_J@?$positional_parameter_base@_WV?$stream_output_adapter@_W@__crt_stdio_output@@@__crt_stdio_output@@IAE_NAA_J@Z 1007eae0 f i libucrtd:output.obj
 0002:0002ec60       ??$extract_argument_from_va_list@E_J@?$positional_parameter_base@_WV?$string_output_adapter@_W@__crt_stdio_output@@@__crt_stdio_output@@IAE_NAA_J@Z 1007ec60 f i libucrtd:output.obj
 0002:0002ede0       ??$extract_argument_from_va_list@E_J@?$standard_base@DV?$stream_output_adapter@D@__crt_stdio_output@@@__crt_stdio_output@@IAE_NAA_J@Z 1007ede0 f i libucrtd:output.obj
 0002:0002ee20       ??$extract_argument_from_va_list@E_J@?$standard_base@DV?$string_output_adapter@D@__crt_stdio_output@@@__crt_stdio_output@@IAE_NAA_J@Z 1007ee20 f i libucrtd:output.obj
 0002:0002ee60       ??$extract_argument_from_va_list@E_J@?$standard_base@_WV?$stream_output_adapter@_W@__crt_stdio_output@@@__crt_stdio_output@@IAE_NAA_J@Z 1007ee60 f i libucrtd:output.obj
 0002:0002eea0       ??$extract_argument_from_va_list@E_J@?$standard_base@_WV?$string_output_adapter@_W@__crt_stdio_output@@@__crt_stdio_output@@IAE_NAA_J@Z 1007eea0 f i libucrtd:output.obj
 0002:0002eee0       ??$extract_argument_from_va_list@F_J@?$positional_parameter_base@DV?$stream_output_adapter@D@__crt_stdio_output@@@__crt_stdio_output@@IAE_NAA_J@Z 1007eee0 f i libucrtd:output.obj
 0002:0002f060       ??$extract_argument_from_va_list@F_J@?$positional_parameter_base@DV?$string_output_adapter@D@__crt_stdio_output@@@__crt_stdio_output@@IAE_NAA_J@Z 1007f060 f i libucrtd:output.obj
 0002:0002f1e0       ??$extract_argument_from_va_list@F_J@?$positional_parameter_base@_WV?$stream_output_adapter@_W@__crt_stdio_output@@@__crt_stdio_output@@IAE_NAA_J@Z 1007f1e0 f i libucrtd:output.obj
 0002:0002f360       ??$extract_argument_from_va_list@F_J@?$positional_parameter_base@_WV?$string_output_adapter@_W@__crt_stdio_output@@@__crt_stdio_output@@IAE_NAA_J@Z 1007f360 f i libucrtd:output.obj
 0002:0002f4e0       ??$extract_argument_from_va_list@F_J@?$standard_base@DV?$stream_output_adapter@D@__crt_stdio_output@@@__crt_stdio_output@@IAE_NAA_J@Z 1007f4e0 f i libucrtd:output.obj
 0002:0002f520       ??$extract_argument_from_va_list@F_J@?$standard_base@DV?$string_output_adapter@D@__crt_stdio_output@@@__crt_stdio_output@@IAE_NAA_J@Z 1007f520 f i libucrtd:output.obj
 0002:0002f560       ??$extract_argument_from_va_list@F_J@?$standard_base@_WV?$stream_output_adapter@_W@__crt_stdio_output@@@__crt_stdio_output@@IAE_NAA_J@Z 1007f560 f i libucrtd:output.obj
 0002:0002f5a0       ??$extract_argument_from_va_list@F_J@?$standard_base@_WV?$string_output_adapter@_W@__crt_stdio_output@@@__crt_stdio_output@@IAE_NAA_J@Z 1007f5a0 f i libucrtd:output.obj
 0002:0002f5e0       ??$extract_argument_from_va_list@GD@?$positional_parameter_base@DV?$stream_output_adapter@D@__crt_stdio_output@@@__crt_stdio_output@@IAE_NAAD@Z 1007f5e0 f i libucrtd:output.obj
 0002:0002f760       ??$extract_argument_from_va_list@GD@?$positional_parameter_base@DV?$string_output_adapter@D@__crt_stdio_output@@@__crt_stdio_output@@IAE_NAAD@Z 1007f760 f i libucrtd:output.obj
 0002:0002f8e0       ??$extract_argument_from_va_list@GD@?$standard_base@DV?$stream_output_adapter@D@__crt_stdio_output@@@__crt_stdio_output@@IAE_NAAD@Z 1007f8e0 f i libucrtd:output.obj
 0002:0002f910       ??$extract_argument_from_va_list@GD@?$standard_base@DV?$string_output_adapter@D@__crt_stdio_output@@@__crt_stdio_output@@IAE_NAAD@Z 1007f910 f i libucrtd:output.obj
 0002:0002f940       ??$extract_argument_from_va_list@G_J@?$positional_parameter_base@DV?$stream_output_adapter@D@__crt_stdio_output@@@__crt_stdio_output@@IAE_NAA_J@Z 1007f940 f i libucrtd:output.obj
 0002:0002fac0       ??$extract_argument_from_va_list@G_J@?$positional_parameter_base@DV?$string_output_adapter@D@__crt_stdio_output@@@__crt_stdio_output@@IAE_NAA_J@Z 1007fac0 f i libucrtd:output.obj
 0002:0002fc40       ??$extract_argument_from_va_list@G_J@?$positional_parameter_base@_WV?$stream_output_adapter@_W@__crt_stdio_output@@@__crt_stdio_output@@IAE_NAA_J@Z 1007fc40 f i libucrtd:output.obj
 0002:0002fdc0       ??$extract_argument_from_va_list@G_J@?$positional_parameter_base@_WV?$string_output_adapter@_W@__crt_stdio_output@@@__crt_stdio_output@@IAE_NAA_J@Z 1007fdc0 f i libucrtd:output.obj
 0002:0002ff40       ??$extract_argument_from_va_list@G_J@?$standard_base@DV?$stream_output_adapter@D@__crt_stdio_output@@@__crt_stdio_output@@IAE_NAA_J@Z 1007ff40 f i libucrtd:output.obj
 0002:0002ff80       ??$extract_argument_from_va_list@G_J@?$standard_base@DV?$string_output_adapter@D@__crt_stdio_output@@@__crt_stdio_output@@IAE_NAA_J@Z 1007ff80 f i libucrtd:output.obj
 0002:0002ffc0       ??$extract_argument_from_va_list@G_J@?$standard_base@_WV?$stream_output_adapter@_W@__crt_stdio_output@@@__crt_stdio_output@@IAE_NAA_J@Z 1007ffc0 f i libucrtd:output.obj
 0002:00030000       ??$extract_argument_from_va_list@G_J@?$standard_base@_WV?$string_output_adapter@_W@__crt_stdio_output@@@__crt_stdio_output@@IAE_NAA_J@Z 10080000 f i libucrtd:output.obj
 0002:00030040       ??$extract_argument_from_va_list@H_J@?$positional_parameter_base@DV?$stream_output_adapter@D@__crt_stdio_output@@@__crt_stdio_output@@IAE_NAA_J@Z 10080040 f i libucrtd:output.obj
 0002:000301c0       ??$extract_argument_from_va_list@H_J@?$positional_parameter_base@DV?$string_output_adapter@D@__crt_stdio_output@@@__crt_stdio_output@@IAE_NAA_J@Z 100801c0 f i libucrtd:output.obj
 0002:00030340       ??$extract_argument_from_va_list@H_J@?$positional_parameter_base@_WV?$stream_output_adapter@_W@__crt_stdio_output@@@__crt_stdio_output@@IAE_NAA_J@Z 10080340 f i libucrtd:output.obj
 0002:000304c0       ??$extract_argument_from_va_list@H_J@?$positional_parameter_base@_WV?$string_output_adapter@_W@__crt_stdio_output@@@__crt_stdio_output@@IAE_NAA_J@Z 100804c0 f i libucrtd:output.obj
 0002:00030640       ??$extract_argument_from_va_list@H_J@?$standard_base@DV?$stream_output_adapter@D@__crt_stdio_output@@@__crt_stdio_output@@IAE_NAA_J@Z 10080640 f i libucrtd:output.obj
 0002:00030680       ??$extract_argument_from_va_list@H_J@?$standard_base@DV?$string_output_adapter@D@__crt_stdio_output@@@__crt_stdio_output@@IAE_NAA_J@Z 10080680 f i libucrtd:output.obj
 0002:000306c0       ??$extract_argument_from_va_list@H_J@?$standard_base@_WV?$stream_output_adapter@_W@__crt_stdio_output@@@__crt_stdio_output@@IAE_NAA_J@Z 100806c0 f i libucrtd:output.obj
 0002:00030700       ??$extract_argument_from_va_list@H_J@?$standard_base@_WV?$string_output_adapter@_W@__crt_stdio_output@@@__crt_stdio_output@@IAE_NAA_J@Z 10080700 f i libucrtd:output.obj
 0002:00030740       ??$extract_argument_from_va_list@I_J@?$positional_parameter_base@DV?$stream_output_adapter@D@__crt_stdio_output@@@__crt_stdio_output@@IAE_NAA_J@Z 10080740 f i libucrtd:output.obj
 0002:000308c0       ??$extract_argument_from_va_list@I_J@?$positional_parameter_base@DV?$string_output_adapter@D@__crt_stdio_output@@@__crt_stdio_output@@IAE_NAA_J@Z 100808c0 f i libucrtd:output.obj
 0002:00030a40       ??$extract_argument_from_va_list@I_J@?$positional_parameter_base@_WV?$stream_output_adapter@_W@__crt_stdio_output@@@__crt_stdio_output@@IAE_NAA_J@Z 10080a40 f i libucrtd:output.obj
 0002:00030bc0       ??$extract_argument_from_va_list@I_J@?$positional_parameter_base@_WV?$string_output_adapter@_W@__crt_stdio_output@@@__crt_stdio_output@@IAE_NAA_J@Z 10080bc0 f i libucrtd:output.obj
 0002:00030d40       ??$extract_argument_from_va_list@I_J@?$standard_base@DV?$stream_output_adapter@D@__crt_stdio_output@@@__crt_stdio_output@@IAE_NAA_J@Z 10080d40 f i libucrtd:output.obj
 0002:00030d80       ??$extract_argument_from_va_list@I_J@?$standard_base@DV?$string_output_adapter@D@__crt_stdio_output@@@__crt_stdio_output@@IAE_NAA_J@Z 10080d80 f i libucrtd:output.obj
 0002:00030dc0       ??$extract_argument_from_va_list@I_J@?$standard_base@_WV?$stream_output_adapter@_W@__crt_stdio_output@@@__crt_stdio_output@@IAE_NAA_J@Z 10080dc0 f i libucrtd:output.obj
 0002:00030e00       ??$extract_argument_from_va_list@I_J@?$standard_base@_WV?$string_output_adapter@_W@__crt_stdio_output@@@__crt_stdio_output@@IAE_NAA_J@Z 10080e00 f i libucrtd:output.obj
 0002:00030e40       ??$extract_argument_from_va_list@PADPAD@?$positional_parameter_base@DV?$stream_output_adapter@D@__crt_stdio_output@@@__crt_stdio_output@@IAE_NAAPAD@Z 10080e40 f i libucrtd:output.obj
 0002:00030fc0       ??$extract_argument_from_va_list@PADPAD@?$positional_parameter_base@DV?$string_output_adapter@D@__crt_stdio_output@@@__crt_stdio_output@@IAE_NAAPAD@Z 10080fc0 f i libucrtd:output.obj
 0002:00031140       ??$extract_argument_from_va_list@PADPAD@?$positional_parameter_base@_WV?$stream_output_adapter@_W@__crt_stdio_output@@@__crt_stdio_output@@IAE_NAAPAD@Z 10081140 f i libucrtd:output.obj
 0002:000312c0       ??$extract_argument_from_va_list@PADPAD@?$positional_parameter_base@_WV?$string_output_adapter@_W@__crt_stdio_output@@@__crt_stdio_output@@IAE_NAAPAD@Z 100812c0 f i libucrtd:output.obj
 0002:00031440       ??$extract_argument_from_va_list@PADPAD@?$standard_base@DV?$stream_output_adapter@D@__crt_stdio_output@@@__crt_stdio_output@@IAE_NAAPAD@Z 10081440 f i libucrtd:output.obj
 0002:00031470       ??$extract_argument_from_va_list@PADPAD@?$standard_base@DV?$string_output_adapter@D@__crt_stdio_output@@@__crt_stdio_output@@IAE_NAAPAD@Z 10081470 f i libucrtd:output.obj
 0002:000314a0       ??$extract_argument_from_va_list@PADPAD@?$standard_base@_WV?$stream_output_adapter@_W@__crt_stdio_output@@@__crt_stdio_output@@IAE_NAAPAD@Z 100814a0 f i libucrtd:output.obj
 0002:000314d0       ??$extract_argument_from_va_list@PADPAD@?$standard_base@_WV?$string_output_adapter@_W@__crt_stdio_output@@@__crt_stdio_output@@IAE_NAAPAD@Z 100814d0 f i libucrtd:output.obj
 0002:00031d40       ??$extract_argument_from_va_list@PAXPAX@?$positional_parameter_base@DV?$stream_output_adapter@D@__crt_stdio_output@@@__crt_stdio_output@@IAE_NAAPAX@Z 10081d40 f i libucrtd:output.obj
 0002:00031ec0       ??$extract_argument_from_va_list@PAXPAX@?$positional_parameter_base@DV?$string_output_adapter@D@__crt_stdio_output@@@__crt_stdio_output@@IAE_NAAPAX@Z 10081ec0 f i libucrtd:output.obj
 0002:00032040       ??$extract_argument_from_va_list@PAXPAX@?$positional_parameter_base@_WV?$stream_output_adapter@_W@__crt_stdio_output@@@__crt_stdio_output@@IAE_NAAPAX@Z 10082040 f i libucrtd:output.obj
 0002:000321c0       ??$extract_argument_from_va_list@PAXPAX@?$positional_parameter_base@_WV?$string_output_adapter@_W@__crt_stdio_output@@@__crt_stdio_output@@IAE_NAAPAX@Z 100821c0 f i libucrtd:output.obj
 0002:00032340       ??$extract_argument_from_va_list@PAXPAX@?$standard_base@DV?$stream_output_adapter@D@__crt_stdio_output@@@__crt_stdio_output@@IAE_NAAPAX@Z 10082340 f i libucrtd:output.obj
 0002:00032370       ??$extract_argument_from_va_list@PAXPAX@?$standard_base@DV?$string_output_adapter@D@__crt_stdio_output@@@__crt_stdio_output@@IAE_NAAPAX@Z 10082370 f i libucrtd:output.obj
 0002:000323a0       ??$extract_argument_from_va_list@PAXPAX@?$standard_base@_WV?$stream_output_adapter@_W@__crt_stdio_output@@@__crt_stdio_output@@IAE_NAAPAX@Z 100823a0 f i libucrtd:output.obj
[...]
 0003:000255f8       __sehtable$__fcloseall     1011e5f8     libucrtd:closeall.obj
 0003:00025618       __sehtable$??$?RV<lambda_2866be3712abc81a800a822484c830d8>@@AAV<lambda_39ca0ed439415581b5b15c265174cece>@@V<lambda_2b24c74d71094a6cd0cb82e44167d71b>@@@?$__crt_seh_guarded_call@X@@QAEX$$QAV<lambda_2866be3712abc81a800a822484c830d8>@@AAV<lambda_39ca0ed439415581b5b15c265174cece>@@$$QAV<lambda_2b24c74d71094a6cd0cb82e44167d71b>@@@Z 1011e618     libucrtd:fflush.obj
 0003:00025638       __sehtable$??$?RV<lambda_2cc53f568c5a2bb6f192f930a45d44ea>@@AAV<lambda_ab61a845afdef5b7c387490eaf3616ee>@@V<lambda_c2ffc0b7726aa6be21d5f0026187e748>@@@?$__crt_seh_guarded_call@X@@QAEX$$QAV<lambda_2cc53f568c5a2bb6f192f930a45d44ea>@@AAV<lambda_ab61a845afdef5b7c387490eaf3616ee>@@$$QAV<lambda_c2ffc0b7726aa6be21d5f0026187e748>@@@Z 1011e638     libucrtd:fflush.obj
 0003:00025658       __sehtable$??$?RV<lambda_6d20deecaf4856105ebacbad442d1079>@@AAV<lambda_9a32fed5bf61b6b509b2d3f6003082a1>@@V<lambda_63ea2239ed67c638ddbae41947fdf875>@@@?$__crt_seh_guarded_call@H@@QAEH$$QAV<lambda_6d20deecaf4856105ebacbad442d1079>@@AAV<lambda_9a32fed5bf61b6b509b2d3f6003082a1>@@$$QAV<lambda_63ea2239ed67c638ddbae41947fdf875>@@@Z 1011e658     libucrtd:fflush.obj
 0003:00025678       __sehtable$__open_osfhandle 1011e678     libucrtd:osfinfo.obj
 0003:00025698       __sehtable$__alloc_osfhnd  1011e698     libucrtd:osfinfo.obj
 0003:000256b8       __sehtable$___acrt_lowio_ensure_fh_exists 1011e6b8     libucrtd:osfinfo.obj
 0003:000256d8       __unwindtable$?shortsort@@YAXPAD0IP6AHPBX1@Z@Z 1011e6d8     libucrtd:qsort.obj
 0003:000256e0       __ehfuncinfo$?shortsort@@YAXPAD0IP6AHPBX1@Z@Z 1011e6e0     libucrtd:qsort.obj
 0003:00025708       __unwindtable$?_wcrtomb_s_l@@YAHQAHQADI_WQAU_Mbstatet@@QAU__crt_locale_pointers@@@Z 1011e708     libucrtd:wcrtomb.obj
 0003:00025710       __ehfuncinfo$?_wcrtomb_s_l@@YAHQAHQADI_WQAU_Mbstatet@@QAU__crt_locale_pointers@@@Z 1011e710     libucrtd:wcrtomb.obj
 0003:00025738       __sehtable$__write         1011e738     libucrtd:write.obj
 0003:00025758       __sehtable$??$common_lseek@J@@YAJHJH@Z 1011e758     libucrtd:lseek.obj
 0003:00025778       __sehtable$??$common_lseek@_J@@YA_JH_JH@Z 1011e778     libucrtd:lseek.obj
 0003:00025798       __sehtable$_fclose         1011e798     libucrtd:fclose.obj
 0003:000257b8       __sehtable$??$?RV<lambda_73934b50d04267ee15484ada9e51f93a>@@AAV<lambda_5533cddd4bda0037814beee657757329>@@V<lambda_505f522a38cc75b1e009910344c75d09>@@@?$__crt_seh_guarded_call@H@@QAEH$$QAV<lambda_73934b50d04267ee15484ada9e51f93a>@@AAV<lambda_5533cddd4bda0037814beee657757329>@@$$QAV<lambda_505f522a38cc75b1e009910344c75d09>@@@Z 1011e7b8     libucrtd:commit.obj
 0003:000257d8       __sehtable$??$?RV<lambda_f828341fbe69b7c0d4c527b01f22877f>@@AAV<lambda_9e0b6ab72a5b3ae37ad997d08b519f50>@@V<lambda_f01deac0a8d65d6e0411edf7e0af5775>@@@?$__crt_seh_guarded_call@G@@QAEG$$QAV<lambda_f828341fbe69b7c0d4c527b01f22877f>@@AAV<lambda_9e0b6ab72a5b3ae37ad997d08b519f50>@@$$QAV<lambda_f01deac0a8d65d6e0411edf7e0af5775>@@@Z 1011e7d8     libucrtd:putwch.obj
 0003:000257f8       __sehtable$__read          1011e7f8     libucrtd:read.obj
 0003:00025818       __sehtable$??$?RV<lambda_e683defbe2e5a27c42b5544acbb13393>@@AAV<lambda_4e7105787b7b0e0227fbf2b2d883fa65>@@V<lambda_80a887151cae997482d53eaa74bb832b>@@@?$__crt_seh_guarded_call@H@@QAEH$$QAV<lambda_e683defbe2e5a27c42b5544acbb13393>@@AAV<lambda_4e7105787b7b0e0227fbf2b2d883fa65>@@$$QAV<lambda_80a887151cae997482d53eaa74bb832b>@@@Z 1011e818     libucrtd:close.obj
 0003:00025838       __sehtable$?__acrt_stdio_allocate_stream@@YA?AV__crt_stdio_stream@@XZ 1011e838     libucrtd:stream.obj
 0003:00025858       __sehtable$___set_fpsr_sse2 1011e858     libucrtd:fpctrl.obj
 0003:00025878       __sehtable$__IsNonwritableInCurrentImage 1011e878     LIBCMTD:pesect.obj
 0003:00025b20       .edata                     1011eb20     niii.exp
 0003:00025b48       rgpv                       1011eb48     niii.exp
 0003:00025b7c       rgszName                   1011eb7c     niii.exp
 0003:00025bb0       rgwOrd                     1011ebb0     niii.exp
 0003:00025bca       szName                     1011ebca     niii.exp
 0003:00025bd3       $N00001                    1011ebd3     niii.exp
 0003:00025bf2       $N00002                    1011ebf2     niii.exp
 0003:00025c04       $N00003                    1011ec04     niii.exp
 0003:00025c13       $N00004                    1011ec13     niii.exp
 0003:00025c2e       $N00005                    1011ec2e     niii.exp
 0003:00025c3e       $N00006                    1011ec3e     niii.exp
 0003:00025c52       $N00007                    1011ec52     niii.exp
 0003:00025c62       $N00008                    1011ec62     niii.exp
 0003:00025c72       $N00009                    1011ec72     niii.exp
 0003:00025c84       $N00010                    1011ec84     niii.exp
 0003:00025c9c       $N00011                    1011ec9c     niii.exp
 0003:00025cb6       $N00012                    1011ecb6     niii.exp
 0003:00025cce       $N00013                    1011ecce     niii.exp
 0004:00000004       _charm_tls_idx             1011f004     charmmod.obj
 0004:0000001c       ?tls_idx@@3HA              1011f01c     niii.obj
 0004:00000020       ?tls_for_trace_idx@@3HA    1011f020     niii.obj
 0004:000000e0       ?__vcrt_flsindex@@3KA      1011f0e0     libvcruntimed:per_thread_data.obj
 0004:00000110       ?__acrt_current_request_number@@3JA 1011f110     libucrtd:debug_heap.obj
 0004:00000148       ?errno_no_memory@@3HA      1011f148     libucrtd:errno.obj
 0004:0000014c       ?doserrno_no_memory@@3KA   1011f14c     libucrtd:errno.obj
 0004:00000150       ?__acrt_debug_fill_threshold@@3IA 1011f150     libucrtd:debug_fill_threshold.obj
 0004:00000154       ?__acrt_flsindex@@3KA      1011f154     libucrtd:per_thread_data.obj
 0004:00000224       __ctype_loc_style          1011f224     libucrtd:wsetlocale.obj
 0004:000005f0       __mbctypes                 1011f5f0     libucrtd:mbctype.obj
 0004:00000728       __mbcasemaps               1011f728     libucrtd:mbctype.obj
 0004:0000085c       ?__rgctypeflag@@3PADA      1011f85c     libucrtd:mbctype.obj
 0004:00000860       ?__rgcode_page_info@@3PAUcode_page_info@@A 1011f860     libucrtd:mbctype.obj
 0004:00000b40       ?__DAZ_ENABLED@?1??__set_fpsr_sse2@@9@9 1011fb40     libucrtd:fpctrl.obj
 0004:00000b44       ?__dcrt_lowio_console_output_handle@@3PAXA 1011fb44     libucrtd:initcon.obj
 0004:00000f64       ?niii_per_thread@@3_NA     1011ff64     niii.obj
 0004:00000f65       ?nudge_kills@@3_NA         1011ff65     niii.obj
 0004:00000f66       ?go_native@@3_NC           1011ff66     niii.obj
 0004:00000f68       _options                   1011ff68     niii.obj
 0004:00001398       ?verbose@@3IA              10120398     niii.obj
 0004:0000139c       ?client_id@@3IA            1012039c     niii.obj
 0004:000013a0       ?global_data@@3PAU_MyThreadData@@A 101203a0     niii.obj
 0004:000013a4       ?global_func_id@@3HC       101203a4     niii.obj
 0004:000013a8       ?logdir@@3PADA             101203a8     niii.obj
 0004:000015bb       ?init@?1??_RTC_InitBase@@9@4_NA 101205bb     LIBCMTD:init.obj
 0004:000015c0       _GS_ExceptionRecord        101205c0     LIBCMTD:gs_report.obj
 0004:00001610       _GS_ContextRecord          10120610     LIBCMTD:gs_report.obj
 0004:0000197c       ?__proc_attached@@3HA      1012097c     LIBCMTD:dll_dllmain.obj
 0004:0000198c       ?_RTC_ErrorReportFunc@@3P6AHHPBDH00ZZA 1012098c     LIBCMTD:userapi.obj
 0004:00001990       ?_RTC_ErrorReportFuncW@@3P6AHHPB_WH00ZZA 10120990     LIBCMTD:userapi.obj
 0004:000019bc       ?is_initialized_as_dll@@3_NA 101209bc     LIBCMTD:utility.obj
 0004:000019bd       ?module_local_atexit_table_initialized@@3_NA 101209bd     LIBCMTD:utility.obj
 0004:000019c0       ?module_local_atexit_table@@3U_onexit_table_t@@A 101209c0     LIBCMTD:utility.obj
 0004:000019cc       ?module_local_at_quick_exit_table@@3U_onexit_table_t@@A 101209cc     LIBCMTD:utility.obj
 0004:000019e4       ?mspdb@@3PAUHINSTANCE__@@A 101209e4     LIBCMTD:pdblkup.obj
 0004:000019e8       ?alreadyTried@?1??GetPdbDll@@YAPAUHINSTANCE__@@XZ@4_NA 101209e8     LIBCMTD:pdblkup.obj
 0004:000019e9       ?PDBOK@?1??_RTC_GetSrcLine@@YAHPAEPA_WKPAH1K@Z@4_NA 101209e9     LIBCMTD:pdblkup.obj
 0004:00001a20       ?heap@@3V_HeapManager@@A   10120a20     libvcruntimed:undname.obj
 0004:00001a40       ?buf@?1??dbGetString@DName@@QBEPADXZ@4PADA 10120a40     libvcruntimed:undname.obj
 0004:00001aa0       ?__vcrt_startup_thread_ptd@@3U__vcrt_ptd@@A 10120aa0     libvcruntimed:per_thread_data.obj
 0004:00001ad0       ___vcrt_lock_table         10120ad0     libvcruntimed:locks.obj
 0004:00001ae8       ___vcrt_locks_initialized  10120ae8     libvcruntimed:locks.obj
 0004:00001af4       ?module_handles@@3PAPAUHINSTANCE__@@A 10120af4     libvcruntimed:winapi_downlevel.obj
 0004:00001b00       ?encoded_function_pointers@@3PAPAXA 10120b00     libvcruntimed:winapi_downlevel.obj
 0004:00001b24       ?c_termination_complete@@3JA 10120b24     libucrtd:exit.obj
 0004:00001b28       ?thread_local_exit_callback_func@@3P6GXPAXK0@ZA 10120b28     libucrtd:exit.obj
 0004:00001b30       ?program_name@?1???$common_configure_argv@D@@YAHW4_crt_argv_mode@@@Z@4PADA 10120b30     libucrtd:argv_parsing.obj
 0004:00001c70       ?program_name@?1???$common_configure_argv@_W@@YAHW4_crt_argv_mode@@@Z@4PA_WA 10120c70     libucrtd:argv_parsing.obj
 0004:00001f18       ?__acrt_first_block@@3PAU_CrtMemBlockHeader@@A 10120f18     libucrtd:debug_heap.obj
 0004:00001f1c       ?__acrt_last_block@@3PAU_CrtMemBlockHeader@@A 10120f1c     libucrtd:debug_heap.obj
 0004:00001f20       ?__acrt_total_allocations@@3IA 10120f20     libucrtd:debug_heap.obj
 0004:00001f24       ?__acrt_current_allocations@@3IA 10120f24     libucrtd:debug_heap.obj
 0004:00001f28       ?__acrt_max_allocations@@3IA 10120f28     libucrtd:debug_heap.obj
 0004:00001f2c       ?__acrt_check_frequency@@3IA 10120f2c     libucrtd:debug_heap.obj
 0004:00001f30       ?__acrt_check_counter@@3IA 10120f30     libucrtd:debug_heap.obj
 0004:00001f38       ?heap_validation_pending@@3_NA 10120f38     libucrtd:debug_heap.obj
 0004:00001f3c       ?__acrt_invalid_parameter_handler@@3V?$dual_state_global@P6AXPB_W00II@Z@__crt_state_management@@A 10120f3c     libucrtd:invalid_parameter.obj
 0004:00001f50       ?__acrt_lock_table@@3PAU_RTL_CRITICAL_SECTION@@A 10120f50     libucrtd:locks.obj
 0004:000020a0       ?__acrt_locks_initialized@@3IA 101210a0     libucrtd:locks.obj
 0004:000020e8       ?console_ctrl_handler_installed@@3_NA 101210e8     libucrtd:signal.obj
 0004:000020ec       ?ctrlc_action@@3V?$dual_state_global@P6AXH@Z@__crt_state_management@@A 101210ec     libucrtd:signal.obj
 0004:000020f0       ?ctrlbreak_action@@3V?$dual_state_global@P6AXH@Z@__crt_state_management@@A 101210f0     libucrtd:signal.obj
 0004:000020f4       ?abort_action@@3V?$dual_state_global@P6AXH@Z@__crt_state_management@@A 101210f4     libucrtd:signal.obj
 0004:000020f8       ?term_action@@3V?$dual_state_global@P6AXH@Z@__crt_state_management@@A 101210f8     libucrtd:signal.obj
 0004:00002100       ?internal_state@?1??_mbtowc_l@@9@4U_Mbstatet@@A 10121100     libucrtd:mbtowc.obj
 0004:0000211c       ?enable_percent_n@@3IA     1012111c     libucrtd:printf_count_output.obj
 0004:0000239c       ?state_cache@?1???$get_cached_win_policy@Ubegin_thread_init_policy_properties@?1??__acrt_get_begin_thread_init_policy@@YA?AW4begin_thread_init_policy@@XZ@@@YA?AW4begin_thread_init_policy@@W4AppPolicyThreadInitializationType@@@Z@4JA 1012139c     libucrtd:win_policies.obj
 0004:000023a0       ?state_cache@?1???$get_cached_win_policy@Udeveloper_information_policy_properties@?1??__acrt_get_developer_information_policy@@YA?AW4developer_information_policy@@XZ@@@YA?AW4developer_information_policy@@W4AppPolicyShowDeveloperDiagnostic@@@Z@4JA 101213a0     libucrtd:win_policies.obj
 0004:000023a4       ?state_cache@?1???$get_cached_win_policy@Uwindowing_model_policy_properties@?1??__acrt_get_windowing_model_policy@@YA?AW4windowing_model_policy@@XZ@@@YA?AW4windowing_model_policy@@W4AppPolicyWindowingModel@@@Z@4JA 101213a4     libucrtd:win_policies.obj
 0004:000023b4       ?fSystemSet@@3HA           101213b4     libucrtd:mbctype.obj
 0004:000023bb       ?initialized@?1??__acrt_initialize_multibyte@@9@4_NA 101213bb     libucrtd:mbctype.obj
 0004:000023d8       ?module_handles@@3PAPAUHINSTANCE__@@A 101213d8     libucrtd:winapi_thunks.obj
 0004:00002428       ?encoded_function_pointers@@3PAPAXA 10121428     libucrtd:winapi_thunks.obj
 0004:000024dc       ?static_enum_proc@?1??enum_system_locales_ex_nolock@@YAHQ6GHPA_WKJ@Z@Z@4P6GH0KJ@ZA 101214dc     libucrtd:winapi_thunks.obj
 0004:000024e4       ?__acrt_new_handler@@3V?$dual_state_global@P6AHI@Z@__crt_state_management@@A 101214e4     libucrtd:new_handler.obj
 0004:000024e8       ?user_matherr@@3V?$dual_state_global@P6AHPAU_exception@@@Z@__crt_state_management@@A 101214e8     libucrtd:matherr.obj
 0004:000024ec       ?__acrt_global_new_mode@@3V?$dual_state_global@J@__crt_state_management@@A 101214ec     libucrtd:new_mode.obj
 0004:000024f0       ?__acrt_app_type@@3W4_crt_app_type@@A 101214f0     libucrtd:report_runtime_error.obj
 0004:000024f8       ?outmsg@?9??__acrt_report_runtime_error@@9@4PA_WA 101214f8     libucrtd:report_runtime_error.obj
 0004:00002c5c       ?mbst@?1??mbrlen@@9@4U_Mbstatet@@A 10121c5c     libucrtd:mbrtowc.obj
 0004:00002c68       ?mbst@?1??mbrtowc@@9@4U_Mbstatet@@A 10121c68     libucrtd:mbrtowc.obj
 0004:00002c74       ?mbst@?1??_mbsrtowcs_helper@@YAIPA_WPAPBDIPAU_Mbstatet@@@Z@4U2@A 10121c74     libucrtd:mbrtowc.obj
 0004:00002c84       ___acrt_error_mode         10121c84     libucrtd:set_error_mode.obj
 0004:00002c88       ?local_state@?6??_wcrtomb_s_l@@YAHQAHQADI_WQAU_Mbstatet@@QAU__crt_locale_pointers@@@Z@4U2@A 10121c88     libucrtd:wcrtomb.obj
 0004:00002c94       ?internal_pst@?1??__mbrtoc32_utf8@__crt_mbstring@@YAIPA_UPBDIPAU_Mbstatet@@@Z@4U3@A 10121c94     libucrtd:mbrtoc32.obj
 0004:00002ca0       ?internal_pst@?1??__c16rtomb_utf8@__crt_mbstring@@YAIPAD_SPAU_Mbstatet@@@Z@4U3@A 10121ca0     libucrtd:c16rtomb.obj
 0004:00002cac       __pmatherr_set             10121cac     libucrtd:libm_error.obj
 0004:00002cb8       _options                   10121cb8     charmmod.obj
 0004:000030e8       _drmodtrack_init_count     101220e8     charmmod.obj
 0004:000030ec       _module_table              101220ec     charmmod.obj
 0004:00003124       _module_load_cb            10122124     charmmod.obj
 0004:00003128       _module_print_cb           10122128     charmmod.obj
 0004:0000312c       _module_parse_cb           1012212c     charmmod.obj
 0004:00003130       _module_free_cb            10122130     charmmod.obj
 0005:000009aa       .idata$6                   101239aa     drx:drx.dll
 0005:000009c0       .idata$6                   101239c0     drreg:drreg.dll
 0005:00000b2a       .idata$6                   10123b2a     drmgr:drmgr.dll
 0005:00000ba4       .idata$6                   10123ba4     drwrap:drwrap.dll
 0005:000010d8       .idata$6                   101240d8     dynamorio:dynamorio.dll
 0005:0000177c       .idata$6                   1012477c     kernel32:KERNEL32.dll
 0006:00000000       __9D2556C7_ctype@h         10125000     charmmod.obj
 0006:00000001       __0ABBA0E8_basetsd@h       10125001     charmmod.obj
 0006:00000002       __F7326C70_corecrt_memcpy_s@h 10125002     charmmod.obj
 0006:00000003       __F3213CDD_corecrt_wstring@h 10125003     charmmod.obj
 0006:00000004       __331176F9_string@h        10125004     charmmod.obj
 0006:00000005       __973B7BB1_winnt@h         10125005     charmmod.obj
 0006:00000006       __22B758B7_processthreadsapi@h 10125006     charmmod.obj
 0006:00000007       __17EDD87A_memoryapi@h     10125007     charmmod.obj
 0006:00000008       __8FEE8635_winerror@h      10125008     charmmod.obj
 0006:00000009       __9C1ADC95_winbase@h       10125009     charmmod.obj
 0006:0000000a       __FAB5349D_stralign@h      1012500a     charmmod.obj
 0006:0000000b       __8C811873_dr_config@h     1012500b     charmmod.obj
 0006:0000000c       __F5A5766F_corecrt_math@h  1012500c     charmmod.obj
 0006:0000000d       __9D50F390_dr_ir_macros_x86@h 1012500d     charmmod.obj
 0006:0000000e       __51469E67_dr_annotation@h 1012500e     charmmod.obj
 0006:0000000f       __F9077513_corecrt_stdio_config@h 1012500f     charmmod.obj
 0006:00000010       __C82B8D86_corecrt_wstdio@h 10125010     charmmod.obj
 0006:00000011       __420D04F9_stdio@h         10125011     charmmod.obj
 0006:00000012       __AB3DCA72_charmmod@c      10125012     charmmod.obj
 0006:00000016       __9D2556C7_ctype@h         10125016     niii.obj
 0006:00000017       __0ABBA0E8_basetsd@h       10125017     niii.obj
 0006:00000018       __F7326C70_corecrt_memcpy_s@h 10125018     niii.obj
 0006:00000019       __EDE4648F_corecrt_memory@h 10125019     niii.obj
 0006:0000001a       __F3213CDD_corecrt_wstring@h 1012501a     niii.obj
 0006:0000001b       __331176F9_string@h        1012501b     niii.obj
 0006:0000001c       __A63981FC_guiddef@h       1012501c     niii.obj
 0006:0000001d       __973B7BB1_winnt@h         1012501d     niii.obj
 0006:0000001e       __22B758B7_processthreadsapi@h 1012501e     niii.obj
 0006:0000001f       __17EDD87A_memoryapi@h     1012501f     niii.obj
 0006:00000020       __8FEE8635_winerror@h      10125020     niii.obj
 0006:00000021       __9C1ADC95_winbase@h       10125021     niii.obj
 0006:00000022       __F4F297E2_winuser@h       10125022     niii.obj
 0006:00000023       __FAB5349D_stralign@h      10125023     niii.obj
 0006:00000024       __8C811873_dr_config@h     10125024     niii.obj
 0006:00000025       __F5A5766F_corecrt_math@h  10125025     niii.obj
 0006:00000026       __9D50F390_dr_ir_macros_x86@h 10125026     niii.obj
 0006:00000027       __51469E67_dr_annotation@h 10125027     niii.obj
 0006:00000028       __F9077513_corecrt_stdio_config@h 10125028     niii.obj
 0006:00000029       __C82B8D86_corecrt_wstdio@h 10125029     niii.obj
 0006:0000002a       __420D04F9_stdio@h         1012502a     niii.obj
 0006:0000002b       __B562E25D_stdlib@h        1012502b     niii.obj
 0006:0000002c       __5DE39627_cstdlib         1012502c     niii.obj
 0006:0000002d       __0677504E_niii@cpp        1012502d     niii.obj
 0006:00000032       __9D2556C7_ctype@h         10125032     charmtable.obj
 0006:00000033       __0ABBA0E8_basetsd@h       10125033     charmtable.obj
 0006:00000034       __F7326C70_corecrt_memcpy_s@h 10125034     charmtable.obj
 0006:00000035       __F3213CDD_corecrt_wstring@h 10125035     charmtable.obj
 0006:00000036       __331176F9_string@h        10125036     charmtable.obj
 0006:00000037       __973B7BB1_winnt@h         10125037     charmtable.obj
 0006:00000038       __22B758B7_processthreadsapi@h 10125038     charmtable.obj
 0006:00000039       __17EDD87A_memoryapi@h     10125039     charmtable.obj
 0006:0000003a       __8FEE8635_winerror@h      1012503a     charmtable.obj
 0006:0000003b       __9C1ADC95_winbase@h       1012503b     charmtable.obj
 0006:0000003c       __FAB5349D_stralign@h      1012503c     charmtable.obj
 0006:0000003d       __8C811873_dr_config@h     1012503d     charmtable.obj
 0006:0000003e       __F5A5766F_corecrt_math@h  1012503e     charmtable.obj
 0006:0000003f       __9D50F390_dr_ir_macros_x86@h 1012503f     charmtable.obj
 0006:00000040       __51469E67_dr_annotation@h 10125040     charmtable.obj
 0006:00000041       __F9077513_corecrt_stdio_config@h 10125041     charmtable.obj
 0006:00000042       __C82B8D86_corecrt_wstdio@h 10125042     charmtable.obj
 0006:00000043       __420D04F9_stdio@h         10125043     charmtable.obj
 0006:00000044       __CB9803E0_charmtable@c    10125044     charmtable.obj
 0008:00000170       $R000000                   10127170     * linker generated manifest res *
