 niii

 Timestamp is 5f6d55a6 (Fri Sep 25 10:27:50 2020)

 Preferred load address is 10000000

 Start         Length     Name                   Class
 0001:00000000 0004e345H .textbss                DATA
 0002:00000000 000a7180H .text$mn                CODE
 0002:000a7180 00001217H .text$x                 CODE
 0003:00000000 00000104H .CRT$XCA                DATA
 0003:00000104 00000104H .CRT$XCZ                DATA
 0003:00000208 00000104H .CRT$XIA                DATA
 0003:0000030c 00000110H .CRT$XIC                DATA
 0003:0000041c 00000104H .CRT$XIZ                DATA
 0003:00000520 00000104H .CRT$XPA                DATA
 0003:00000624 0000010cH .CRT$XPX                DATA
 0003:00000730 00000104H .CRT$XPXA               DATA
 0003:00000834 00000104H .CRT$XPZ                DATA
 0003:00000938 00000104H .CRT$XTA                DATA
 0003:00000a3c 00000104H .CRT$XTZ                DATA
 0003:00000b40 000233fcH .rdata                  DATA
 0003:00023f3c 00000444H .rdata$r                DATA
 0003:00024380 0000017cH .rdata$zzzdbg           DATA
 0003:000244fc 00000104H .rtc$IAA                DATA
 0003:00024600 00000110H .rtc$IMZ                DATA
 0003:00024710 00000104H .rtc$IZZ                DATA
 0003:00024814 00000104H .rtc$TAA                DATA
 0003:00024918 00000110H .rtc$TMZ                DATA
 0003:00024a28 00000108H .rtc$TZZ                DATA
 0003:00024b30 00000f60H .xdata$x                DATA
 0003:00025a90 00000322H .edata                  DATA
 0004:00000000 00000c8cH .data                   DATA
 0004:00000c8c 00000254H .data$r                 DATA
 0004:00000ee0 00001e0cH .bss                    DATA
 0005:00000000 00000470H .idata$5                DATA
 0005:00000470 00000078H .idata$2                DATA
 0005:000004e8 00000014H .idata$3                DATA
 0005:000004fc 00000470H .idata$4                DATA
 0005:0000096c 00001062H .idata$6                DATA
 0006:00000000 0000014aH .msvcjmc                DATA
 0007:00000000 00000104H .00cfg                  DATA
 0008:00000000 00000170H .rsrc$01                DATA
 0008:00000170 00000293H .rsrc$02                DATA

  Address         Publics by Value              Rva+Base       Lib:Object

 0000:00000000       ___guard_iat_table         00000000     <absolute>
 0000:00000000       ___safe_se_handler_table   00000000     <absolute>
 0000:00000000       ___guard_iat_count         00000000     <absolute>
 0000:00000000       __except_list              00000000     <absolute>
 0000:00000000       ___guard_fids_table        00000000     <absolute>
 0000:00000000       ___safe_se_handler_count   00000000     <absolute>
 0000:00000000       ___hybrid_code_map_count   00000000     <absolute>
 0000:00000000       ___guard_fids_count        00000000     <absolute>
 0000:00000000       ___guard_longjmp_table     00000000     <absolute>
 0000:00000000       ___guard_longjmp_count     00000000     <absolute>
 0000:00000000       ___volatile_metadata       00000000     <absolute>
 0000:00000000       ___dynamic_value_reloc_table 00000000     <absolute>
 0000:00000000       ___hybrid_code_map         00000000     <absolute>
 0000:00000000       ___enclave_config          00000000     <absolute>
 0000:00000000       ___hybrid_auxiliary_iat    00000000     <absolute>
 0000:00000100       ___guard_flags             00000100     <absolute>
 0000:00000000       ___ImageBase               10000000     <linker-defined>
 0001:00000000       __enc$textbss$begin        10001000     <linker-defined>
 0001:0004e345       __enc$textbss$end          1004f345     <linker-defined>
 0002:00006710       __JustMyCode_Default       10056710 f i charmmod.obj
 0002:00006715       _dr_register_trace_event   10056715 f   dynamorio:dynamorio.dll
 0002:00006720       _drmodtrack_add_custom_data 10056720 f   charmmod.obj
 0002:000067a0       _drmodtrack_dump           100567a0 f   charmmod.obj
 0002:000068d0       _drmodtrack_dump_buf       100568d0 f   charmmod.obj
 0002:00006cb0       _drmodtrack_exit           10056cb0 f   charmmod.obj
 0002:00006d50       _drmodtrack_init           10056d50 f   charmmod.obj
 0002:00006ea0       _drmodtrack_lookup         10056ea0 f   charmmod.obj
 0002:000072b0       _drmodtrack_offline_exit   100572b0 f   charmmod.obj
 0002:000073e0       _drmodtrack_offline_lookup 100573e0 f   charmmod.obj
 0002:00007580       _drmodtrack_offline_read   10057580 f   charmmod.obj
 0002:00007db0       _drmodtrack_offline_write  10057db0 f   charmmod.obj
 0002:0000a190       ?cleaup_dynamorio@@YAXXZ   1005a190 f   niii.obj
 0002:0000a220       ?d_r_parse_int@@YAPBDPBDPA_KII_N@Z 1005a220 f   niii.obj
 0002:0000a4a0       ?d_r_strtoul@@YAKPBDPAPADH@Z 1005a4a0 f   niii.obj
 0002:0000a7f0       ?func_track_dump@@YA?AW4niii_status_t@@PAXPAU_MyThreadData@@@Z 1005a7f0 f   niii.obj
 0002:0000b210       ?finish_dynamorio@@YAXXZ   1005b210 f   niii.obj
 0002:0000ded0       _charmtable_alloc          1005ded0 f   charmtable.obj
 0002:0000eda0       _charmtable_create         1005eda0 f   charmtable.obj
 0002:0000efc0       _charmtable_destroy        1005efc0 f   charmtable.obj
 0002:0000f130       _charmtable_dump_entries   1005f130 f   charmtable.obj
 0002:0000f4d0       _charmtable_get_entry      1005f4d0 f   charmtable.obj
 0002:0000f600       _charmtable_get_index      1005f600 f   charmtable.obj
 0002:0000f740       _charmtable_iterate        1005f740 f   charmtable.obj
 0002:0000f950       _charmtable_lock           1005f950 f   charmtable.obj
 0002:0000fa50       _charmtable_num_entries    1005fa50 f   charmtable.obj
 0002:0000fb40       _charmtable_unlock         1005fb40 f   charmtable.obj
 0002:0000fc32       _drx_init                  1005fc32 f   drx:drx.dll
 0002:0000fc38       _drx_exit                  1005fc38 f   drx:drx.dll
 0002:0000fc3e       _drx_open_unique_appid_file 1005fc3e f   drx:drx.dll
 0002:0000fc44       _drreg_exit                1005fc44 f   drreg:drreg.dll
 0002:0000fc4a       _drmgr_init                1005fc4a f   drmgr:drmgr.dll
 0002:0000fc50       _drmgr_exit                1005fc50 f   drmgr:drmgr.dll
 0002:0000fc56       _drmgr_register_tls_field  1005fc56 f   drmgr:drmgr.dll
 0002:0000fc5c       _drmgr_unregister_tls_field 1005fc5c f   drmgr:drmgr.dll
 0002:0000fc62       _drmgr_get_tls_field       1005fc62 f   drmgr:drmgr.dll
 0002:0000fc68       _drmgr_set_tls_field       1005fc68 f   drmgr:drmgr.dll
 0002:0000fc6e       _drmgr_register_thread_init_event 1005fc6e f   drmgr:drmgr.dll
 0002:0000fc74       _drmgr_register_thread_exit_event 1005fc74 f   drmgr:drmgr.dll
 0002:0000fc7a       _drmgr_register_module_load_event 1005fc7a f   drmgr:drmgr.dll
 0002:0000fc80       _drmgr_register_module_unload_event 1005fc80 f   drmgr:drmgr.dll
 0002:0000fc86       _drmgr_register_bb_instrumentation_event 1005fc86 f   drmgr:drmgr.dll
 0002:0000fc8c       _drmgr_register_exception_event 1005fc8c f   drmgr:drmgr.dll
 0002:0000fca0       _drvector_init             1005fca0 f   drcontainers:drvector.obj
 0002:0000fd10       _drvector_get_entry        1005fd10 f   drcontainers:drvector.obj
 0002:0000fd80       _drvector_set_entry        1005fd80 f   drcontainers:drvector.obj
 0002:0000fe20       _drvector_append           1005fe20 f   drcontainers:drvector.obj
 0002:0000fed0       _drvector_delete           1005fed0 f   drcontainers:drvector.obj
 0002:0000ffb0       _drvector_lock             1005ffb0 f   drcontainers:drvector.obj
 0002:0000ffd0       _drvector_unlock           1005ffd0 f   drcontainers:drvector.obj
 0002:00010148       _drwrap_init               10060148 f   drwrap:drwrap.dll
 0002:0001014e       _drwrap_wrap_ex            1006014e f   drwrap:drwrap.dll
 0002:00010154       _drwrap_get_drcontext      10060154 f   drwrap:drwrap.dll
 0002:0001015a       _drwrap_get_func           1006015a f   drwrap:drwrap.dll
 0002:00010160       _drwrap_get_arg            10060160 f   drwrap:drwrap.dll
 0002:00010166       _drwrap_get_retval         10060166 f   drwrap:drwrap.dll
 0002:0001016c       _memset                    1006016c f   dynamorio:dynamorio.dll
 0002:00010172       _strchr                    10060172 f   dynamorio:dynamorio.dll
 0002:00010178       _strcmp                    10060178 f   dynamorio:dynamorio.dll
 0002:0001017e       __stricmp                  1006017e f   dynamorio:dynamorio.dll
 0002:00010184       _strlen                    10060184 f   dynamorio:dynamorio.dll
 0002:0001018a       _dr_abort                  1006018a f   dynamorio:dynamorio.dll
 0002:00010190       _dr_thread_alloc           10060190 f   dynamorio:dynamorio.dll
 0002:00010196       _dr_thread_free            10060196 f   dynamorio:dynamorio.dll
 0002:0001019c       _dr_global_alloc           1006019c f   dynamorio:dynamorio.dll
 0002:000101a2       _dr_global_free            100601a2 f   dynamorio:dynamorio.dll
 0002:000101a8       _dr_atomic_add32_return_sum 100601a8 f   dynamorio:dynamorio.dll
 0002:000101ae       _dr_copy_module_data       100601ae f   dynamorio:dynamorio.dll
 0002:000101b4       _dr_free_module_data       100601b4 f   dynamorio:dynamorio.dll
 0002:000101ba       _dr_module_preferred_name  100601ba f   dynamorio:dynamorio.dll
 0002:000101c0       _dr_write_file             100601c0 f   dynamorio:dynamorio.dll
 0002:000101c6       _dr_file_size              100601c6 f   dynamorio:dynamorio.dll
 0002:000101cc       _dr_map_file               100601cc f   dynamorio:dynamorio.dll
 0002:000101d2       _dr_unmap_file             100601d2 f   dynamorio:dynamorio.dll
 0002:000101d8       _dr_messagebox             100601d8 f   dynamorio:dynamorio.dll
 0002:000101de       _dr_printf                 100601de f   dynamorio:dynamorio.dll
 0002:000101e4       _dr_snprintf               100601e4 f   dynamorio:dynamorio.dll
 0002:000101ea       _dr_sscanf                 100601ea f   dynamorio:dynamorio.dll
 0002:000101f0       _memcpy                    100601f0 f   dynamorio:dynamorio.dll
 0002:000101f6       _strncpy                   100601f6 f   dynamorio:dynamorio.dll
 0002:000101fc       _dr_register_exit_event    100601fc f   dynamorio:dynamorio.dll
 0002:00010202       _dr_register_nudge_event   10060202 f   dynamorio:dynamorio.dll
 0002:00010208       _dr_using_all_private_caches 10060208 f   dynamorio:dynamorio.dll
 0002:0001020e       _dr_get_integer_option     1006020e f   dynamorio:dynamorio.dll
 0002:00010214       _dr_set_client_name        10060214 f   dynamorio:dynamorio.dll
 0002:0001021a       _dr_get_process_id         1006021a f   dynamorio:dynamorio.dll
 0002:00010220       _dr_get_milliseconds       10060220 f   dynamorio:dynamorio.dll
 0002:00010226       _dr_exit_process           10060226 f   dynamorio:dynamorio.dll
 0002:0001022c       _dr_safe_read              1006022c f   dynamorio:dynamorio.dll
 0002:00010232       _dr_get_proc_address       10060232 f   dynamorio:dynamorio.dll
 0002:00010238       _dr_close_file             10060238 f   dynamorio:dynamorio.dll
 0002:0001023e       _dr_log                    1006023e f   dynamorio:dynamorio.dll
 0002:00010244       _dr_get_stderr_file        10060244 f   dynamorio:dynamorio.dll
 0002:0001024a       _dr_fprintf                1006024a f   dynamorio:dynamorio.dll
 0002:00010250       _dr_enable_console_printing 10060250 f   dynamorio:dynamorio.dll
 0002:00010256       _dr_get_current_drcontext  10060256 f   dynamorio:dynamorio.dll
 0002:0001025c       _dr_get_thread_id          1006025c f   dynamorio:dynamorio.dll
 0002:00010262       _dr_suspend_all_other_threads_ex 10060262 f   dynamorio:dynamorio.dll
 0002:00010268       _dr_resume_all_other_threads 10060268 f   dynamorio:dynamorio.dll
 0002:0001026e       _dr_fragment_app_pc        1006026e f   dynamorio:dynamorio.dll
 0002:00010274       _instr_get_next_app        10060274 f   dynamorio:dynamorio.dll
 0002:0001027a       _instr_length              1006027a f   dynamorio:dynamorio.dll
 0002:00010280       _instr_get_app_pc          10060280 f   dynamorio:dynamorio.dll
 0002:00010286       _instr_is_call_direct      10060286 f   dynamorio:dynamorio.dll
 0002:0001028c       _instr_is_call_indirect    1006028c f   dynamorio:dynamorio.dll
 0002:00010292       _instr_is_return           10060292 f   dynamorio:dynamorio.dll
 0002:00010298       _instr_is_cti              10060298 f   dynamorio:dynamorio.dll
 0002:0001029e       _dr_insert_call_instrumentation 1006029e f   dynamorio:dynamorio.dll
 0002:000102a4       _dr_insert_mbr_instrumentation 100602a4 f   dynamorio:dynamorio.dll
 0002:000102aa       _decode_as_bb              100602aa f   dynamorio:dynamorio.dll
 0002:000102b0       _instrlist_clear_and_destroy 100602b0 f   dynamorio:dynamorio.dll
 0002:000102b6       _instrlist_first_app       100602b6 f   dynamorio:dynamorio.dll
 0002:000102bc       _instrlist_last            100602bc f   dynamorio:dynamorio.dll
 0002:000102c2       __allmul                   100602c2 f   dynamorio:dynamorio.dll
 0002:000102c8       _dr_nonheap_alloc          100602c8 f   dynamorio:dynamorio.dll
 0002:000102ce       _dr_nonheap_free           100602ce f   dynamorio:dynamorio.dll
 0002:000102d4       _dr_raw_mem_alloc          100602d4 f   dynamorio:dynamorio.dll
 0002:000102da       _dr_raw_mem_free           100602da f   dynamorio:dynamorio.dll
 0002:000102e0       _dr_page_size              100602e0 f   dynamorio:dynamorio.dll
 0002:000102e6       _dr_mutex_create           100602e6 f   dynamorio:dynamorio.dll
 0002:000102ec       _dr_mutex_destroy          100602ec f   dynamorio:dynamorio.dll
 0002:000102f2       _dr_mutex_lock             100602f2 f   dynamorio:dynamorio.dll
 0002:000102f8       _dr_mutex_unlock           100602f8 f   dynamorio:dynamorio.dll
 0002:00010300       @_RTC_AllocaHelper@12      10060300 f   LIBCMTD:stack.obj
 0002:00010340       @_RTC_CheckStackVars2@12   10060340 f   LIBCMTD:stack.obj
 0002:00010460       @_RTC_CheckStackVars@8     10060460 f   LIBCMTD:stack.obj
 0002:000104e0       __RTC_CheckEsp             100604e0 f   LIBCMTD:stack.obj
 0002:00010520       @__CheckForDebuggerJustMyCode@4 10060520 f   LIBCMTD:debugger_jmc.obj
 0002:00010570       @__security_check_cookie@4 10060570 f   LIBCMTD:secchk.obj
 0002:00010590       __CRT_RTC_INIT             10060590 f   LIBCMTD:init.obj
 0002:000105a0       __CRT_RTC_INITW            100605a0 f   LIBCMTD:init.obj
 0002:000105b0       __RTC_InitBase             100605b0 f   LIBCMTD:init.obj
 0002:000105f0       __RTC_Shutdown             100605f0 f   LIBCMTD:init.obj
 0002:00010610       ___raise_securityfailure   10060610 f   LIBCMTD:gs_report.obj
 0002:00010650       ___report_gsfailure        10060650 f   LIBCMTD:gs_report.obj
 0002:000107a0       ___report_rangecheckfailure 100607a0 f   LIBCMTD:gs_report.obj
 0002:000107b0       ___report_securityfailure  100607b0 f   LIBCMTD:gs_report.obj
 0002:000108c0       ___report_securityfailureEx 100608c0 f   LIBCMTD:gs_report.obj
 0002:00010ff0       __CRT_INIT@12              10060ff0 f   LIBCMTD:dll_dllmain.obj
 0002:00011010       __DllMainCRTStartup@12     10061010 f   LIBCMTD:dll_dllmain.obj
 0002:000110f0       ?_RTC_AllocaFailure@@YAXPAXPAU_RTC_ALLOCA_NODE@@H@Z 100610f0 f   LIBCMTD:error.obj
 0002:00011210       ?_RTC_Failure@@YAXPAXH@Z   10061210 f   LIBCMTD:error.obj
 0002:00011280       ?_RTC_StackFailure@@YAXPAXPBD@Z 10061280 f   LIBCMTD:error.obj
 0002:00011730       __RTC_UninitUse            10061730 f   LIBCMTD:error.obj
 0002:00011810       ___local_stdio_printf_options 10061810 f i LIBCMTD:error.obj
 0002:00011820       __vsprintf_s_l             10061820 f i LIBCMTD:error.obj
 0002:00011860       _sprintf_s                 10061860 f i LIBCMTD:error.obj
 0002:00011890       ?_RTC_GetErrorFunc@@YAP6AHHPBDH00ZZPBX@Z 10061890 f   LIBCMTD:userapi.obj
 0002:000118a0       ?_RTC_GetErrorFuncW@@YAP6AHHPB_WH00ZZPBX@Z 100618a0 f   LIBCMTD:userapi.obj
 0002:000118b0       __RTC_GetErrDesc           100618b0 f   LIBCMTD:userapi.obj
 0002:000118d0       __RTC_NumErrors            100618d0 f   LIBCMTD:userapi.obj
 0002:000118e0       __RTC_SetErrorFunc         100618e0 f   LIBCMTD:userapi.obj
 0002:00011910       __RTC_SetErrorFuncW        10061910 f   LIBCMTD:userapi.obj
 0002:00011940       __RTC_SetErrorType         10061940 f   LIBCMTD:userapi.obj
 0002:00011a00       ___security_init_cookie    10061a00 f   LIBCMTD:gs_support.obj
 0002:00011aa0       _DllMain@12                10061aa0 f   LIBCMTD:dll_dllmain_stub.obj
 0002:00011ab0       ?__scrt_initialize_type_info@@YAXXZ 10061ab0 f   LIBCMTD:tncleanup.obj
 0002:00011ad0       ?__scrt_uninitialize_type_info@@YAXXZ 10061ad0 f   LIBCMTD:tncleanup.obj
 0002:00011af0       ___local_stdio_scanf_options 10061af0 f i LIBCMTD:default_local_stdio_options.obj
 0002:00011b00       ___scrt_initialize_default_local_stdio_options 10061b00 f   LIBCMTD:default_local_stdio_options.obj
 0002:00011b50       ??$__crt_fast_decode_pointer@PAP6AXXZ@@YAPAP6AXXZQAP6AXXZ@Z 10061b50 f i LIBCMTD:utility.obj
 0002:00011b80       ??$__crt_fast_encode_pointer@PAP6AXXZ@@YAPAP6AXXZQAP6AXXZ@Z 10061b80 f i LIBCMTD:utility.obj
 0002:00011bc0       ?__crt_rotate_pointer_value@@YAIIH@Z 10061bc0 f i LIBCMTD:utility.obj
 0002:00011bd0       ?configure_argv@__scrt_narrow_argv_policy@@SAHXZ 10061bd0 f i LIBCMTD:utility.obj
 0002:00011ca0       ?initialize_environment@__scrt_narrow_environment_policy@@SAHXZ 10061ca0 f i LIBCMTD:utility.obj
 0002:00011d40       _NtCurrentTeb              10061d40 f i LIBCMTD:utility.obj
 0002:00011d50       ___scrt_acquire_startup_lock 10061d50 f   LIBCMTD:utility.obj
 0002:00011db0       ___scrt_dllmain_after_initialize_c 10061db0 f   LIBCMTD:utility.obj
 0002:00011df0       ___scrt_dllmain_before_initialize_c 10061df0 f   LIBCMTD:utility.obj
 0002:00011e20       ___scrt_dllmain_crt_thread_attach 10061e20 f   LIBCMTD:utility.obj
 0002:00011e60       ___scrt_dllmain_crt_thread_detach 10061e60 f   LIBCMTD:utility.obj
 0002:00011e80       ___scrt_dllmain_exception_filter 10061e80 f   LIBCMTD:utility.obj
 0002:00011ee0       ___scrt_dllmain_uninitialize_c 10061ee0 f   LIBCMTD:utility.obj
 0002:00011f20       ___scrt_dllmain_uninitialize_critical 10061f20 f   LIBCMTD:utility.obj
 0002:00011f40       ___scrt_initialize_crt     10061f40 f   LIBCMTD:utility.obj
 0002:00011fa0       ___scrt_initialize_onexit_tables 10061fa0 f   LIBCMTD:utility.obj
 0002:000120c0       ___scrt_is_nonwritable_in_current_image 100620c0 f   LIBCMTD:utility.obj
 0002:00012240       ___scrt_release_startup_lock 10062240 f   LIBCMTD:utility.obj
 0002:00012270       ___scrt_uninitialize_crt   10062270 f   LIBCMTD:utility.obj
 0002:000122c0       __onexit                   100622c0 f   LIBCMTD:utility.obj
 0002:00012350       _at_quick_exit             10062350 f   LIBCMTD:utility.obj
 0002:000123b0       _atexit                    100623b0 f   LIBCMTD:utility.obj
 0002:000123f0       ___scrt_get_dyn_tls_init_callback 100623f0 f   LIBCMTD:dyn_tls_init.obj
 0002:00012400       ___scrt_fastfail           10062400 f   LIBCMTD:utility_desktop.obj
 0002:00012590       ___scrt_get_show_window_mode 10062590 f   LIBCMTD:utility_desktop.obj
 0002:000125e0       ___scrt_initialize_mta     100625e0 f   LIBCMTD:utility_desktop.obj
 0002:000125f0       ___scrt_initialize_winrt   100625f0 f   LIBCMTD:utility_desktop.obj
 0002:00012600       ___scrt_is_managed_app     10062600 f   LIBCMTD:utility_desktop.obj
 0002:000126b0       ___scrt_set_unhandled_exception_filter 100626b0 f   LIBCMTD:utility_desktop.obj
 0002:000126d0       ___scrt_exe_initialize_mta 100626d0 f   LIBCMTD:utility_desktop.obj
 0002:000126d0       ___scrt_stub_for_initialize_mta 100626d0 f   LIBCMTD:utility_desktop.obj
 0002:000126e0       ___scrt_unhandled_exception_filter@4 100626e0 f   LIBCMTD:utility_desktop.obj
 0002:00012760       __crt_debugger_hook        10062760 f   LIBCMTD:utility_desktop.obj
 0002:00012780       __RTC_Initialize           10062780 f   LIBCMTD:initsect.obj
 0002:000127c0       __RTC_Terminate            100627c0 f   LIBCMTD:initsect.obj
 0002:00012800       @_guard_check_icall_nop@4  10062800 f i LIBCMTD:guard_support.obj
 0002:00012810       _ReadNoFence               10062810 f i LIBCMTD:guard_support.obj
 0002:00012830       _ReadPointerNoFence        10062830 f i LIBCMTD:guard_support.obj
 0002:00012850       __guard_icall_checks_enforced 10062850 f i LIBCMTD:guard_support.obj
 0002:00012e20       ?_RTC_GetSrcLine@@YAHPAEPA_WKPAH1K@Z 10062e20 f   LIBCMTD:pdblkup.obj
 0002:00013290       __except_handler4_noexcept 10063290 f   LIBCMTD:chandler4_noexcept.obj
 0002:000132f0       ___isa_available_init      100632f0 f   LIBCMTD:cpu_disp.obj
 0002:00013680       __get_startup_argv_mode    10063680 f   LIBCMTD:argv_mode.obj
 0002:00013690       ___scrt_is_ucrt_dll_in_use 10063690 f   LIBCMTD:ucrt_detection.obj
 0002:00013740       __except_handler4          10063740 f   libvcruntimed:chandler4.obj
 0002:000139d0       ??$?RD@__crt_internal_free_policy@@QBEXQBD@Z 100639d0 f i libvcruntimed:std_type_info.obj
 0002:00013a00       ??$?RX@__crt_internal_free_policy@@QBEXQBX@Z 10063a00 f i libvcruntimed:std_type_info.obj
 0002:00013a30       ??$__crt_interlocked_compare_exchange_pointer@$$CBDPAD$$T@@YAPBDPDSBDQAD$$T@Z 10063a30 f i libvcruntimed:std_type_info.obj
 0002:00013a50       ??$__crt_interlocked_read_pointer@$$CBD@@YAPBDPDSBD@Z 10063a50 f i libvcruntimed:std_type_info.obj
 0002:00013a70       ??0?$__crt_unique_heap_ptr@DU__crt_internal_free_policy@@@@QAE@QAD@Z 10063a70 f i libvcruntimed:std_type_info.obj
 0002:00013a90       ??0?$__crt_unique_heap_ptr@XU__crt_internal_free_policy@@@@QAE@QAX@Z 10063a90 f i libvcruntimed:std_type_info.obj
 0002:00013ab0       ??1?$__crt_unique_heap_ptr@DU__crt_internal_free_policy@@@@QAE@XZ 10063ab0 f i libvcruntimed:std_type_info.obj
 0002:00013ad0       ??1?$__crt_unique_heap_ptr@XU__crt_internal_free_policy@@@@QAE@XZ 10063ad0 f i libvcruntimed:std_type_info.obj
 0002:00013b30       ??B?$__crt_unique_heap_ptr@DU__crt_internal_free_policy@@@@QBE_NXZ 10063b30 f i libvcruntimed:std_type_info.obj
 0002:00013b50       ??B?$__crt_unique_heap_ptr@XU__crt_internal_free_policy@@@@QBE_NXZ 10063b50 f i libvcruntimed:std_type_info.obj
 0002:00013bd0       ?__crt_interlocked_read_32@@YAHPDH@Z 10063bd0 f i libvcruntimed:std_type_info.obj
 0002:00013bf0       ?detach@?$__crt_unique_heap_ptr@XU__crt_internal_free_policy@@@@QAEPAXXZ 10063bf0 f i libvcruntimed:std_type_info.obj
 0002:00013c20       ?get@?$__crt_unique_heap_ptr@DU__crt_internal_free_policy@@@@QBEPADXZ 10063c20 f i libvcruntimed:std_type_info.obj
 0002:00013c40       ?get@?$__crt_unique_heap_ptr@XU__crt_internal_free_policy@@@@QBEPAXXZ 10063c40 f i libvcruntimed:std_type_info.obj
 0002:00013c60       ?is_valid@?$__crt_unique_heap_ptr@DU__crt_internal_free_policy@@@@QBE_NXZ 10063c60 f i libvcruntimed:std_type_info.obj
 0002:00013ca0       ?is_valid@?$__crt_unique_heap_ptr@XU__crt_internal_free_policy@@@@QBE_NXZ 10063ca0 f i libvcruntimed:std_type_info.obj
 0002:00013ce0       ?release@?$__crt_unique_heap_ptr@DU__crt_internal_free_policy@@@@QAEXXZ 10063ce0 f i libvcruntimed:std_type_info.obj
 0002:00013d10       ?release@?$__crt_unique_heap_ptr@XU__crt_internal_free_policy@@@@QAEXXZ 10063d10 f i libvcruntimed:std_type_info.obj
 0002:00013d40       ___std_type_info_compare   10063d40 f   libvcruntimed:std_type_info.obj
 0002:00013d70       ___std_type_info_destroy_list 10063d70 f   libvcruntimed:std_type_info.obj
 0002:00013dc0       ___std_type_info_hash      10063dc0 f   libvcruntimed:std_type_info.obj
 0002:00013e30       ___std_type_info_name      10063e30 f   libvcruntimed:std_type_info.obj
 0002:00014090       ___vcrt_initialize         10064090 f   libvcruntimed:initialization.obj
 0002:000140e0       ___vcrt_thread_attach      100640e0 f   libvcruntimed:initialization.obj
 0002:00014100       ___vcrt_thread_detach      10064100 f   libvcruntimed:initialization.obj
 0002:00014120       ___vcrt_uninitialize       10064120 f   libvcruntimed:initialization.obj
 0002:00014150       ___vcrt_uninitialize_critical 10064150 f   libvcruntimed:initialization.obj
 0002:00014170       ___vcrt_GetModuleFileNameW 10064170 f   libvcruntimed:winapi_thunks.obj
 0002:00014190       ___vcrt_GetModuleHandleW   10064190 f   libvcruntimed:winapi_thunks.obj
 0002:000141b0       ___vcrt_LoadLibraryExW     100641b0 f   libvcruntimed:winapi_thunks.obj
 0002:000141d0       __local_unwind4            100641d0 f   libvcruntimed:exsup4.obj
 0002:000142a8       __seh_longjmp_unwind4@4    100642a8 f   libvcruntimed:exsup4.obj
 0002:000142d0       @_EH4_CallFilterFunc@8     100642d0 f   libvcruntimed:exsup4.obj
 0002:000142e8       @_EH4_TransferToHandler@8  100642e8 f   libvcruntimed:exsup4.obj
 0002:00014304       @_EH4_GlobalUnwind2@8      10064304 f   libvcruntimed:exsup4.obj
 0002:00014320       @_EH4_LocalUnwind@16       10064320 f   libvcruntimed:exsup4.obj
 0002:000143a0       ___except_validate_context_record 100643a0 f   libvcruntimed:jbcxrval.obj
 0002:00014400       ___except_validate_jump_buffer 10064400 f   libvcruntimed:jbcxrval.obj
 0002:00014420       ___except_validate_jump_buffer_common 10064420 f i libvcruntimed:jbcxrval.obj
 0002:00014490       ??0Block@_HeapManager@@QAE@XZ 10064490 f i libvcruntimed:undname.obj
 0002:000144b0       ??0DName@@QAE@AAPBDD@Z     100644b0 f   libvcruntimed:undname.obj
 0002:00014760       ??0DName@@QAE@ABV0@@Z      10064760 f i libvcruntimed:undname.obj
 0002:00014790       ??0DName@@QAE@D@Z          10064790 f   libvcruntimed:undname.obj
 0002:000147e0       ??0DName@@QAE@PAV0@@Z      100647e0 f   libvcruntimed:undname.obj
 0002:000148c0       ??0DName@@QAE@PBD@Z        100648c0 f   libvcruntimed:undname.obj
 0002:00014930       ??0DName@@QAE@W4DNameStatus@@@Z 10064930 f   libvcruntimed:undname.obj
 0002:000149f0       ??0DName@@QAE@XZ           100649f0 f i libvcruntimed:undname.obj
 0002:00014a20       ??0DName@@QAE@_J@Z         10064a20 f   libvcruntimed:undname.obj
 0002:00014b40       ??0DName@@QAE@_K@Z         10064b40 f   libvcruntimed:undname.obj
 0002:00014c10       ??0DNameNode@@IAE@XZ       10064c10 f i libvcruntimed:undname.obj
 0002:00014c30       ??0Replicator@@QAE@XZ      10064c30 f i libvcruntimed:undname.obj
 0002:00014c80       ??0UnDecorator@@QAE@PBDP6APADJ@ZK@Z 10064c80 f i libvcruntimed:undname.obj
 0002:00014d20       ??0charNode@@QAE@D@Z       10064d20 f i libvcruntimed:undname.obj
 0002:00014d60       ??0pDNameNode@@QAE@PAVDName@@@Z 10064d60 f   libvcruntimed:undname.obj
 0002:00014de0       ??0pairNode@@QAE@PBVDNameNode@@0@Z 10064de0 f i libvcruntimed:undname.obj
 0002:00014e30       ??0pcharNode@@QAE@PBDH@Z   10064e30 f   libvcruntimed:undname.obj
 0002:00014f10       ??2@YAPAXIAAV_HeapManager@@H@Z 10064f10 f i libvcruntimed:undname.obj
 0002:00014f30       ??4DName@@QAEAAV0@ABV0@@Z  10064f30 f   libvcruntimed:undname.obj
 0002:00014f60       ??4DName@@QAEAAV0@D@Z      10064f60 f i libvcruntimed:undname.obj
 0002:00014fb0       ??4DName@@QAEAAV0@PAV0@@Z  10064fb0 f   libvcruntimed:undname.obj
 0002:00015070       ??4DName@@QAEAAV0@PBD@Z    10065070 f   libvcruntimed:undname.obj
 0002:000150c0       ??4DName@@QAEAAV0@W4DNameStatus@@@Z 100650c0 f   libvcruntimed:undname.obj
 0002:00015160       ??AReplicator@@QBE?AVDName@@H@Z 10065160 f   libvcruntimed:undname.obj
 0002:000151e0       ??H@YA?AVDName@@DABV0@@Z   100651e0 f i libvcruntimed:undname.obj
 0002:00015220       ??H@YA?AVDName@@PBDABV0@@Z 10065220 f i libvcruntimed:undname.obj
 0002:00015260       ??H@YA?AVDName@@W4DNameStatus@@ABV0@@Z 10065260 f i libvcruntimed:undname.obj
 0002:000152a0       ??HDName@@QBE?AV0@ABV0@@Z  100652a0 f   libvcruntimed:undname.obj
 0002:000152f0       ??HDName@@QBE?AV0@D@Z      100652f0 f   libvcruntimed:undname.obj
 0002:00015340       ??HDName@@QBE?AV0@PAV0@@Z  10065340 f   libvcruntimed:undname.obj
 0002:00015390       ??HDName@@QBE?AV0@PBD@Z    10065390 f   libvcruntimed:undname.obj
 0002:000153e0       ??HDName@@QBE?AV0@W4DNameStatus@@@Z 100653e0 f   libvcruntimed:undname.obj
 0002:00015430       ??YDName@@QAEAAV0@ABV0@@Z  10065430 f   libvcruntimed:undname.obj
 0002:000154c0       ??YDName@@QAEAAV0@D@Z      100654c0 f   libvcruntimed:undname.obj
 0002:00015560       ??YDName@@QAEAAV0@PAV0@@Z  10065560 f   libvcruntimed:undname.obj
 0002:00015650       ??YDName@@QAEAAV0@PBD@Z    10065650 f   libvcruntimed:undname.obj
 0002:00015710       ??YDName@@QAEAAV0@W4DNameStatus@@@Z 10065710 f   libvcruntimed:undname.obj
 0002:00015790       ??YReplicator@@QAEAAV0@ABVDName@@@Z 10065790 f   libvcruntimed:undname.obj
 0002:00015840       ??_5DName@@QAEAAV0@ABV0@@Z 10065840 f   libvcruntimed:undname.obj
 0002:000158b0       ?Constructor@_HeapManager@@QAEXP6APAXI@ZP6AXPAX@Z@Z 100658b0 f i libvcruntimed:undname.obj
 0002:00015900       ?Destructor@_HeapManager@@QAEXXZ 10065900 f i libvcruntimed:undname.obj
 0002:00015980       ?UScore@UnDecorator@@SAPBDW4Tokens@@@Z 10065980 f   libvcruntimed:undname.obj
 0002:000159c0       ?append@DName@@AAEXPBVDNameNode@@@Z 100659c0 f   libvcruntimed:undname.obj
 0002:00015a70       ?composeDeclaration@UnDecorator@@CA?AVDName@@ABV2@@Z 10065a70 f i libvcruntimed:undname.obj
 0002:00017a50       _dr_client_main            10067a50 f   niii.obj
 0002:00018160       ?dbGetString@DName@@QBEPADXZ 10068160 f   libvcruntimed:undname.obj
 0002:00018190       ?doAccessSpecifiers@UnDecorator@@SAHXZ 10068190 f i libvcruntimed:undname.obj
 0002:000181c0       ?doAllocationLanguage@UnDecorator@@SAHXZ 100681c0 f i libvcruntimed:undname.obj
 0002:000181f0       ?doAllocationModel@UnDecorator@@SAHXZ 100681f0 f i libvcruntimed:undname.obj
 0002:00018220       ?doEcsu@UnDecorator@@SAHXZ 10068220 f i libvcruntimed:undname.obj
 0002:00018250       ?doEllipsis@UnDecorator@@SAHXZ 10068250 f i libvcruntimed:undname.obj
 0002:00018280       ?doFunctionReturns@UnDecorator@@SAHXZ 10068280 f i libvcruntimed:undname.obj
 0002:000182b0       ?doMSKeywords@UnDecorator@@SAHXZ 100682b0 f i libvcruntimed:undname.obj
 0002:000182e0       ?doMemberTypes@UnDecorator@@SAHXZ 100682e0 f i libvcruntimed:undname.obj
 0002:00018310       ?doNameOnly@UnDecorator@@SAHXZ 10068310 f i libvcruntimed:undname.obj
 0002:00018330       ?doNoIdentCharCheck@UnDecorator@@SAHXZ 10068330 f i libvcruntimed:undname.obj
 0002:00018350       ?doPchar@DName@@AAEXPBDH@Z 10068350 f   libvcruntimed:undname.obj
 0002:000184e0       ?doPtr64@UnDecorator@@SAHXZ 100684e0 f i libvcruntimed:undname.obj
 0002:00018510       ?doRestrictionSpec@UnDecorator@@SAHXZ 10068510 f i libvcruntimed:undname.obj
 0002:00018540       ?doThisTypes@UnDecorator@@SAHXZ 10068540 f i libvcruntimed:undname.obj
 0002:00018580       ?doThrowTypes@UnDecorator@@SAHXZ 10068580 f i libvcruntimed:undname.obj
 0002:000185b0       ?doTypeOnly@UnDecorator@@SAHXZ 100685b0 f i libvcruntimed:undname.obj
 0002:000185d0       ?doUnderScore@UnDecorator@@SAHXZ 100685d0 f i libvcruntimed:undname.obj
 0002:00018600       ?getArgumentList@UnDecorator@@CA?AVDName@@XZ 10068600 f   libvcruntimed:undname.obj
 0002:000187a0       ?getArgumentTypes@UnDecorator@@CA?AVDName@@XZ 100687a0 f   libvcruntimed:undname.obj
 0002:00018940       ?getArrayType@UnDecorator@@CA?AVDName@@ABV2@@Z 10068940 f i libvcruntimed:undname.obj
 0002:00018c60       ?getBasedType@UnDecorator@@CA?AVDName@@XZ 10068c60 f   libvcruntimed:undname.obj
 0002:00018d60       ?getBasicDataType@UnDecorator@@CA?AVDName@@ABV2@@Z 10068d60 f   libvcruntimed:undname.obj
 0002:00019500       ?getCHPEName@UnDecorator@@QAEPADPADH@Z 10069500 f i libvcruntimed:undname.obj
 0002:000196c0       ?getCallIndex@UnDecorator@@CA?AVDName@@XZ 100696c0 f i libvcruntimed:undname.obj
 0002:000196e0       ?getCallingConvention@UnDecorator@@CA?AVDName@@XZ 100696e0 f   libvcruntimed:undname.obj
 0002:00019980       ?getDataIndirectType@UnDecorator@@CA?AVDName@@ABV2@PBD0H@Z 10069980 f   libvcruntimed:undname.obj
 0002:0001a4c0       ?getDataIndirectType@UnDecorator@@CA?AVDName@@XZ 1006a4c0 f i libvcruntimed:undname.obj
 0002:0001a510       ?getDataType@UnDecorator@@CA?AVDName@@PAV2@@Z 1006a510 f   libvcruntimed:undname.obj
 0002:0001a680       ?getDecoratedName@UnDecorator@@CA?AVDName@@XZ 1006a680 f   libvcruntimed:undname.obj
 0002:0001abb0       ?getDimension@UnDecorator@@CA?AVDName@@_N@Z 1006abb0 f   libvcruntimed:undname.obj
 0002:0001af10       ?getDispatchTarget@UnDecorator@@CA?AVDName@@XZ 1006af10 f   libvcruntimed:undname.obj
 0002:0001afe0       ?getDisplacement@UnDecorator@@CA?AVDName@@XZ 1006afe0 f i libvcruntimed:undname.obj
 0002:0001b000       ?getECSUDataType@UnDecorator@@CA?AVDName@@XZ 1006b000 f   libvcruntimed:undname.obj
 0002:0001b250       ?getECSUName@UnDecorator@@CA?AVDName@@XZ 1006b250 f i libvcruntimed:undname.obj
 0002:0001b270       ?getEnumType@UnDecorator@@CA?AVDName@@XZ 1006b270 f i libvcruntimed:undname.obj
 0002:0001b410       ?getExtendedDataIndirectType@UnDecorator@@CA?AVDName@@AAPBDAA_NH@Z 1006b410 f   libvcruntimed:undname.obj
 0002:0001b700       ?getExternalDataType@UnDecorator@@CA?AVDName@@ABV2@@Z 1006b700 f i libvcruntimed:undname.obj
 0002:0001b7d0       ?getFunctionIndirectType@UnDecorator@@CA?AVDName@@ABV2@@Z 1006b7d0 f   libvcruntimed:undname.obj
 0002:0001be70       ?getGuardNumber@UnDecorator@@CA?AVDName@@XZ 1006be70 f i libvcruntimed:undname.obj
 0002:0001be90       ?getLastChar@DName@@QBEDXZ 1006be90 f i libvcruntimed:undname.obj
 0002:0001bee0       ?getLastChar@DNameStatusNode@@UBEDXZ 1006bee0 f i libvcruntimed:undname.obj
 0002:0001bf20       ?getLastChar@charNode@@UBEDXZ 1006bf20 f i libvcruntimed:undname.obj
 0002:0001bf40       ?getLastChar@pDNameNode@@UBEDXZ 1006bf40 f i libvcruntimed:undname.obj
 0002:0001bf80       ?getLastChar@pairNode@@UBEDXZ 1006bf80 f i libvcruntimed:undname.obj
 0002:0001c000       ?getLastChar@pcharNode@@UBEDXZ 1006c000 f i libvcruntimed:undname.obj
 0002:0001c040       ?getLexicalFrame@UnDecorator@@CA?AVDName@@XZ 1006c040 f i libvcruntimed:undname.obj
 0002:0001c090       ?getMemory@_HeapManager@@QAEPAXIH@Z 1006c090 f   libvcruntimed:undname.obj
 0002:0001c200       ?getNoexcept@UnDecorator@@CA?AVDName@@XZ 1006c200 f   libvcruntimed:undname.obj
 0002:0001c280       ?getNumberOfDimensions@UnDecorator@@CAHXZ 1006c280 f   libvcruntimed:undname.obj
 0002:0001c3c0       ?getOperatorName@UnDecorator@@CA?AVDName@@_NPA_N@Z 1006c3c0 f i libvcruntimed:undname.obj
 0002:0001d170       ?getPointerType@UnDecorator@@CA?AVDName@@ABV2@0@Z 1006d170 f i libvcruntimed:undname.obj
 0002:0001d1b0       ?getPointerTypeArray@UnDecorator@@CA?AVDName@@ABV2@0@Z 1006d1b0 f i libvcruntimed:undname.obj
 0002:0001d1f0       ?getPrimaryDataType@UnDecorator@@CA?AVDName@@ABV2@@Z 1006d1f0 f   libvcruntimed:undname.obj
 0002:0001d6e0       ?getPtrRefDataType@UnDecorator@@CA?AVDName@@ABV2@H@Z 1006d6e0 f   libvcruntimed:undname.obj
 0002:0001d9a0       ?getPtrRefType@UnDecorator@@CA?AVDName@@ABV2@0PBD@Z 1006d9a0 f   libvcruntimed:undname.obj
 0002:0001db70       ?getReferenceType@UnDecorator@@CA?AVDName@@ABV2@0PBD@Z 1006db70 f i libvcruntimed:undname.obj
 0002:0001dba0       ?getRestrictionSpec@UnDecorator@@CA?AVDName@@XZ 1006dba0 f   libvcruntimed:undname.obj
 0002:0001dd70       ?getReturnType@UnDecorator@@CA?AVDName@@PAV2@@Z 1006dd70 f   libvcruntimed:undname.obj
 0002:0001ddd0       ?getScope@UnDecorator@@CA?AVDName@@XZ 1006ddd0 f   libvcruntimed:undname.obj
 0002:0001e4d0       ?getScopedName@UnDecorator@@CA?AVDName@@XZ 1006e4d0 f   libvcruntimed:undname.obj
 0002:0001e660       ?getSignedDimension@UnDecorator@@CA?AVDName@@XZ 1006e660 f   libvcruntimed:undname.obj
 0002:0001e700       ?getStorageConvention@UnDecorator@@CA?AVDName@@XZ 1006e700 f i libvcruntimed:undname.obj
 0002:0001e720       ?getString@DName@@QBEPADPAD0@Z 1006e720 f i libvcruntimed:undname.obj
 0002:0001e790       ?getString@DName@@QBEPADPADH@Z 1006e790 f i libvcruntimed:undname.obj
 0002:0001e840       ?getString@DNameStatusNode@@UBEPADPAD0@Z 1006e840 f i libvcruntimed:undname.obj
 0002:0001e880       ?getString@charNode@@UBEPADPAD0@Z 1006e880 f i libvcruntimed:undname.obj
 0002:0001e8c0       ?getString@pDNameNode@@UBEPADPAD0@Z 1006e8c0 f i libvcruntimed:undname.obj
 0002:0001e910       ?getString@pairNode@@UBEPADPAD0@Z 1006e910 f i libvcruntimed:undname.obj
 0002:0001e9c0       ?getString@pcharNode@@UBEPADPAD0@Z 1006e9c0 f i libvcruntimed:undname.obj
 0002:0001ea00       ?getStringEncoding@UnDecorator@@CA?AVDName@@PBDH@Z 1006ea00 f   libvcruntimed:undname.obj
 0002:0001eb50       ?getStringHelper@@YAPADPADPBD1H@Z 1006eb50 f i libvcruntimed:undname.obj
 0002:0001eba0       ?getSymbolName@UnDecorator@@CA?AVDName@@XZ 1006eba0 f i libvcruntimed:undname.obj
 0002:0001ec50       ?getTemplateArgumentList@UnDecorator@@CA?AVDName@@XZ 1006ec50 f   libvcruntimed:undname.obj
 0002:0001f170       ?getTemplateConstant@UnDecorator@@CA?AVDName@@XZ 1006f170 f   libvcruntimed:undname.obj
 0002:0001f920       ?getTemplateName@UnDecorator@@CA?AVDName@@_N@Z 1006f920 f   libvcruntimed:undname.obj
 0002:0001fb70       ?getThisType@UnDecorator@@CA?AVDName@@XZ 1006fb70 f i libvcruntimed:undname.obj
 0002:0001fbc0       ?getThrowTypes@UnDecorator@@CA?AVDName@@XZ 1006fbc0 f   libvcruntimed:undname.obj
 0002:0001fc10       ?getTypeEncoding@UnDecorator@@CAHXZ 1006fc10 f i libvcruntimed:undname.obj
 0002:00020940       ?getUndecoratedName@UnDecorator@@QAEPADPADH@Z 10070940 f i libvcruntimed:undname.obj
 0002:00020ae0       ?getVCallThunkType@UnDecorator@@CA?AVDName@@XZ 10070ae0 f i libvcruntimed:undname.obj
 0002:00020b60       ?getVbTableType@UnDecorator@@CA?AVDName@@ABV2@@Z 10070b60 f i libvcruntimed:undname.obj
 0002:00020b80       ?getVdispMapType@UnDecorator@@CA?AVDName@@ABV2@@Z 10070b80 f i libvcruntimed:undname.obj
 0002:00020c10       ?getVfTableType@UnDecorator@@CA?AVDName@@ABV2@@Z 10070c10 f i libvcruntimed:undname.obj
 0002:00020e70       ?getZName@UnDecorator@@CA?AVDName@@_N0@Z 10070e70 f   libvcruntimed:undname.obj
 0002:00021230       ?haveTemplateParameters@UnDecorator@@SAHXZ 10071230 f i libvcruntimed:undname.obj
 0002:00021250       ?isArray@DName@@QBEHXZ     10071250 f i libvcruntimed:undname.obj
 0002:00021270       ?isComArray@DName@@QBEHXZ  10071270 f i libvcruntimed:undname.obj
 0002:00021290       ?isEmpty@DName@@QBEHXZ     10071290 f i libvcruntimed:undname.obj
 0002:000212d0       ?isFull@Replicator@@QBEHXZ 100712d0 f i libvcruntimed:undname.obj
 0002:00021310       ?isNoTE@DName@@QBEHXZ      10071310 f i libvcruntimed:undname.obj
 0002:00021330       ?isPinPtr@DName@@QBEHXZ    10071330 f i libvcruntimed:undname.obj
 0002:00021350       ?isPtrRef@DName@@QBEHXZ    10071350 f i libvcruntimed:undname.obj
 0002:00021370       ?isUDC@DName@@QBEHXZ       10071370 f i libvcruntimed:undname.obj
 0002:000213c0       ?isUDTThunk@DName@@QBEHXZ  100713c0 f i libvcruntimed:undname.obj
 0002:00021410       ?isVCallThunk@DName@@QBEHXZ 10071410 f i libvcruntimed:undname.obj
 0002:00021430       ?isValid@DName@@QBEHXZ     10071430 f i libvcruntimed:undname.obj
 0002:00021470       ?length@DName@@QBEHXZ      10071470 f i libvcruntimed:undname.obj
 0002:000214c0       ?length@DNameStatusNode@@UBEHXZ 100714c0 f i libvcruntimed:undname.obj
 0002:000214e0       ?length@charNode@@UBEHXZ   100714e0 f i libvcruntimed:undname.obj
 0002:00021500       ?length@pDNameNode@@UBEHXZ 10071500 f i libvcruntimed:undname.obj
 0002:00021540       ?length@pairNode@@UBEHXZ   10071540 f i libvcruntimed:undname.obj
 0002:000215d0       ?length@pcharNode@@UBEHXZ  100715d0 f i libvcruntimed:undname.obj
 0002:000215f0       ?make@DNameStatusNode@@SAPBV1@W4DNameStatus@@@Z 100715f0 f i libvcruntimed:undname.obj
 0002:00021630       ?parseDecoratedName@UnDecorator@@CA?AVDName@@XZ 10071630 f   libvcruntimed:undname.obj
 0002:00021820       ?setIsArray@DName@@QAEXXZ  10071820 f i libvcruntimed:undname.obj
 0002:00021850       ?setIsComArray@DName@@QAEXXZ 10071850 f i libvcruntimed:undname.obj
 0002:00021880       ?setIsNoTE@DName@@QAEXXZ   10071880 f i libvcruntimed:undname.obj
 0002:000218b0       ?setIsPinPtr@DName@@QAEXXZ 100718b0 f i libvcruntimed:undname.obj
 0002:000218e0       ?setIsUDC@DName@@QAEXXZ    100718e0 f i libvcruntimed:undname.obj
 0002:00021920       ?setIsVCallThunk@DName@@QAEXXZ 10071920 f i libvcruntimed:undname.obj
 0002:00021950       ?setPtrRef@DName@@QAEAAV1@XZ 10071950 f i libvcruntimed:undname.obj
 0002:00021980       ?status@DName@@QBE?AW4DNameStatus@@XZ 10071980 f i libvcruntimed:undname.obj
 0002:00021aa0       ___unDName                 10071aa0 f   libvcruntimed:undname.obj
 0002:00021ae0       ___unDNameEx               10071ae0 f   libvcruntimed:undname.obj
 0002:00021be0       _unDNameGenerateCHPE       10071be0 f   libvcruntimed:undname.obj
 0002:00021c60       ??$?RU__vcrt_ptd@@@__crt_internal_free_policy@@QBEXQBU__vcrt_ptd@@@Z 10071c60 f i libvcruntimed:per_thread_data.obj
 0002:00021c90       ??0?$__crt_unique_heap_ptr@U__vcrt_ptd@@U__crt_internal_free_policy@@@@QAE@QAU__vcrt_ptd@@@Z 10071c90 f i libvcruntimed:per_thread_data.obj
 0002:00021cd0       ??1?$__crt_unique_heap_ptr@U__vcrt_ptd@@U__crt_internal_free_policy@@@@QAE@XZ 10071cd0 f i libvcruntimed:per_thread_data.obj
 0002:00021d10       ??B?$__crt_unique_heap_ptr@U__vcrt_ptd@@U__crt_internal_free_policy@@@@QBE_NXZ 10071d10 f i libvcruntimed:per_thread_data.obj
 0002:00021d30       ?detach@?$__crt_unique_heap_ptr@U__vcrt_ptd@@U__crt_internal_free_policy@@@@QAEPAU__vcrt_ptd@@XZ 10071d30 f i libvcruntimed:per_thread_data.obj
 0002:00021d60       ?get@?$__crt_unique_heap_ptr@U__vcrt_ptd@@U__crt_internal_free_policy@@@@QBEPAU__vcrt_ptd@@XZ 10071d60 f i libvcruntimed:per_thread_data.obj
 0002:00021d80       ?is_valid@?$__crt_unique_heap_ptr@U__vcrt_ptd@@U__crt_internal_free_policy@@@@QBE_NXZ 10071d80 f i libvcruntimed:per_thread_data.obj
 0002:00021dc0       ?release@?$__crt_unique_heap_ptr@U__vcrt_ptd@@U__crt_internal_free_policy@@@@QAEXXZ 10071dc0 f i libvcruntimed:per_thread_data.obj
 0002:00021e20       ___vcrt_freefls@4          10071e20 f   libvcruntimed:per_thread_data.obj
 0002:00021e50       ___vcrt_freeptd            10071e50 f   libvcruntimed:per_thread_data.obj
 0002:00021ec0       ___vcrt_getptd             10071ec0 f   libvcruntimed:per_thread_data.obj
 0002:00021ef0       ___vcrt_getptd_noexit      10071ef0 f   libvcruntimed:per_thread_data.obj
 0002:000220a0       ___vcrt_getptd_noinit      100720a0 f   libvcruntimed:per_thread_data.obj
 0002:00022110       ___vcrt_initialize_ptd     10072110 f   libvcruntimed:per_thread_data.obj
 0002:00022170       ___vcrt_uninitialize_ptd   10072170 f   libvcruntimed:per_thread_data.obj
 0002:000221b0       ___vcrt_initialize_locks   100721b0 f   libvcruntimed:locks.obj
 0002:00022220       ___vcrt_lock               10072220 f   libvcruntimed:locks.obj
 0002:00022240       ___vcrt_uninitialize_locks 10072240 f   libvcruntimed:locks.obj
 0002:000222a0       ___vcrt_unlock             100722a0 f   libvcruntimed:locks.obj
 0002:000222c0       ??$?BX@__crt_fast_encoded_nullptr_t@@QBEPAXXZ 100722c0 f i libvcruntimed:winapi_downlevel.obj
 0002:000222e0       ??$__crt_fast_decode_pointer@PAX@@YAPAXQAX@Z 100722e0 f i libvcruntimed:winapi_downlevel.obj
 0002:00022310       ??$__crt_fast_encode_pointer@PAX@@YAPAXQAX@Z 10072310 f i libvcruntimed:winapi_downlevel.obj
 0002:00022350       ??$__crt_interlocked_exchange_pointer@UHINSTANCE__@@PAU1@@@YAPAUHINSTANCE__@@PDSAU0@QAU0@@Z 10072350 f i libvcruntimed:winapi_downlevel.obj
 0002:00022360       ??$__crt_interlocked_exchange_pointer@UHINSTANCE__@@PAX@@YAPAUHINSTANCE__@@PDSAU0@QAX@Z 10072360 f i libvcruntimed:winapi_downlevel.obj
 0002:00022370       ??$__crt_interlocked_exchange_pointer@XPAX@@YAPAXPDSAXQAX@Z 10072370 f i libvcruntimed:winapi_downlevel.obj
 0002:00022380       ??$__crt_interlocked_read_pointer@UHINSTANCE__@@@@YAPAUHINSTANCE__@@PDSAU0@@Z 10072380 f i libvcruntimed:winapi_downlevel.obj
 0002:000223a0       ??$__crt_interlocked_read_pointer@X@@YAPAXPDSAX@Z 100723a0 f i libvcruntimed:winapi_downlevel.obj
 0002:000223c0       ?__crt_fast_encode_pointer@@YA?AU__crt_fast_encoded_nullptr_t@@$$T@Z 100723c0 f i libvcruntimed:winapi_downlevel.obj
 0002:000228c0       ___vcrt_FlsAlloc           100728c0 f   libvcruntimed:winapi_downlevel.obj
 0002:00022910       ___vcrt_FlsFree            10072910 f   libvcruntimed:winapi_downlevel.obj
 0002:00022960       ___vcrt_FlsGetValue        10072960 f   libvcruntimed:winapi_downlevel.obj
 0002:000229b0       ___vcrt_FlsSetValue        100729b0 f   libvcruntimed:winapi_downlevel.obj
 0002:00022a10       ___vcrt_InitializeCriticalSectionEx 10072a10 f   libvcruntimed:winapi_downlevel.obj
 0002:00022a70       ___vcrt_initialize_winapi_thunks 10072a70 f   libvcruntimed:winapi_downlevel.obj
 0002:00022af0       ___vcrt_uninitialize_winapi_thunks 10072af0 f   libvcruntimed:winapi_downlevel.obj
 0002:00022b80       ??$?B$$A6AXXZ@__crt_fast_encoded_nullptr_t@@QBEP6AXXZXZ 10072b80 f i libvcruntimed:purevirt_data.obj
 0002:00022ba0       ??$__crt_fast_encode_pointer@P6AXXZ@@YAP6AXXZQ6AXXZ@Z 10072ba0 f i libvcruntimed:purevirt_data.obj
 0002:00022be0       ___vcrt_initialize_pure_virtual_call_handler 10072be0 f   libvcruntimed:purevirt_data.obj
 0002:00022c10       __global_unwind2           10072c10 f   libvcruntimed:exsup.obj
 0002:00022c76       __local_unwind2            10072c76 f   libvcruntimed:exsup.obj
 0002:00022cfa       __abnormal_termination     10072cfa f   libvcruntimed:exsup.obj
 0002:00022d20       __NLG_Notify1              10072d20 f   libvcruntimed:exsup.obj
 0002:00022d2c       __NLG_Notify               10072d2c f   libvcruntimed:exsup.obj
 0002:00022d43       __NLG_Dispatch             10072d43     libvcruntimed:exsup.obj
 0002:00022d43       __NLG_Dispatch2            10072d43     libvcruntimed:exsup.obj
 0002:00022d4b       __NLG_Call                 10072d4b f   libvcruntimed:exsup.obj
 0002:00022d4d       __NLG_Return2              10072d4d     libvcruntimed:exsup.obj
 0002:00022da0       ??$__crt_fast_decode_pointer@P6AXXZ@@YAP6AXXZQ6AXXZ@Z 10072da0 f i libvcruntimed:purevirt.obj
 0002:00022dd0       ??$__crt_interlocked_exchange_pointer@$$A6AXXZP6AXXZ@@YAP6AXXZPDS6AXXZQ6AXXZ@Z 10072dd0 f i libvcruntimed:purevirt.obj
 0002:00022de0       ??$__crt_interlocked_read_pointer@$$A6AXXZ@@YAP6AXXZPDS6AXXZ@Z 10072de0 f i libvcruntimed:purevirt.obj
 0002:00022e00       __get_purecall_handler     10072e00 f   libvcruntimed:purevirt.obj
 0002:00022e30       __purecall                 10072e30 f   libvcruntimed:purevirt.obj
 0002:00022e70       __set_purecall_handler     10072e70 f   libvcruntimed:purevirt.obj
 0002:00022eb0       ??$?0AAViterator@TryBlockMap@__FrameHandler3@@AAV012@$0A@@?$pair@Viterator@TryBlockMap@__FrameHandler3@@V123@@std@@QAE@AAViterator@TryBlockMap@__FrameHandler3@@0@Z 10072eb0 f i libvcruntimed:trnsctrl.obj
 0002:00022f10       ??$forward@AAViterator@TryBlockMap@__FrameHandler3@@@std@@YAAAViterator@TryBlockMap@__FrameHandler3@@AAV123@@Z 10072f10 f i libvcruntimed:trnsctrl.obj
 0002:00022f20       ??0iterator@TryBlockMap@__FrameHandler3@@QAE@AAV12@I@Z 10072f20 f i libvcruntimed:trnsctrl.obj
 0002:00022f50       ?GetRangeOfTrysToCheck@__FrameHandler3@@SA?AU?$pair@Viterator@TryBlockMap@__FrameHandler3@@V123@@std@@AAVTryBlockMap@1@HH@Z 10072f50 f   libvcruntimed:trnsctrl.obj
 0002:00023080       ?_CallCatchBlock2@@YAPAXPAUEHRegistrationNode@@PBU_s_FuncInfo@@PAXHK@Z 10073080 f   libvcruntimed:trnsctrl.obj
 0002:00023110       ?_CallSETranslator@@YAHPAUEHExceptionRecord@@PAUEHRegistrationNode@@PAX2PBU_s_FuncInfo@@H1@Z 10073110 f   libvcruntimed:trnsctrl.obj
 0002:00023240       ?_JumpToContinuation@@YGXPAXPAUEHRegistrationNode@@@Z 10073240 f   libvcruntimed:trnsctrl.obj
 0002:00023280       ?_UnwindNestedFrames@@YGXPAUEHRegistrationNode@@PAUEHExceptionRecord@@@Z 10073280 f   libvcruntimed:trnsctrl.obj
 0002:000232f0       ?getFuncInfo@TryBlockMap@__FrameHandler3@@QAEPBU_s_FuncInfo@@XZ 100732f0 f i libvcruntimed:trnsctrl.obj
 0002:00023310       __CatchGuardHandler        10073310 f   libvcruntimed:trnsctrl.obj
 0002:00023370       __CreateFrameInfo          10073370 f   libvcruntimed:trnsctrl.obj
 0002:000233b0       __FindAndUnlinkFrame       100733b0 f   libvcruntimed:trnsctrl.obj
 0002:00023440       __TranslatorGuardHandler   10073440 f   libvcruntimed:trnsctrl.obj
 0002:00023520       ___CxxFrameHandler         10073520 f   libvcruntimed:trnsctrl.obj
 0002:00023570       ___CxxFrameHandler2        10073570 f   libvcruntimed:trnsctrl.obj
 0002:000235c0       ___CxxFrameHandler3        100735c0 f   libvcruntimed:trnsctrl.obj
 0002:00023610       ___CxxLongjmpUnwind@4      10073610 f   libvcruntimed:trnsctrl.obj
 0002:00024500       ??$TypeMatchHelper@V__FrameHandler3@@@@YAHPBU_s_HandlerType@@PBU_s_CatchableType@@PBU_s_ThrowInfo@@@Z 10074500 f i libvcruntimed:frame.obj
 0002:00024610       ??$__InternalCxxFrameHandler@V__FrameHandler3@@@@YA?AW4_EXCEPTION_DISPOSITION@@PAUEHExceptionRecord@@PAUEHRegistrationNode@@PAU_CONTEXT@@PAXPBU_s_FuncInfo@@H1E@Z 10074610 f i libvcruntimed:frame.obj
 0002:00024860       ??0HandlerMap@__FrameHandler3@@QAE@PBU_s_TryBlockMapEntry@@PAX@Z 10074860 f i libvcruntimed:frame.obj
 0002:00024890       ??0TryBlockMap@__FrameHandler3@@QAE@PBU_s_FuncInfo@@PAX@Z 10074890 f i libvcruntimed:frame.obj
 0002:000248c0       ??0bad_exception@std@@QAE@ABV01@@Z 100748c0 f i libvcruntimed:frame.obj
 0002:000248f0       ??0bad_exception@std@@QAE@XZ 100748f0 f i libvcruntimed:frame.obj
 0002:00024920       ??0exception@std@@QAE@ABV01@@Z 10074920 f i libvcruntimed:frame.obj
 0002:00024970       ??0exception@std@@QAE@QBDH@Z 10074970 f i libvcruntimed:frame.obj
 0002:000249b0       ??0iterator@HandlerMap@__FrameHandler3@@QAE@AAV12@I@Z 100749b0 f i libvcruntimed:frame.obj
 0002:000249e0       ??1bad_exception@std@@UAE@XZ 100749e0 f i libvcruntimed:frame.obj
 0002:00024a00       ??1exception@std@@UAE@XZ   10074a00 f i libvcruntimed:frame.obj
 0002:00024a30       ??8iterator@HandlerMap@__FrameHandler3@@QBE_NABV012@@Z 10074a30 f i libvcruntimed:frame.obj
 0002:00024a70       ??8type_info@@QBE_NABV0@@Z 10074a70 f i libvcruntimed:frame.obj
 0002:00024ac0       ??9iterator@HandlerMap@__FrameHandler3@@QBE_NABV012@@Z 10074ac0 f i libvcruntimed:frame.obj
 0002:00024b10       ??Diterator@HandlerMap@__FrameHandler3@@QAEPBU_s_HandlerType@@XZ 10074b10 f i libvcruntimed:frame.obj
 0002:00024b40       ??Diterator@TryBlockMap@__FrameHandler3@@QAEPBU_s_TryBlockMapEntry@@XZ 10074b40 f i libvcruntimed:frame.obj
 0002:00024b70       ??Eiterator@HandlerMap@__FrameHandler3@@QAEAAV012@XZ 10074b70 f i libvcruntimed:frame.obj
 0002:00024ba0       ??Eiterator@TryBlockMap@__FrameHandler3@@QAEAAV012@XZ 10074ba0 f i libvcruntimed:frame.obj
 0002:00024bd0       ??Miterator@TryBlockMap@__FrameHandler3@@QBE_NABV012@@Z 10074bd0 f i libvcruntimed:frame.obj
 0002:00024c10       ??_Gbad_exception@std@@UAEPAXI@Z 10074c10 f i libvcruntimed:frame.obj
 0002:00024c10       ??_Ebad_exception@std@@UAEPAXI@Z 10074c10 f i libvcruntimed:frame.obj
 0002:00024c50       ??_Gexception@std@@UAEPAXI@Z 10074c50 f i libvcruntimed:frame.obj
 0002:00024c50       ??_Eexception@std@@UAEPAXI@Z 10074c50 f i libvcruntimed:frame.obj
 0002:00024c90       ?BuildCatchObject@__FrameHandler3@@SAXPAUEHExceptionRecord@@PAXPBU_s_HandlerType@@PBU_s_CatchableType@@@Z 10074c90 f   libvcruntimed:frame.obj
 0002:00024cc0       ?BuildCatchObjectHelper@__FrameHandler3@@SAHPAUEHExceptionRecord@@PAXPBU_s_HandlerType@@PBU_s_CatchableType@@@Z 10074cc0 f   libvcruntimed:frame.obj
 0002:00025140       ?FrameUnwindToEmptyState@__FrameHandler3@@SAXPAUEHRegistrationNode@@PAXPBU_s_FuncInfo@@@Z 10075140 f   libvcruntimed:frame.obj
 0002:00025170       ?FrameUnwindToState@__FrameHandler3@@SAXPAUEHRegistrationNode@@PAXPBU_s_FuncInfo@@H@Z 10075170 f   libvcruntimed:frame.obj
 0002:00025350       ?GetMaxState@__FrameHandler3@@SAHPAXPBU_s_FuncInfo@@@Z 10075350 f i libvcruntimed:frame.obj
 0002:000254b0       ?TypeMatch@__FrameHandler3@@SAHPBU_s_HandlerType@@PBU_s_CatchableType@@PBU_s_ThrowInfo@@@Z 100754b0 f   libvcruntimed:frame.obj
 0002:000254d0       ?_CallMemberFunction1@@YGXQAX00@Z 100754d0 f i libvcruntimed:frame.obj
 0002:000254f0       ?_CallMemberFunction2@@YGXQAX00H@Z 100754f0 f i libvcruntimed:frame.obj
 0002:00025520       ?_ValidateExecute@@YA_NP6GHXZ@Z 10075520 f i libvcruntimed:frame.obj
 0002:00025540       ?_ValidateRead@@YA_NPBXI@Z 10075540 f i libvcruntimed:frame.obj
 0002:00025560       ?_ValidateWrite@@YA_NPAXI@Z 10075560 f i libvcruntimed:frame.obj
 0002:00025580       ?begin@HandlerMap@__FrameHandler3@@QAE?AViterator@12@XZ 10075580 f i libvcruntimed:frame.obj
 0002:000255b0       ?end@HandlerMap@__FrameHandler3@@QAE?AViterator@12@XZ 100755b0 f i libvcruntimed:frame.obj
 0002:000255e0       ?getESTypes@__FrameHandler3@@SAPBU_s_ESTypeList@@PBU_s_FuncInfo@@@Z 100755e0 f i libvcruntimed:frame.obj
 0002:000255f0       ?getLastEntry@HandlerMap@__FrameHandler3@@QAEPBU_s_HandlerType@@XZ 100755f0 f i libvcruntimed:frame.obj
 0002:00025620       ?getMagicNum@__FrameHandler3@@SAIPBU_s_FuncInfo@@@Z 10075620 f i libvcruntimed:frame.obj
 0002:00025640       ?getNumTryBlocks@TryBlockMap@__FrameHandler3@@QAEIXZ 10075640 f i libvcruntimed:frame.obj
 0002:00025660       ?isEHs@__FrameHandler3@@SA_NPBU_s_FuncInfo@@@Z 10075660 f i libvcruntimed:frame.obj
 0002:00025690       ?isNoExcept@__FrameHandler3@@SA_NPBU_s_FuncInfo@@@Z 10075690 f i libvcruntimed:frame.obj
 0002:000256c0       ?what@exception@std@@UBEPBDXZ 100756c0 f i libvcruntimed:frame.obj
 0002:00025700       ___BuildCatchObject        10075700 f   libvcruntimed:frame.obj
 0002:00025730       ___BuildCatchObjectHelper  10075730 f   libvcruntimed:frame.obj
 0002:00025760       ___TypeMatch               10075760 f   libvcruntimed:frame.obj
 0002:00025780       ___vcrt_EncodePointer      10075780 f i libvcruntimed:frame.obj
 0002:000257a0       __CallSettingFrame@12      100757a0 f   libvcruntimed:lowhelpr.obj
 0002:000257c7       __NLG_Return               100757c7     libvcruntimed:lowhelpr.obj
 0002:00025830       __get_unexpected           10075830 f   libvcruntimed:unexpected.obj
 0002:00025850       _set_unexpected            10075850 f   libvcruntimed:unexpected.obj
 0002:00025890       _unexpected                10075890 f   libvcruntimed:unexpected.obj
 0002:000258d0       _memmove                   100758d0 f   libvcruntimed:memmove.obj
 0002:00025fb0       ?GetCurrentState@__FrameHandler3@@SAHPAUEHRegistrationNode@@PAXPBU_s_FuncInfo@@@Z 10075fb0 f   libvcruntimed:ehstate.obj
 0002:00025ff0       ?SetState@__FrameHandler3@@SAXPAUEHRegistrationNode@@PBU_s_FuncInfo@@H@Z 10075ff0 f   libvcruntimed:ehstate.obj
 0002:00026010       ___DestructExceptionObject 10076010 f   libvcruntimed:ehhelpers.obj
 0002:00026190       ?_CallMemberFunction0@@YGXQAX0@Z 10076190 f i libvcruntimed:ehhelpers.obj
 0002:000261b0       ?raw_name@type_info@@QBEPBDXZ 100761b0 f i libvcruntimed:ehhelpers.obj
 0002:000261d0       __IsExceptionObjectToBeDestroyed 100761d0 f   libvcruntimed:ehhelpers.obj
 0002:00026220       __SetWinRTOutOfMemoryExceptionCallback 10076220 f   libvcruntimed:ehhelpers.obj
 0002:00026230       ___AdjustPointer           10076230 f   libvcruntimed:ehhelpers.obj
 0002:00026290       ___FrameUnwindFilter       10076290 f   libvcruntimed:ehhelpers.obj
 0002:00026320       ___GetPlatformExceptionInfo 10076320 f   libvcruntimed:ehhelpers.obj
 0002:000263c0       ___current_exception       100763c0 f   libvcruntimed:ehhelpers.obj
 0002:000263d0       ___current_exception_context 100763d0 f   libvcruntimed:ehhelpers.obj
 0002:000263e0       ___processing_throw        100763e0 f   libvcruntimed:ehhelpers.obj
 0002:000263f0       ___std_terminate           100763f0 f   libvcruntimed:ehhelpers.obj
 0002:00026400       __is_exception_typeof      10076400 f   libvcruntimed:ehhelpers.obj
 0002:00026510       ??$?RD@__crt_public_free_policy@@QBEXQBD@Z 10076510 f i libvcruntimed:std_exception.obj
 0002:00026530       ??0?$__crt_unique_heap_ptr@DU__crt_public_free_policy@@@@QAE@QAD@Z 10076530 f i libvcruntimed:std_exception.obj
 0002:00026550       ??1?$__crt_unique_heap_ptr@DU__crt_public_free_policy@@@@QAE@XZ 10076550 f i libvcruntimed:std_exception.obj
 0002:00026570       ??B?$__crt_unique_heap_ptr@DU__crt_public_free_policy@@@@QBE_NXZ 10076570 f i libvcruntimed:std_exception.obj
 0002:00026590       ?detach@?$__crt_unique_heap_ptr@DU__crt_public_free_policy@@@@QAEPADXZ 10076590 f i libvcruntimed:std_exception.obj
 0002:000265c0       ?get@?$__crt_unique_heap_ptr@DU__crt_public_free_policy@@@@QBEPADXZ 100765c0 f i libvcruntimed:std_exception.obj
 0002:000265e0       ?is_valid@?$__crt_unique_heap_ptr@DU__crt_public_free_policy@@@@QBE_NXZ 100765e0 f i libvcruntimed:std_exception.obj
 0002:00026620       ?release@?$__crt_unique_heap_ptr@DU__crt_public_free_policy@@@@QAEXXZ 10076620 f i libvcruntimed:std_exception.obj
 0002:00026650       ___std_exception_copy      10076650 f   libvcruntimed:std_exception.obj
 0002:00026770       ___std_exception_destroy   10076770 f   libvcruntimed:std_exception.obj
 0002:000267b0       __CxxThrowException@8      100767b0 f   libvcruntimed:throw.obj
 0002:00026890       ??$?RU?$__crt_report_hook_node@D@@@__crt_internal_free_policy@@QBEXQBU?$__crt_report_hook_node@D@@@Z 10076890 f i libucrtd:dbgrpt.obj
 0002:000268c0       ??$?RU?$__crt_report_hook_node@_W@@@__crt_internal_free_policy@@QBEXQBU?$__crt_report_hook_node@_W@@@Z 100768c0 f i libucrtd:dbgrpt.obj
 0002:00027a10       ??$get_module_file_name@AAPAUHINSTANCE__@@AAY0BAF@DK@?$__crt_char_traits@D@@SAKAAPAUHINSTANCE__@@AAY0BAF@D$$QAK@Z 10077a10 f i libucrtd:dbgrpt.obj
 0002:00027a40       ??$get_module_file_name@AAPAUHINSTANCE__@@AAY0BAF@_WK@?$__crt_char_traits@_W@@SAKAAPAUHINSTANCE__@@AAY0BAF@_W$$QAK@Z 10077a40 f i libucrtd:dbgrpt.obj
 0002:00027a70       ??$tcscpy_s@AAY0BAF@DIPBD@?$__crt_char_traits@D@@SAHAAY0BAF@D$$QAI$$QAPBD@Z 10077a70 f i libucrtd:dbgrpt.obj
 0002:00027aa0       ??$tcscpy_s@AAY0BAF@_WIPB_W@?$__crt_char_traits@_W@@SAHAAY0BAF@_W$$QAI$$QAPB_W@Z 10077aa0 f i libucrtd:dbgrpt.obj
 0002:00027ad0       ??$tcslen@AAY0BAF@D@?$__crt_char_traits@D@@SAIAAY0BAF@D@Z 10077ad0 f i libucrtd:dbgrpt.obj
 0002:00027af0       ??$tcslen@AAY0BAF@_W@?$__crt_char_traits@_W@@SAIAAY0BAF@_W@Z 10077af0 f i libucrtd:dbgrpt.obj
 0002:00027b10       ??$tcslen@ABQBD@?$__crt_char_traits@D@@SAIABQBD@Z 10077b10 f i libucrtd:dbgrpt.obj
 0002:00027b30       ??$tcslen@ABQB_W@?$__crt_char_traits@_W@@SAIABQB_W@Z 10077b30 f i libucrtd:dbgrpt.obj
 0002:00027c70       ??0?$__crt_unique_heap_ptr@U?$__crt_report_hook_node@D@@U__crt_internal_free_policy@@@@QAE@QAU?$__crt_report_hook_node@D@@@Z 10077c70 f i libucrtd:dbgrpt.obj
 0002:00027c90       ??0?$__crt_unique_heap_ptr@U?$__crt_report_hook_node@_W@@U__crt_internal_free_policy@@@@QAE@QAU?$__crt_report_hook_node@_W@@@Z 10077c90 f i libucrtd:dbgrpt.obj
 0002:00027cb0       ??1?$__crt_unique_heap_ptr@U?$__crt_report_hook_node@D@@U__crt_internal_free_policy@@@@QAE@XZ 10077cb0 f i libucrtd:dbgrpt.obj
 0002:00027cd0       ??1?$__crt_unique_heap_ptr@U?$__crt_report_hook_node@_W@@U__crt_internal_free_policy@@@@QAE@XZ 10077cd0 f i libucrtd:dbgrpt.obj
 0002:00027cf0       ??B?$__crt_unique_heap_ptr@U?$__crt_report_hook_node@D@@U__crt_internal_free_policy@@@@QBE_NXZ 10077cf0 f i libucrtd:dbgrpt.obj
 0002:00027d10       ??B?$__crt_unique_heap_ptr@U?$__crt_report_hook_node@_W@@U__crt_internal_free_policy@@@@QBE_NXZ 10077d10 f i libucrtd:dbgrpt.obj
 0002:000283b0       ?detach@?$__crt_unique_heap_ptr@U?$__crt_report_hook_node@D@@U__crt_internal_free_policy@@@@QAEPAU?$__crt_report_hook_node@D@@XZ 100783b0 f i libucrtd:dbgrpt.obj
 0002:000283e0       ?detach@?$__crt_unique_heap_ptr@U?$__crt_report_hook_node@_W@@U__crt_internal_free_policy@@@@QAEPAU?$__crt_report_hook_node@_W@@XZ 100783e0 f i libucrtd:dbgrpt.obj
 0002:00028410       ?get@?$__crt_unique_heap_ptr@U?$__crt_report_hook_node@D@@U__crt_internal_free_policy@@@@QBEPAU?$__crt_report_hook_node@D@@XZ 10078410 f i libucrtd:dbgrpt.obj
 0002:00028430       ?get@?$__crt_unique_heap_ptr@U?$__crt_report_hook_node@_W@@U__crt_internal_free_policy@@@@QBEPAU?$__crt_report_hook_node@_W@@XZ 10078430 f i libucrtd:dbgrpt.obj
 0002:000284b0       ?is_valid@?$__crt_unique_heap_ptr@U?$__crt_report_hook_node@D@@U__crt_internal_free_policy@@@@QBE_NXZ 100784b0 f i libucrtd:dbgrpt.obj
 0002:000284f0       ?is_valid@?$__crt_unique_heap_ptr@U?$__crt_report_hook_node@_W@@U__crt_internal_free_policy@@@@QBE_NXZ 100784f0 f i libucrtd:dbgrpt.obj
 0002:00028530       ?release@?$__crt_unique_heap_ptr@U?$__crt_report_hook_node@D@@U__crt_internal_free_policy@@@@QAEXXZ 10078530 f i libucrtd:dbgrpt.obj
 0002:00028560       ?release@?$__crt_unique_heap_ptr@U?$__crt_report_hook_node@_W@@U__crt_internal_free_policy@@@@QAEXXZ 10078560 f i libucrtd:dbgrpt.obj
 0002:00028590       __CrtDbgReport             10078590 f   libucrtd:dbgrpt.obj
 0002:000285f0       __CrtDbgReportW            100785f0 f   libucrtd:dbgrpt.obj
 0002:00028650       __CrtSetReportHook2        10078650 f   libucrtd:dbgrpt.obj
 0002:00028670       __CrtSetReportHookW2       10078670 f   libucrtd:dbgrpt.obj
 0002:00028690       ___acrt_MessageWindowA     10078690 f   libucrtd:dbgrpt.obj
 0002:000286c0       ___acrt_MessageWindowW     100786c0 f   libucrtd:dbgrpt.obj
 0002:000286f0       __invoke_watson_if_error   100786f0 f i libucrtd:dbgrpt.obj
 0002:00028730       __invoke_watson_if_oneof   10078730 f i libucrtd:dbgrpt.obj
 0002:00028780       __snwprintf_s              10078780 f i libucrtd:dbgrpt.obj
 0002:000287d0       __vsnwprintf_s_l           100787d0 f i libucrtd:dbgrpt.obj
 0002:00028840       __initterm                 10078840 f   libucrtd:initterm.obj
 0002:000288a0       __initterm_e               100788a0 f   libucrtd:initterm.obj
 0002:00028ce0       _strcpy_s                  10078ce0 f   libucrtd:strcpy_s.obj
 0002:00029220       _strcat_s                  10079220 f   libucrtd:strcat_s.obj
 0002:00029250       ??$?0ABV?$stream_output_adapter@D@__crt_stdio_output@@AB_KABQBDABQAU__crt_locale_pointers@@ABQAD@?$format_validation_base@DV?$stream_output_adapter@D@__crt_stdio_output@@@__crt_stdio_output@@IAE@ABV?$stream_output_adapter@D@1@AB_KABQBDABQAU__crt_locale_pointers@@ABQAD@Z 10079250 f i libucrtd:output.obj
 0002:00029290       ??$?0ABV?$stream_output_adapter@D@__crt_stdio_output@@AB_KABQBDABQAU__crt_locale_pointers@@ABQAD@?$positional_parameter_base@DV?$stream_output_adapter@D@__crt_stdio_output@@@__crt_stdio_output@@IAE@ABV?$stream_output_adapter@D@1@AB_KABQBDABQAU__crt_locale_pointers@@ABQAD@Z 10079290 f i libucrtd:output.obj
 0002:00029320       ??$?0ABV?$stream_output_adapter@D@__crt_stdio_output@@AB_KABQBDABQAU__crt_locale_pointers@@ABQAD@?$standard_base@DV?$stream_output_adapter@D@__crt_stdio_output@@@__crt_stdio_output@@IAE@ABV?$stream_output_adapter@D@1@AB_KABQBDABQAU__crt_locale_pointers@@ABQAD@Z 10079320 f i libucrtd:output.obj
 0002:00029380       ??$?0ABV?$stream_output_adapter@_W@__crt_stdio_output@@AB_KABQB_WABQAU__crt_locale_pointers@@ABQAD@?$format_validation_base@_WV?$stream_output_adapter@_W@__crt_stdio_output@@@__crt_stdio_output@@IAE@ABV?$stream_output_adapter@_W@1@AB_KABQB_WABQAU__crt_locale_pointers@@ABQAD@Z 10079380 f i libucrtd:output.obj
 0002:000293c0       ??$?0ABV?$stream_output_adapter@_W@__crt_stdio_output@@AB_KABQB_WABQAU__crt_locale_pointers@@ABQAD@?$positional_parameter_base@_WV?$stream_output_adapter@_W@__crt_stdio_output@@@__crt_stdio_output@@IAE@ABV?$stream_output_adapter@_W@1@AB_KABQB_WABQAU__crt_locale_pointers@@ABQAD@Z 100793c0 f i libucrtd:output.obj
 0002:00029450       ??$?0ABV?$stream_output_adapter@_W@__crt_stdio_output@@AB_KABQB_WABQAU__crt_locale_pointers@@ABQAD@?$standard_base@_WV?$stream_output_adapter@_W@__crt_stdio_output@@@__crt_stdio_output@@IAE@ABV?$stream_output_adapter@_W@1@AB_KABQB_WABQAU__crt_locale_pointers@@ABQAD@Z 10079450 f i libucrtd:output.obj
 0002:000294b0       ??$?0ABV?$string_output_adapter@D@__crt_stdio_output@@AB_KABQBDABQAU__crt_locale_pointers@@ABQAD@?$format_validation_base@DV?$string_output_adapter@D@__crt_stdio_output@@@__crt_stdio_output@@IAE@ABV?$string_output_adapter@D@1@AB_KABQBDABQAU__crt_locale_pointers@@ABQAD@Z 100794b0 f i libucrtd:output.obj
 0002:000294f0       ??$?0ABV?$string_output_adapter@D@__crt_stdio_output@@AB_KABQBDABQAU__crt_locale_pointers@@ABQAD@?$positional_parameter_base@DV?$string_output_adapter@D@__crt_stdio_output@@@__crt_stdio_output@@IAE@ABV?$string_output_adapter@D@1@AB_KABQBDABQAU__crt_locale_pointers@@ABQAD@Z 100794f0 f i libucrtd:output.obj
 0002:00029580       ??$?0ABV?$string_output_adapter@D@__crt_stdio_output@@AB_KABQBDABQAU__crt_locale_pointers@@ABQAD@?$standard_base@DV?$string_output_adapter@D@__crt_stdio_output@@@__crt_stdio_output@@IAE@ABV?$string_output_adapter@D@1@AB_KABQBDABQAU__crt_locale_pointers@@ABQAD@Z 10079580 f i libucrtd:output.obj
 0002:000295e0       ??$?0ABV?$string_output_adapter@_W@__crt_stdio_output@@AB_KABQB_WABQAU__crt_locale_pointers@@ABQAD@?$format_validation_base@_WV?$string_output_adapter@_W@__crt_stdio_output@@@__crt_stdio_output@@IAE@ABV?$string_output_adapter@_W@1@AB_KABQB_WABQAU__crt_locale_pointers@@ABQAD@Z 100795e0 f i libucrtd:output.obj
 0002:00029620       ??$?0ABV?$string_output_adapter@_W@__crt_stdio_output@@AB_KABQB_WABQAU__crt_locale_pointers@@ABQAD@?$positional_parameter_base@_WV?$string_output_adapter@_W@__crt_stdio_output@@@__crt_stdio_output@@IAE@ABV?$string_output_adapter@_W@1@AB_KABQB_WABQAU__crt_locale_pointers@@ABQAD@Z 10079620 f i libucrtd:output.obj
 0002:000296b0       ??$?0ABV?$string_output_adapter@_W@__crt_stdio_output@@AB_KABQB_WABQAU__crt_locale_pointers@@ABQAD@?$standard_base@_WV?$string_output_adapter@_W@__crt_stdio_output@@@__crt_stdio_output@@IAE@ABV?$string_output_adapter@_W@1@AB_KABQB_WABQAU__crt_locale_pointers@@ABQAD@Z 100796b0 f i libucrtd:output.obj
 0002:00029cb0       ??$__crt_interlocked_read@J@@YAJPDJ@Z 10079cb0 f i libucrtd:output.obj
 0002:0002d550       ??$count@D@formatting_buffer@__crt_stdio_output@@QBEIXZ 1007d550 f i libucrtd:output.obj
 0002:0002d5a0       ??$count@_W@formatting_buffer@__crt_stdio_output@@QBEIXZ 1007d5a0 f i libucrtd:output.obj
 0002:0002d5f0       ??$data@D@formatting_buffer@__crt_stdio_output@@QAEPADXZ 1007d5f0 f i libucrtd:output.obj
 0002:0002d640       ??$data@_W@formatting_buffer@__crt_stdio_output@@QAEPA_WXZ 1007d640 f i libucrtd:output.obj
 0002:0002d690       ??$ensure_buffer_is_big_enough@D@formatting_buffer@__crt_stdio_output@@QAE_NI@Z 1007d690 f i libucrtd:output.obj
 0002:0002d7b0       ??$ensure_buffer_is_big_enough@_W@formatting_buffer@__crt_stdio_output@@QAE_NI@Z 1007d7b0 f i libucrtd:output.obj
 0002:0002d8d0       ??$extract_argument_from_va_list@C_J@?$positional_parameter_base@DV?$stream_output_adapter@D@__crt_stdio_output@@@__crt_stdio_output@@IAE_NAA_J@Z 1007d8d0 f i libucrtd:output.obj
 0002:0002da50       ??$extract_argument_from_va_list@C_J@?$positional_parameter_base@DV?$string_output_adapter@D@__crt_stdio_output@@@__crt_stdio_output@@IAE_NAA_J@Z 1007da50 f i libucrtd:output.obj
 0002:0002dbd0       ??$extract_argument_from_va_list@C_J@?$positional_parameter_base@_WV?$stream_output_adapter@_W@__crt_stdio_output@@@__crt_stdio_output@@IAE_NAA_J@Z 1007dbd0 f i libucrtd:output.obj
 0002:0002dd50       ??$extract_argument_from_va_list@C_J@?$positional_parameter_base@_WV?$string_output_adapter@_W@__crt_stdio_output@@@__crt_stdio_output@@IAE_NAA_J@Z 1007dd50 f i libucrtd:output.obj
 0002:0002ded0       ??$extract_argument_from_va_list@C_J@?$standard_base@DV?$stream_output_adapter@D@__crt_stdio_output@@@__crt_stdio_output@@IAE_NAA_J@Z 1007ded0 f i libucrtd:output.obj
 0002:0002df10       ??$extract_argument_from_va_list@C_J@?$standard_base@DV?$string_output_adapter@D@__crt_stdio_output@@@__crt_stdio_output@@IAE_NAA_J@Z 1007df10 f i libucrtd:output.obj
 0002:0002df50       ??$extract_argument_from_va_list@C_J@?$standard_base@_WV?$stream_output_adapter@_W@__crt_stdio_output@@@__crt_stdio_output@@IAE_NAA_J@Z 1007df50 f i libucrtd:output.obj
 0002:0002df90       ??$extract_argument_from_va_list@C_J@?$standard_base@_WV?$string_output_adapter@_W@__crt_stdio_output@@@__crt_stdio_output@@IAE_NAA_J@Z 1007df90 f i libucrtd:output.obj
 0002:0002dfd0       ??$extract_argument_from_va_list@E_J@?$positional_parameter_base@DV?$stream_output_adapter@D@__crt_stdio_output@@@__crt_stdio_output@@IAE_NAA_J@Z 1007dfd0 f i libucrtd:output.obj
 0002:0002e150       ??$extract_argument_from_va_list@E_J@?$positional_parameter_base@DV?$string_output_adapter@D@__crt_stdio_output@@@__crt_stdio_output@@IAE_NAA_J@Z 1007e150 f i libucrtd:output.obj
 0002:0002e2d0       ??$extract_argument_from_va_list@E_J@?$positional_parameter_base@_WV?$stream_output_adapter@_W@__crt_stdio_output@@@__crt_stdio_output@@IAE_NAA_J@Z 1007e2d0 f i libucrtd:output.obj
 0002:0002e450       ??$extract_argument_from_va_list@E_J@?$positional_parameter_base@_WV?$string_output_adapter@_W@__crt_stdio_output@@@__crt_stdio_output@@IAE_NAA_J@Z 1007e450 f i libucrtd:output.obj
 0002:0002e5d0       ??$extract_argument_from_va_list@E_J@?$standard_base@DV?$stream_output_adapter@D@__crt_stdio_output@@@__crt_stdio_output@@IAE_NAA_J@Z 1007e5d0 f i libucrtd:output.obj
 0002:0002e610       ??$extract_argument_from_va_list@E_J@?$standard_base@DV?$string_output_adapter@D@__crt_stdio_output@@@__crt_stdio_output@@IAE_NAA_J@Z 1007e610 f i libucrtd:output.obj
 0002:0002e650       ??$extract_argument_from_va_list@E_J@?$standard_base@_WV?$stream_output_adapter@_W@__crt_stdio_output@@@__crt_stdio_output@@IAE_NAA_J@Z 1007e650 f i libucrtd:output.obj
 0002:0002e690       ??$extract_argument_from_va_list@E_J@?$standard_base@_WV?$string_output_adapter@_W@__crt_stdio_output@@@__crt_stdio_output@@IAE_NAA_J@Z 1007e690 f i libucrtd:output.obj
 0002:0002e6d0       ??$extract_argument_from_va_list@F_J@?$positional_parameter_base@DV?$stream_output_adapter@D@__crt_stdio_output@@@__crt_stdio_output@@IAE_NAA_J@Z 1007e6d0 f i libucrtd:output.obj
 0002:0002e850       ??$extract_argument_from_va_list@F_J@?$positional_parameter_base@DV?$string_output_adapter@D@__crt_stdio_output@@@__crt_stdio_output@@IAE_NAA_J@Z 1007e850 f i libucrtd:output.obj
 0002:0002e9d0       ??$extract_argument_from_va_list@F_J@?$positional_parameter_base@_WV?$stream_output_adapter@_W@__crt_stdio_output@@@__crt_stdio_output@@IAE_NAA_J@Z 1007e9d0 f i libucrtd:output.obj
 0002:0002eb50       ??$extract_argument_from_va_list@F_J@?$positional_parameter_base@_WV?$string_output_adapter@_W@__crt_stdio_output@@@__crt_stdio_output@@IAE_NAA_J@Z 1007eb50 f i libucrtd:output.obj
 0002:0002ecd0       ??$extract_argument_from_va_list@F_J@?$standard_base@DV?$stream_output_adapter@D@__crt_stdio_output@@@__crt_stdio_output@@IAE_NAA_J@Z 1007ecd0 f i libucrtd:output.obj
 0002:0002ed10       ??$extract_argument_from_va_list@F_J@?$standard_base@DV?$string_output_adapter@D@__crt_stdio_output@@@__crt_stdio_output@@IAE_NAA_J@Z 1007ed10 f i libucrtd:output.obj
 0002:0002ed50       ??$extract_argument_from_va_list@F_J@?$standard_base@_WV?$stream_output_adapter@_W@__crt_stdio_output@@@__crt_stdio_output@@IAE_NAA_J@Z 1007ed50 f i libucrtd:output.obj
 0002:0002ed90       ??$extract_argument_from_va_list@F_J@?$standard_base@_WV?$string_output_adapter@_W@__crt_stdio_output@@@__crt_stdio_output@@IAE_NAA_J@Z 1007ed90 f i libucrtd:output.obj
 0002:0002edd0       ??$extract_argument_from_va_list@GD@?$positional_parameter_base@DV?$stream_output_adapter@D@__crt_stdio_output@@@__crt_stdio_output@@IAE_NAAD@Z 1007edd0 f i libucrtd:output.obj
 0002:0002ef50       ??$extract_argument_from_va_list@GD@?$positional_parameter_base@DV?$string_output_adapter@D@__crt_stdio_output@@@__crt_stdio_output@@IAE_NAAD@Z 1007ef50 f i libucrtd:output.obj
 0002:0002f0d0       ??$extract_argument_from_va_list@GD@?$standard_base@DV?$stream_output_adapter@D@__crt_stdio_output@@@__crt_stdio_output@@IAE_NAAD@Z 1007f0d0 f i libucrtd:output.obj
 0002:0002f100       ??$extract_argument_from_va_list@GD@?$standard_base@DV?$string_output_adapter@D@__crt_stdio_output@@@__crt_stdio_output@@IAE_NAAD@Z 1007f100 f i libucrtd:output.obj
 0002:0002f130       ??$extract_argument_from_va_list@G_J@?$positional_parameter_base@DV?$stream_output_adapter@D@__crt_stdio_output@@@__crt_stdio_output@@IAE_NAA_J@Z 1007f130 f i libucrtd:output.obj
 0002:0002f2b0       ??$extract_argument_from_va_list@G_J@?$positional_parameter_base@DV?$string_output_adapter@D@__crt_stdio_output@@@__crt_stdio_output@@IAE_NAA_J@Z 1007f2b0 f i libucrtd:output.obj
 0002:0002f430       ??$extract_argument_from_va_list@G_J@?$positional_parameter_base@_WV?$stream_output_adapter@_W@__crt_stdio_output@@@__crt_stdio_output@@IAE_NAA_J@Z 1007f430 f i libucrtd:output.obj
 0002:0002f5b0       ??$extract_argument_from_va_list@G_J@?$positional_parameter_base@_WV?$string_output_adapter@_W@__crt_stdio_output@@@__crt_stdio_output@@IAE_NAA_J@Z 1007f5b0 f i libucrtd:output.obj
 0002:0002f730       ??$extract_argument_from_va_list@G_J@?$standard_base@DV?$stream_output_adapter@D@__crt_stdio_output@@@__crt_stdio_output@@IAE_NAA_J@Z 1007f730 f i libucrtd:output.obj
 0002:0002f770       ??$extract_argument_from_va_list@G_J@?$standard_base@DV?$string_output_adapter@D@__crt_stdio_output@@@__crt_stdio_output@@IAE_NAA_J@Z 1007f770 f i libucrtd:output.obj
 0002:0002f7b0       ??$extract_argument_from_va_list@G_J@?$standard_base@_WV?$stream_output_adapter@_W@__crt_stdio_output@@@__crt_stdio_output@@IAE_NAA_J@Z 1007f7b0 f i libucrtd:output.obj
 0002:0002f7f0       ??$extract_argument_from_va_list@G_J@?$standard_base@_WV?$string_output_adapter@_W@__crt_stdio_output@@@__crt_stdio_output@@IAE_NAA_J@Z 1007f7f0 f i libucrtd:output.obj
 0002:0002f830       ??$extract_argument_from_va_list@H_J@?$positional_parameter_base@DV?$stream_output_adapter@D@__crt_stdio_output@@@__crt_stdio_output@@IAE_NAA_J@Z 1007f830 f i libucrtd:output.obj
 0002:0002f9b0       ??$extract_argument_from_va_list@H_J@?$positional_parameter_base@DV?$string_output_adapter@D@__crt_stdio_output@@@__crt_stdio_output@@IAE_NAA_J@Z 1007f9b0 f i libucrtd:output.obj
 0002:0002fb30       ??$extract_argument_from_va_list@H_J@?$positional_parameter_base@_WV?$stream_output_adapter@_W@__crt_stdio_output@@@__crt_stdio_output@@IAE_NAA_J@Z 1007fb30 f i libucrtd:output.obj
 0002:0002fcb0       ??$extract_argument_from_va_list@H_J@?$positional_parameter_base@_WV?$string_output_adapter@_W@__crt_stdio_output@@@__crt_stdio_output@@IAE_NAA_J@Z 1007fcb0 f i libucrtd:output.obj
 0002:0002fe30       ??$extract_argument_from_va_list@H_J@?$standard_base@DV?$stream_output_adapter@D@__crt_stdio_output@@@__crt_stdio_output@@IAE_NAA_J@Z 1007fe30 f i libucrtd:output.obj
 0002:0002fe70       ??$extract_argument_from_va_list@H_J@?$standard_base@DV?$string_output_adapter@D@__crt_stdio_output@@@__crt_stdio_output@@IAE_NAA_J@Z 1007fe70 f i libucrtd:output.obj
 0002:0002feb0       ??$extract_argument_from_va_list@H_J@?$standard_base@_WV?$stream_output_adapter@_W@__crt_stdio_output@@@__crt_stdio_output@@IAE_NAA_J@Z 1007feb0 f i libucrtd:output.obj
 0002:0002fef0       ??$extract_argument_from_va_list@H_J@?$standard_base@_WV?$string_output_adapter@_W@__crt_stdio_output@@@__crt_stdio_output@@IAE_NAA_J@Z 1007fef0 f i libucrtd:output.obj
 0002:0002ff30       ??$extract_argument_from_va_list@I_J@?$positional_parameter_base@DV?$stream_output_adapter@D@__crt_stdio_output@@@__crt_stdio_output@@IAE_NAA_J@Z 1007ff30 f i libucrtd:output.obj
 0002:000300b0       ??$extract_argument_from_va_list@I_J@?$positional_parameter_base@DV?$string_output_adapter@D@__crt_stdio_output@@@__crt_stdio_output@@IAE_NAA_J@Z 100800b0 f i libucrtd:output.obj
 0002:00030230       ??$extract_argument_from_va_list@I_J@?$positional_parameter_base@_WV?$stream_output_adapter@_W@__crt_stdio_output@@@__crt_stdio_output@@IAE_NAA_J@Z 10080230 f i libucrtd:output.obj
 0002:000303b0       ??$extract_argument_from_va_list@I_J@?$positional_parameter_base@_WV?$string_output_adapter@_W@__crt_stdio_output@@@__crt_stdio_output@@IAE_NAA_J@Z 100803b0 f i libucrtd:output.obj
 0002:00030530       ??$extract_argument_from_va_list@I_J@?$standard_base@DV?$stream_output_adapter@D@__crt_stdio_output@@@__crt_stdio_output@@IAE_NAA_J@Z 10080530 f i libucrtd:output.obj
 0002:00030570       ??$extract_argument_from_va_list@I_J@?$standard_base@DV?$string_output_adapter@D@__crt_stdio_output@@@__crt_stdio_output@@IAE_NAA_J@Z 10080570 f i libucrtd:output.obj
 0002:000305b0       ??$extract_argument_from_va_list@I_J@?$standard_base@_WV?$stream_output_adapter@_W@__crt_stdio_output@@@__crt_stdio_output@@IAE_NAA_J@Z 100805b0 f i libucrtd:output.obj
 0002:000305f0       ??$extract_argument_from_va_list@I_J@?$standard_base@_WV?$string_output_adapter@_W@__crt_stdio_output@@@__crt_stdio_output@@IAE_NAA_J@Z 100805f0 f i libucrtd:output.obj
 0002:00030630       ??$extract_argument_from_va_list@PADPAD@?$positional_parameter_base@DV?$stream_output_adapter@D@__crt_stdio_output@@@__crt_stdio_output@@IAE_NAAPAD@Z 10080630 f i libucrtd:output.obj
 0002:000307b0       ??$extract_argument_from_va_list@PADPAD@?$positional_parameter_base@DV?$string_output_adapter@D@__crt_stdio_output@@@__crt_stdio_output@@IAE_NAAPAD@Z 100807b0 f i libucrtd:output.obj
 0002:00030930       ??$extract_argument_from_va_list@PADPAD@?$positional_parameter_base@_WV?$stream_output_adapter@_W@__crt_stdio_output@@@__crt_stdio_output@@IAE_NAAPAD@Z 10080930 f i libucrtd:output.obj
 0002:00030ab0       ??$extract_argument_from_va_list@PADPAD@?$positional_parameter_base@_WV?$string_output_adapter@_W@__crt_stdio_output@@@__crt_stdio_output@@IAE_NAAPAD@Z 10080ab0 f i libucrtd:output.obj
 0002:00030c30       ??$extract_argument_from_va_list@PADPAD@?$standard_base@DV?$stream_output_adapter@D@__crt_stdio_output@@@__crt_stdio_output@@IAE_NAAPAD@Z 10080c30 f i libucrtd:output.obj
 0002:00030c60       ??$extract_argument_from_va_list@PADPAD@?$standard_base@DV?$string_output_adapter@D@__crt_stdio_output@@@__crt_stdio_output@@IAE_NAAPAD@Z 10080c60 f i libucrtd:output.obj
 0002:00030c90       ??$extract_argument_from_va_list@PADPAD@?$standard_base@_WV?$stream_output_adapter@_W@__crt_stdio_output@@@__crt_stdio_output@@IAE_NAAPAD@Z 10080c90 f i libucrtd:output.obj
 0002:00030cc0       ??$extract_argument_from_va_list@PADPAD@?$standard_base@_WV?$string_output_adapter@_W@__crt_stdio_output@@@__crt_stdio_output@@IAE_NAAPAD@Z 10080cc0 f i libucrtd:output.obj
 0002:00031530       ??$extract_argument_from_va_list@PAXPAX@?$positional_parameter_base@DV?$stream_output_adapter@D@__crt_stdio_output@@@__crt_stdio_output@@IAE_NAAPAX@Z 10081530 f i libucrtd:output.obj
 0002:000316b0       ??$extract_argument_from_va_list@PAXPAX@?$positional_parameter_base@DV?$string_output_adapter@D@__crt_stdio_output@@@__crt_stdio_output@@IAE_NAAPAX@Z 100816b0 f i libucrtd:output.obj
 0002:00031830       ??$extract_argument_from_va_list@PAXPAX@?$positional_parameter_base@_WV?$stream_output_adapter@_W@__crt_stdio_output@@@__crt_stdio_output@@IAE_NAAPAX@Z 10081830 f i libucrtd:output.obj
 0002:000319b0       ??$extract_argument_from_va_list@PAXPAX@?$positional_parameter_base@_WV?$string_output_adapter@_W@__crt_stdio_output@@@__crt_stdio_output@@IAE_NAAPAX@Z 100819b0 f i libucrtd:output.obj
 0002:00031b30       ??$extract_argument_from_va_list@PAXPAX@?$standard_base@DV?$stream_output_adapter@D@__crt_stdio_output@@@__crt_stdio_output@@IAE_NAAPAX@Z 10081b30 f i libucrtd:output.obj
 0002:00031b60       ??$extract_argument_from_va_list@PAXPAX@?$standard_base@DV?$string_output_adapter@D@__crt_stdio_output@@@__crt_stdio_output@@IAE_NAAPAX@Z 10081b60 f i libucrtd:output.obj
 0002:00031b90       ??$extract_argument_from_va_list@PAXPAX@?$standard_base@_WV?$stream_output_adapter@_W@__crt_stdio_output@@@__crt_stdio_output@@IAE_NAAPAX@Z 10081b90 f i libucrtd:output.obj
[...]
 0003:00025540       __sehtable$___acrt_update_thread_locale_data 1011e540     libucrtd:locale_refcounting.obj
 0003:00025560       __sehtable$__fcloseall     1011e560     libucrtd:closeall.obj
 0003:00025580       __sehtable$??$?RV<lambda_2866be3712abc81a800a822484c830d8>@@AAV<lambda_39ca0ed439415581b5b15c265174cece>@@V<lambda_2b24c74d71094a6cd0cb82e44167d71b>@@@?$__crt_seh_guarded_call@X@@QAEX$$QAV<lambda_2866be3712abc81a800a822484c830d8>@@AAV<lambda_39ca0ed439415581b5b15c265174cece>@@$$QAV<lambda_2b24c74d71094a6cd0cb82e44167d71b>@@@Z 1011e580     libucrtd:fflush.obj
 0003:000255a0       __sehtable$??$?RV<lambda_2cc53f568c5a2bb6f192f930a45d44ea>@@AAV<lambda_ab61a845afdef5b7c387490eaf3616ee>@@V<lambda_c2ffc0b7726aa6be21d5f0026187e748>@@@?$__crt_seh_guarded_call@X@@QAEX$$QAV<lambda_2cc53f568c5a2bb6f192f930a45d44ea>@@AAV<lambda_ab61a845afdef5b7c387490eaf3616ee>@@$$QAV<lambda_c2ffc0b7726aa6be21d5f0026187e748>@@@Z 1011e5a0     libucrtd:fflush.obj
 0003:000255c0       __sehtable$??$?RV<lambda_6d20deecaf4856105ebacbad442d1079>@@AAV<lambda_9a32fed5bf61b6b509b2d3f6003082a1>@@V<lambda_63ea2239ed67c638ddbae41947fdf875>@@@?$__crt_seh_guarded_call@H@@QAEH$$QAV<lambda_6d20deecaf4856105ebacbad442d1079>@@AAV<lambda_9a32fed5bf61b6b509b2d3f6003082a1>@@$$QAV<lambda_63ea2239ed67c638ddbae41947fdf875>@@@Z 1011e5c0     libucrtd:fflush.obj
 0003:000255e0       __sehtable$__open_osfhandle 1011e5e0     libucrtd:osfinfo.obj
 0003:00025600       __sehtable$__alloc_osfhnd  1011e600     libucrtd:osfinfo.obj
 0003:00025620       __sehtable$___acrt_lowio_ensure_fh_exists 1011e620     libucrtd:osfinfo.obj
 0003:00025640       __unwindtable$?shortsort@@YAXPAD0IP6AHPBX1@Z@Z 1011e640     libucrtd:qsort.obj
 0003:00025648       __ehfuncinfo$?shortsort@@YAXPAD0IP6AHPBX1@Z@Z 1011e648     libucrtd:qsort.obj
 0003:00025670       __unwindtable$?_wcrtomb_s_l@@YAHQAHQADI_WQAU_Mbstatet@@QAU__crt_locale_pointers@@@Z 1011e670     libucrtd:wcrtomb.obj
 0003:00025678       __ehfuncinfo$?_wcrtomb_s_l@@YAHQAHQADI_WQAU_Mbstatet@@QAU__crt_locale_pointers@@@Z 1011e678     libucrtd:wcrtomb.obj
 0003:000256a0       __sehtable$__write         1011e6a0     libucrtd:write.obj
 0003:000256c0       __sehtable$??$common_lseek@J@@YAJHJH@Z 1011e6c0     libucrtd:lseek.obj
 0003:000256e0       __sehtable$??$common_lseek@_J@@YA_JH_JH@Z 1011e6e0     libucrtd:lseek.obj
 0003:00025700       __sehtable$_fclose         1011e700     libucrtd:fclose.obj
 0003:00025720       __sehtable$??$?RV<lambda_73934b50d04267ee15484ada9e51f93a>@@AAV<lambda_5533cddd4bda0037814beee657757329>@@V<lambda_505f522a38cc75b1e009910344c75d09>@@@?$__crt_seh_guarded_call@H@@QAEH$$QAV<lambda_73934b50d04267ee15484ada9e51f93a>@@AAV<lambda_5533cddd4bda0037814beee657757329>@@$$QAV<lambda_505f522a38cc75b1e009910344c75d09>@@@Z 1011e720     libucrtd:commit.obj
 0003:00025740       __sehtable$??$?RV<lambda_f828341fbe69b7c0d4c527b01f22877f>@@AAV<lambda_9e0b6ab72a5b3ae37ad997d08b519f50>@@V<lambda_f01deac0a8d65d6e0411edf7e0af5775>@@@?$__crt_seh_guarded_call@G@@QAEG$$QAV<lambda_f828341fbe69b7c0d4c527b01f22877f>@@AAV<lambda_9e0b6ab72a5b3ae37ad997d08b519f50>@@$$QAV<lambda_f01deac0a8d65d6e0411edf7e0af5775>@@@Z 1011e740     libucrtd:putwch.obj
 0003:00025760       __sehtable$__read          1011e760     libucrtd:read.obj
 0003:00025780       __sehtable$??$?RV<lambda_e683defbe2e5a27c42b5544acbb13393>@@AAV<lambda_4e7105787b7b0e0227fbf2b2d883fa65>@@V<lambda_80a887151cae997482d53eaa74bb832b>@@@?$__crt_seh_guarded_call@H@@QAEH$$QAV<lambda_e683defbe2e5a27c42b5544acbb13393>@@AAV<lambda_4e7105787b7b0e0227fbf2b2d883fa65>@@$$QAV<lambda_80a887151cae997482d53eaa74bb832b>@@@Z 1011e780     libucrtd:close.obj
 0003:000257a0       __sehtable$?__acrt_stdio_allocate_stream@@YA?AV__crt_stdio_stream@@XZ 1011e7a0     libucrtd:stream.obj
 0003:000257c0       __sehtable$___set_fpsr_sse2 1011e7c0     libucrtd:fpctrl.obj
 0003:000257e0       __sehtable$__IsNonwritableInCurrentImage 1011e7e0     LIBCMTD:pesect.obj
 0003:00025a90       .edata                     1011ea90     niii.exp
 0003:00025ab8       rgpv                       1011eab8     niii.exp
 0003:00025aec       rgszName                   1011eaec     niii.exp
 0003:00025b20       rgwOrd                     1011eb20     niii.exp
 0003:00025b3a       szName                     1011eb3a     niii.exp
 0003:00025b43       $N00001                    1011eb43     niii.exp
 0003:00025b62       $N00002                    1011eb62     niii.exp
 0003:00025b74       $N00003                    1011eb74     niii.exp
 0003:00025b83       $N00004                    1011eb83     niii.exp
 0003:00025b9e       $N00005                    1011eb9e     niii.exp
 0003:00025bae       $N00006                    1011ebae     niii.exp
 0003:00025bc2       $N00007                    1011ebc2     niii.exp
 0003:00025bd2       $N00008                    1011ebd2     niii.exp
 0003:00025be2       $N00009                    1011ebe2     niii.exp
 0003:00025bf4       $N00010                    1011ebf4     niii.exp
 0003:00025c0c       $N00011                    1011ec0c     niii.exp
 0003:00025c26       $N00012                    1011ec26     niii.exp
 0003:00025c3e       $N00013                    1011ec3e     niii.exp
 0004:00000004       _charm_tls_idx             1011f004     charmmod.obj
 0004:0000001c       ?tls_idx@@3HA              1011f01c     niii.obj
 0004:00000020       ?tls_for_trace_idx@@3HA    1011f020     niii.obj
 0004:000000d0       ?__vcrt_flsindex@@3KA      1011f0d0     libvcruntimed:per_thread_data.obj
 0004:00000100       ?__acrt_current_request_number@@3JA 1011f100     libucrtd:debug_heap.obj
 0004:00000138       ?errno_no_memory@@3HA      1011f138     libucrtd:errno.obj
 0004:0000013c       ?doserrno_no_memory@@3KA   1011f13c     libucrtd:errno.obj
 0004:00000140       ?__acrt_debug_fill_threshold@@3IA 1011f140     libucrtd:debug_fill_threshold.obj
 0004:00000144       ?__acrt_flsindex@@3KA      1011f144     libucrtd:per_thread_data.obj
 0004:00000214       __ctype_loc_style          1011f214     libucrtd:wsetlocale.obj
 0004:000005e0       __mbctypes                 1011f5e0     libucrtd:mbctype.obj
 0004:00000718       __mbcasemaps               1011f718     libucrtd:mbctype.obj
 0004:0000084c       ?__rgctypeflag@@3PADA      1011f84c     libucrtd:mbctype.obj
 0004:00000850       ?__rgcode_page_info@@3PAUcode_page_info@@A 1011f850     libucrtd:mbctype.obj
 0004:00000b30       ?__DAZ_ENABLED@?1??__set_fpsr_sse2@@9@9 1011fb30     libucrtd:fpctrl.obj
 0004:00000b34       ?__dcrt_lowio_console_output_handle@@3PAXA 1011fb34     libucrtd:initcon.obj
 0004:00000ee4       _drmodtrack_init_count     1011fee4     charmmod.obj
 0004:00000ee8       _module_table              1011fee8     charmmod.obj
 0004:00000f20       _module_load_cb            1011ff20     charmmod.obj
 0004:00000f24       _module_print_cb           1011ff24     charmmod.obj
 0004:00000f28       _module_parse_cb           1011ff28     charmmod.obj
 0004:00000f2c       _module_free_cb            1011ff2c     charmmod.obj
 0004:00000f44       ?niii_per_thread@@3_NA     1011ff44     niii.obj
 0004:00000f45       ?nudge_kills@@3_NA         1011ff45     niii.obj
 0004:00000f46       ?go_native@@3_NC           1011ff46     niii.obj
 0004:00000f48       ?verbose@@3IA              1011ff48     niii.obj
 0004:00000f4c       ?client_id@@3IA            1011ff4c     niii.obj
 0004:00000f50       ?global_data@@3PAU_MyThreadData@@A 1011ff50     niii.obj
 0004:00000f54       ?global_func_id@@3HC       1011ff54     niii.obj
 0004:00000f58       ?logdir@@3PADA             1011ff58     niii.obj
 0004:00001094       ?init@?1??_RTC_InitBase@@9@4_NA 10120094     LIBCMTD:init.obj
 0004:00001098       _GS_ExceptionRecord        10120098     LIBCMTD:gs_report.obj
 0004:000010e8       _GS_ContextRecord          101200e8     LIBCMTD:gs_report.obj
 0004:00001454       ?__proc_attached@@3HA      10120454     LIBCMTD:dll_dllmain.obj
 0004:00001464       ?_RTC_ErrorReportFunc@@3P6AHHPBDH00ZZA 10120464     LIBCMTD:userapi.obj
 0004:00001468       ?_RTC_ErrorReportFuncW@@3P6AHHPB_WH00ZZA 10120468     LIBCMTD:userapi.obj
 0004:00001494       ?is_initialized_as_dll@@3_NA 10120494     LIBCMTD:utility.obj
 0004:00001495       ?module_local_atexit_table_initialized@@3_NA 10120495     LIBCMTD:utility.obj
 0004:00001498       ?module_local_atexit_table@@3U_onexit_table_t@@A 10120498     LIBCMTD:utility.obj
 0004:000014a4       ?module_local_at_quick_exit_table@@3U_onexit_table_t@@A 101204a4     LIBCMTD:utility.obj
 0004:000014bc       ?mspdb@@3PAUHINSTANCE__@@A 101204bc     LIBCMTD:pdblkup.obj
 0004:000014c0       ?alreadyTried@?1??GetPdbDll@@YAPAUHINSTANCE__@@XZ@4_NA 101204c0     LIBCMTD:pdblkup.obj
 0004:000014c1       ?PDBOK@?1??_RTC_GetSrcLine@@YAHPAEPA_WKPAH1K@Z@4_NA 101204c1     LIBCMTD:pdblkup.obj
 0004:000014f8       ?heap@@3V_HeapManager@@A   101204f8     libvcruntimed:undname.obj
 0004:00001518       ?buf@?1??dbGetString@DName@@QBEPADXZ@4PADA 10120518     libvcruntimed:undname.obj
 0004:00001578       ?__vcrt_startup_thread_ptd@@3U__vcrt_ptd@@A 10120578     libvcruntimed:per_thread_data.obj
 0004:000015a8       ___vcrt_lock_table         101205a8     libvcruntimed:locks.obj
 0004:000015c0       ___vcrt_locks_initialized  101205c0     libvcruntimed:locks.obj
 0004:000015cc       ?module_handles@@3PAPAUHINSTANCE__@@A 101205cc     libvcruntimed:winapi_downlevel.obj
 0004:000015d8       ?encoded_function_pointers@@3PAPAXA 101205d8     libvcruntimed:winapi_downlevel.obj
 0004:000015fc       ?c_termination_complete@@3JA 101205fc     libucrtd:exit.obj
 0004:00001600       ?thread_local_exit_callback_func@@3P6GXPAXK0@ZA 10120600     libucrtd:exit.obj
 0004:00001608       ?program_name@?1???$common_configure_argv@D@@YAHW4_crt_argv_mode@@@Z@4PADA 10120608     libucrtd:argv_parsing.obj
 0004:00001748       ?program_name@?1???$common_configure_argv@_W@@YAHW4_crt_argv_mode@@@Z@4PA_WA 10120748     libucrtd:argv_parsing.obj
 0004:000019f0       ?__acrt_first_block@@3PAU_CrtMemBlockHeader@@A 101209f0     libucrtd:debug_heap.obj
 0004:000019f4       ?__acrt_last_block@@3PAU_CrtMemBlockHeader@@A 101209f4     libucrtd:debug_heap.obj
 0004:000019f8       ?__acrt_total_allocations@@3IA 101209f8     libucrtd:debug_heap.obj
 0004:000019fc       ?__acrt_current_allocations@@3IA 101209fc     libucrtd:debug_heap.obj
 0004:00001a00       ?__acrt_max_allocations@@3IA 10120a00     libucrtd:debug_heap.obj
 0004:00001a04       ?__acrt_check_frequency@@3IA 10120a04     libucrtd:debug_heap.obj
 0004:00001a08       ?__acrt_check_counter@@3IA 10120a08     libucrtd:debug_heap.obj
 0004:00001a10       ?heap_validation_pending@@3_NA 10120a10     libucrtd:debug_heap.obj
 0004:00001a14       ?__acrt_invalid_parameter_handler@@3V?$dual_state_global@P6AXPB_W00II@Z@__crt_state_management@@A 10120a14     libucrtd:invalid_parameter.obj
 0004:00001a28       ?__acrt_lock_table@@3PAU_RTL_CRITICAL_SECTION@@A 10120a28     libucrtd:locks.obj
 0004:00001b78       ?__acrt_locks_initialized@@3IA 10120b78     libucrtd:locks.obj
 0004:00001bc0       ?console_ctrl_handler_installed@@3_NA 10120bc0     libucrtd:signal.obj
 0004:00001bc4       ?ctrlc_action@@3V?$dual_state_global@P6AXH@Z@__crt_state_management@@A 10120bc4     libucrtd:signal.obj
 0004:00001bc8       ?ctrlbreak_action@@3V?$dual_state_global@P6AXH@Z@__crt_state_management@@A 10120bc8     libucrtd:signal.obj
 0004:00001bcc       ?abort_action@@3V?$dual_state_global@P6AXH@Z@__crt_state_management@@A 10120bcc     libucrtd:signal.obj
 0004:00001bd0       ?term_action@@3V?$dual_state_global@P6AXH@Z@__crt_state_management@@A 10120bd0     libucrtd:signal.obj
 0004:00001bd8       ?internal_state@?1??_mbtowc_l@@9@4U_Mbstatet@@A 10120bd8     libucrtd:mbtowc.obj
 0004:00001bf4       ?enable_percent_n@@3IA     10120bf4     libucrtd:printf_count_output.obj
 0004:00001e74       ?state_cache@?1???$get_cached_win_policy@Ubegin_thread_init_policy_properties@?1??__acrt_get_begin_thread_init_policy@@YA?AW4begin_thread_init_policy@@XZ@@@YA?AW4begin_thread_init_policy@@W4AppPolicyThreadInitializationType@@@Z@4JA 10120e74     libucrtd:win_policies.obj
 0004:00001e78       ?state_cache@?1???$get_cached_win_policy@Udeveloper_information_policy_properties@?1??__acrt_get_developer_information_policy@@YA?AW4developer_information_policy@@XZ@@@YA?AW4developer_information_policy@@W4AppPolicyShowDeveloperDiagnostic@@@Z@4JA 10120e78     libucrtd:win_policies.obj
 0004:00001e7c       ?state_cache@?1???$get_cached_win_policy@Uwindowing_model_policy_properties@?1??__acrt_get_windowing_model_policy@@YA?AW4windowing_model_policy@@XZ@@@YA?AW4windowing_model_policy@@W4AppPolicyWindowingModel@@@Z@4JA 10120e7c     libucrtd:win_policies.obj
 0004:00001e8c       ?fSystemSet@@3HA           10120e8c     libucrtd:mbctype.obj
 0004:00001e93       ?initialized@?1??__acrt_initialize_multibyte@@9@4_NA 10120e93     libucrtd:mbctype.obj
 0004:00001eb0       ?module_handles@@3PAPAUHINSTANCE__@@A 10120eb0     libucrtd:winapi_thunks.obj
 0004:00001f00       ?encoded_function_pointers@@3PAPAXA 10120f00     libucrtd:winapi_thunks.obj
 0004:00001fb4       ?static_enum_proc@?1??enum_system_locales_ex_nolock@@YAHQ6GHPA_WKJ@Z@Z@4P6GH0KJ@ZA 10120fb4     libucrtd:winapi_thunks.obj
 0004:00001fbc       ?__acrt_new_handler@@3V?$dual_state_global@P6AHI@Z@__crt_state_management@@A 10120fbc     libucrtd:new_handler.obj
 0004:00001fc0       ?user_matherr@@3V?$dual_state_global@P6AHPAU_exception@@@Z@__crt_state_management@@A 10120fc0     libucrtd:matherr.obj
 0004:00001fc4       ?__acrt_global_new_mode@@3V?$dual_state_global@J@__crt_state_management@@A 10120fc4     libucrtd:new_mode.obj
 0004:00001fc8       ?__acrt_app_type@@3W4_crt_app_type@@A 10120fc8     libucrtd:report_runtime_error.obj
 0004:00001fd0       ?outmsg@?9??__acrt_report_runtime_error@@9@4PA_WA 10120fd0     libucrtd:report_runtime_error.obj
 0004:00002734       ?mbst@?1??mbrlen@@9@4U_Mbstatet@@A 10121734     libucrtd:mbrtowc.obj
 0004:00002740       ?mbst@?1??mbrtowc@@9@4U_Mbstatet@@A 10121740     libucrtd:mbrtowc.obj
 0004:0000274c       ?mbst@?1??_mbsrtowcs_helper@@YAIPA_WPAPBDIPAU_Mbstatet@@@Z@4U2@A 1012174c     libucrtd:mbrtowc.obj
 0004:0000275c       ___acrt_error_mode         1012175c     libucrtd:set_error_mode.obj
 0004:00002760       ?local_state@?6??_wcrtomb_s_l@@YAHQAHQADI_WQAU_Mbstatet@@QAU__crt_locale_pointers@@@Z@4U2@A 10121760     libucrtd:wcrtomb.obj
 0004:0000276c       ?internal_pst@?1??__mbrtoc32_utf8@__crt_mbstring@@YAIPA_UPBDIPAU_Mbstatet@@@Z@4U3@A 1012176c     libucrtd:mbrtoc32.obj
 0004:00002778       ?internal_pst@?1??__c16rtomb_utf8@__crt_mbstring@@YAIPAD_SPAU_Mbstatet@@@Z@4U3@A 10121778     libucrtd:c16rtomb.obj
 0004:00002784       __pmatherr_set             10121784     libucrtd:libm_error.obj
 0005:000009a2       .idata$6                   101229a2     drx:drx.dll
 0005:000009b8       .idata$6                   101229b8     drreg:drreg.dll
 0005:00000b22       .idata$6                   10122b22     drmgr:drmgr.dll
 0005:00000b9c       .idata$6                   10122b9c     drwrap:drwrap.dll
 0005:000010b6       .idata$6                   101230b6     dynamorio:dynamorio.dll
 0005:0000175a       .idata$6                   1012375a     kernel32:KERNEL32.dll
 0006:00000000       __9D2556C7_ctype@h         10124000     charmmod.obj
 0006:00000001       __0ABBA0E8_basetsd@h       10124001     charmmod.obj
 0006:00000002       __F7326C70_corecrt_memcpy_s@h 10124002     charmmod.obj
 0006:00000003       __F3213CDD_corecrt_wstring@h 10124003     charmmod.obj
 0006:00000004       __331176F9_string@h        10124004     charmmod.obj
 0006:00000005       __973B7BB1_winnt@h         10124005     charmmod.obj
 0006:00000006       __22B758B7_processthreadsapi@h 10124006     charmmod.obj
 0006:00000007       __17EDD87A_memoryapi@h     10124007     charmmod.obj
 0006:00000008       __8FEE8635_winerror@h      10124008     charmmod.obj
 0006:00000009       __9C1ADC95_winbase@h       10124009     charmmod.obj
 0006:0000000a       __FAB5349D_stralign@h      1012400a     charmmod.obj
 0006:0000000b       __8C811873_dr_config@h     1012400b     charmmod.obj
 0006:0000000c       __F5A5766F_corecrt_math@h  1012400c     charmmod.obj
 0006:0000000d       __9D50F390_dr_ir_macros_x86@h 1012400d     charmmod.obj
 0006:0000000e       __51469E67_dr_annotation@h 1012400e     charmmod.obj
 0006:0000000f       __F9077513_corecrt_stdio_config@h 1012400f     charmmod.obj
 0006:00000010       __C82B8D86_corecrt_wstdio@h 10124010     charmmod.obj
 0006:00000011       __420D04F9_stdio@h         10124011     charmmod.obj
 0006:00000012       __AB3DCA72_charmmod@c      10124012     charmmod.obj
 0006:00000016       __9D2556C7_ctype@h         10124016     niii.obj
 0006:00000017       __0ABBA0E8_basetsd@h       10124017     niii.obj
 0006:00000018       __F7326C70_corecrt_memcpy_s@h 10124018     niii.obj
 0006:00000019       __EDE4648F_corecrt_memory@h 10124019     niii.obj
 0006:0000001a       __F3213CDD_corecrt_wstring@h 1012401a     niii.obj
 0006:0000001b       __331176F9_string@h        1012401b     niii.obj
 0006:0000001c       __A63981FC_guiddef@h       1012401c     niii.obj
 0006:0000001d       __973B7BB1_winnt@h         1012401d     niii.obj
 0006:0000001e       __22B758B7_processthreadsapi@h 1012401e     niii.obj
 0006:0000001f       __17EDD87A_memoryapi@h     1012401f     niii.obj
 0006:00000020       __8FEE8635_winerror@h      10124020     niii.obj
 0006:00000021       __9C1ADC95_winbase@h       10124021     niii.obj
 0006:00000022       __F4F297E2_winuser@h       10124022     niii.obj
 0006:00000023       __FAB5349D_stralign@h      10124023     niii.obj
 0006:00000024       __8C811873_dr_config@h     10124024     niii.obj
 0006:00000025       __F5A5766F_corecrt_math@h  10124025     niii.obj
 0006:00000026       __9D50F390_dr_ir_macros_x86@h 10124026     niii.obj
 0006:00000027       __51469E67_dr_annotation@h 10124027     niii.obj
 0006:00000028       __F9077513_corecrt_stdio_config@h 10124028     niii.obj
 0006:00000029       __C82B8D86_corecrt_wstdio@h 10124029     niii.obj
 0006:0000002a       __420D04F9_stdio@h         1012402a     niii.obj
 0006:0000002b       __B562E25D_stdlib@h        1012402b     niii.obj
 0006:0000002c       __5DE39627_cstdlib         1012402c     niii.obj
 0006:0000002d       __0677504E_niii@cpp        1012402d     niii.obj
 0006:00000032       __9D2556C7_ctype@h         10124032     charmtable.obj
 0006:00000033       __0ABBA0E8_basetsd@h       10124033     charmtable.obj
 0006:00000034       __F7326C70_corecrt_memcpy_s@h 10124034     charmtable.obj
 0006:00000035       __F3213CDD_corecrt_wstring@h 10124035     charmtable.obj
 0006:00000036       __331176F9_string@h        10124036     charmtable.obj
 0006:00000037       __973B7BB1_winnt@h         10124037     charmtable.obj
 0006:00000038       __22B758B7_processthreadsapi@h 10124038     charmtable.obj
 0006:00000039       __17EDD87A_memoryapi@h     10124039     charmtable.obj
 0006:0000003a       __8FEE8635_winerror@h      1012403a     charmtable.obj
 0006:0000003b       __9C1ADC95_winbase@h       1012403b     charmtable.obj
 0006:0000003c       __FAB5349D_stralign@h      1012403c     charmtable.obj
 0006:0000003d       __8C811873_dr_config@h     1012403d     charmtable.obj
 0006:0000003e       __F5A5766F_corecrt_math@h  1012403e     charmtable.obj
 0006:0000003f       __9D50F390_dr_ir_macros_x86@h 1012403f     charmtable.obj
 0006:00000040       __51469E67_dr_annotation@h 10124040     charmtable.obj
 0006:00000041       __F9077513_corecrt_stdio_config@h 10124041     charmtable.obj
 0006:00000042       __C82B8D86_corecrt_wstdio@h 10124042     charmtable.obj
 0006:00000043       __420D04F9_stdio@h         10124043     charmtable.obj
 0006:00000044       __CB9803E0_charmtable@c    10124044     charmtable.obj
 0008:00000170       $R000000                   10126170     * linker generated manifest res *
